Archive member included to satisfy reference by file (symbol)

c:/program files (x86)/stmicroelectronics/stm32cubeide_1.3.0/stm32cubeide/plugins/com.st.stm32cube.ide.mcu.externaltools.gnu-tools-for-stm32.9-2020-q2-update.win32_1.5.0.202011040924/tools/bin/../lib/gcc/arm-none-eabi/9.3.1/../../../../arm-none-eabi/lib/thumb/v7e-m+fp/hard\libc_nano.a(lib_a-assert.o)
                              grbl/settings.o (__assert_func)
c:/program files (x86)/stmicroelectronics/stm32cubeide_1.3.0/stm32cubeide/plugins/com.st.stm32cube.ide.mcu.externaltools.gnu-tools-for-stm32.9-2020-q2-update.win32_1.5.0.202011040924/tools/bin/../lib/gcc/arm-none-eabi/9.3.1/../../../../arm-none-eabi/lib/thumb/v7e-m+fp/hard\libc_nano.a(lib_a-calloc.o)
                              grbl/report.o (calloc)
c:/program files (x86)/stmicroelectronics/stm32cubeide_1.3.0/stm32cubeide/plugins/com.st.stm32cube.ide.mcu.externaltools.gnu-tools-for-stm32.9-2020-q2-update.win32_1.5.0.202011040924/tools/bin/../lib/gcc/arm-none-eabi/9.3.1/../../../../arm-none-eabi/lib/thumb/v7e-m+fp/hard\libc_nano.a(lib_a-errno.o)
                              Src/syscalls.o (__errno)
c:/program files (x86)/stmicroelectronics/stm32cubeide_1.3.0/stm32cubeide/plugins/com.st.stm32cube.ide.mcu.externaltools.gnu-tools-for-stm32.9-2020-q2-update.win32_1.5.0.202011040924/tools/bin/../lib/gcc/arm-none-eabi/9.3.1/../../../../arm-none-eabi/lib/thumb/v7e-m+fp/hard\libc_nano.a(lib_a-exit.o)
                              c:/program files (x86)/stmicroelectronics/stm32cubeide_1.3.0/stm32cubeide/plugins/com.st.stm32cube.ide.mcu.externaltools.gnu-tools-for-stm32.9-2020-q2-update.win32_1.5.0.202011040924/tools/bin/../lib/gcc/arm-none-eabi/9.3.1/../../../../arm-none-eabi/lib/thumb/v7e-m+fp/hard/crt0.o (exit)
c:/program files (x86)/stmicroelectronics/stm32cubeide_1.3.0/stm32cubeide/plugins/com.st.stm32cube.ide.mcu.externaltools.gnu-tools-for-stm32.9-2020-q2-update.win32_1.5.0.202011040924/tools/bin/../lib/gcc/arm-none-eabi/9.3.1/../../../../arm-none-eabi/lib/thumb/v7e-m+fp/hard\libc_nano.a(lib_a-fprintf.o)
                              c:/program files (x86)/stmicroelectronics/stm32cubeide_1.3.0/stm32cubeide/plugins/com.st.stm32cube.ide.mcu.externaltools.gnu-tools-for-stm32.9-2020-q2-update.win32_1.5.0.202011040924/tools/bin/../lib/gcc/arm-none-eabi/9.3.1/../../../../arm-none-eabi/lib/thumb/v7e-m+fp/hard\libc_nano.a(lib_a-assert.o) (fiprintf)
c:/program files (x86)/stmicroelectronics/stm32cubeide_1.3.0/stm32cubeide/plugins/com.st.stm32cube.ide.mcu.externaltools.gnu-tools-for-stm32.9-2020-q2-update.win32_1.5.0.202011040924/tools/bin/../lib/gcc/arm-none-eabi/9.3.1/../../../../arm-none-eabi/lib/thumb/v7e-m+fp/hard\libc_nano.a(lib_a-impure.o)
                              c:/program files (x86)/stmicroelectronics/stm32cubeide_1.3.0/stm32cubeide/plugins/com.st.stm32cube.ide.mcu.externaltools.gnu-tools-for-stm32.9-2020-q2-update.win32_1.5.0.202011040924/tools/bin/../lib/gcc/arm-none-eabi/9.3.1/../../../../arm-none-eabi/lib/thumb/v7e-m+fp/hard\libc_nano.a(lib_a-exit.o) (_global_impure_ptr)
c:/program files (x86)/stmicroelectronics/stm32cubeide_1.3.0/stm32cubeide/plugins/com.st.stm32cube.ide.mcu.externaltools.gnu-tools-for-stm32.9-2020-q2-update.win32_1.5.0.202011040924/tools/bin/../lib/gcc/arm-none-eabi/9.3.1/../../../../arm-none-eabi/lib/thumb/v7e-m+fp/hard\libc_nano.a(lib_a-init.o)
                              c:/program files (x86)/stmicroelectronics/stm32cubeide_1.3.0/stm32cubeide/plugins/com.st.stm32cube.ide.mcu.externaltools.gnu-tools-for-stm32.9-2020-q2-update.win32_1.5.0.202011040924/tools/bin/../lib/gcc/arm-none-eabi/9.3.1/../../../../arm-none-eabi/lib/thumb/v7e-m+fp/hard/crt0.o (__libc_init_array)
c:/program files (x86)/stmicroelectronics/stm32cubeide_1.3.0/stm32cubeide/plugins/com.st.stm32cube.ide.mcu.externaltools.gnu-tools-for-stm32.9-2020-q2-update.win32_1.5.0.202011040924/tools/bin/../lib/gcc/arm-none-eabi/9.3.1/../../../../arm-none-eabi/lib/thumb/v7e-m+fp/hard\libc_nano.a(lib_a-malloc.o)
                              Middlewares/ST/STM32_USB_Device_Library/Class/CDC/Src/usbd_cdc.o (malloc)
c:/program files (x86)/stmicroelectronics/stm32cubeide_1.3.0/stm32cubeide/plugins/com.st.stm32cube.ide.mcu.externaltools.gnu-tools-for-stm32.9-2020-q2-update.win32_1.5.0.202011040924/tools/bin/../lib/gcc/arm-none-eabi/9.3.1/../../../../arm-none-eabi/lib/thumb/v7e-m+fp/hard\libc_nano.a(lib_a-memcmp.o)
                              Src/flash.o (memcmp)
c:/program files (x86)/stmicroelectronics/stm32cubeide_1.3.0/stm32cubeide/plugins/com.st.stm32cube.ide.mcu.externaltools.gnu-tools-for-stm32.9-2020-q2-update.win32_1.5.0.202011040924/tools/bin/../lib/gcc/arm-none-eabi/9.3.1/../../../../arm-none-eabi/lib/thumb/v7e-m+fp/hard\libc_nano.a(lib_a-memcpy-stub.o)
                              Src/flash.o (memcpy)
[...]
Memory Configuration

Name             Origin             Length             Attributes
RAM              0x0000000020000000 0x0000000000010000 xrw
BOOT_FLASH       0x0000000008000000 0x0000000000004000 xr
EEPROM_EMUL      0x0000000008004000 0x0000000000004000 xrw
FLASH            0x0000000008008000 0x0000000000038000 xr
*default*        0x0000000000000000 0xffffffffffffffff

Linker script and memory map

LOAD c:/program files (x86)/stmicroelectronics/stm32cubeide_1.3.0/stm32cubeide/plugins/com.st.stm32cube.ide.mcu.externaltools.gnu-tools-for-stm32.9-2020-q2-update.win32_1.5.0.202011040924/tools/bin/../lib/gcc/arm-none-eabi/9.3.1/thumb/v7e-m+fp/hard/crti.o
LOAD c:/program files (x86)/stmicroelectronics/stm32cubeide_1.3.0/stm32cubeide/plugins/com.st.stm32cube.ide.mcu.externaltools.gnu-tools-for-stm32.9-2020-q2-update.win32_1.5.0.202011040924/tools/bin/../lib/gcc/arm-none-eabi/9.3.1/thumb/v7e-m+fp/hard/crtbegin.o
LOAD c:/program files (x86)/stmicroelectronics/stm32cubeide_1.3.0/stm32cubeide/plugins/com.st.stm32cube.ide.mcu.externaltools.gnu-tools-for-stm32.9-2020-q2-update.win32_1.5.0.202011040924/tools/bin/../lib/gcc/arm-none-eabi/9.3.1/../../../../arm-none-eabi/lib/thumb/v7e-m+fp/hard/crt0.o
LOAD Drivers/STM32F4xx_HAL_Driver/Src/stm32f4xx_hal.o
LOAD Drivers/STM32F4xx_HAL_Driver/Src/stm32f4xx_hal_cortex.o
LOAD Drivers/STM32F4xx_HAL_Driver/Src/stm32f4xx_hal_dma.o
LOAD Drivers/STM32F4xx_HAL_Driver/Src/stm32f4xx_hal_dma_ex.o
LOAD Drivers/STM32F4xx_HAL_Driver/Src/stm32f4xx_hal_exti.o
LOAD Drivers/STM32F4xx_HAL_Driver/Src/stm32f4xx_hal_flash.o
LOAD Drivers/STM32F4xx_HAL_Driver/Src/stm32f4xx_hal_flash_ex.o
LOAD Drivers/STM32F4xx_HAL_Driver/Src/stm32f4xx_hal_flash_ramfunc.o
LOAD Drivers/STM32F4xx_HAL_Driver/Src/stm32f4xx_hal_gpio.o
LOAD Drivers/STM32F4xx_HAL_Driver/Src/stm32f4xx_hal_i2c.o
LOAD Drivers/STM32F4xx_HAL_Driver/Src/stm32f4xx_hal_i2c_ex.o
LOAD Drivers/STM32F4xx_HAL_Driver/Src/stm32f4xx_hal_i2s.o
LOAD Drivers/STM32F4xx_HAL_Driver/Src/stm32f4xx_hal_i2s_ex.o
LOAD Drivers/STM32F4xx_HAL_Driver/Src/stm32f4xx_hal_pcd.o
LOAD Drivers/STM32F4xx_HAL_Driver/Src/stm32f4xx_hal_pcd_ex.o
LOAD Drivers/STM32F4xx_HAL_Driver/Src/stm32f4xx_hal_pwr.o
LOAD Drivers/STM32F4xx_HAL_Driver/Src/stm32f4xx_hal_pwr_ex.o
LOAD Drivers/STM32F4xx_HAL_Driver/Src/stm32f4xx_hal_rcc.o
LOAD Drivers/STM32F4xx_HAL_Driver/Src/stm32f4xx_hal_rcc_ex.o
LOAD Drivers/STM32F4xx_HAL_Driver/Src/stm32f4xx_hal_spi.o
LOAD Drivers/STM32F4xx_HAL_Driver/Src/stm32f4xx_hal_tim.o
LOAD Drivers/STM32F4xx_HAL_Driver/Src/stm32f4xx_hal_tim_ex.o
LOAD Drivers/STM32F4xx_HAL_Driver/Src/stm32f4xx_hal_uart.o
LOAD Drivers/STM32F4xx_HAL_Driver/Src/stm32f4xx_ll_usb.o
LOAD Middlewares/ST/STM32_USB_Device_Library/Class/CDC/Src/usbd_cdc.o
LOAD Middlewares/ST/STM32_USB_Device_Library/Core/Src/usbd_core.o
LOAD Middlewares/ST/STM32_USB_Device_Library/Core/Src/usbd_ctlreq.o
LOAD Middlewares/ST/STM32_USB_Device_Library/Core/Src/usbd_ioreq.o
LOAD Src/diskio.o
LOAD Src/driver.o
LOAD Src/flash.o
LOAD Src/i2c.o
LOAD Src/main.o
LOAD Src/serial.o
LOAD Src/spi.o
LOAD Src/st_morpho.o
LOAD Src/st_morpo_dac.o
LOAD Src/stm32f4xx_hal_msp.o
LOAD Src/stm32f4xx_it.o
LOAD Src/syscalls.o
LOAD Src/sysmem.o
LOAD Src/system_stm32f4xx.o
LOAD Src/usb_serial.o
LOAD Startup/startup_stm32f401ccux.o
LOAD USB_DEVICE/App/usb_device.o
LOAD USB_DEVICE/App/usbd_cdc_if.o
LOAD USB_DEVICE/App/usbd_desc.o
LOAD USB_DEVICE/Target/usbd_conf.o
LOAD eeprom/eeprom_24AAxxx.o
LOAD eeprom/eeprom_24LC16B.o
LOAD grbl/coolant_control.o
LOAD grbl/corexy.o
LOAD grbl/gcode.o
LOAD grbl/grbllib.o
LOAD grbl/limits.o
LOAD grbl/maslow.o
LOAD grbl/motion_control.o
LOAD grbl/my_plugin.o
LOAD grbl/nuts_bolts.o
LOAD grbl/nvs_buffer.o
LOAD grbl/override.o
LOAD grbl/pid.o
LOAD grbl/planner.o
LOAD grbl/protocol.o
LOAD grbl/report.o
LOAD grbl/settings.o
LOAD grbl/sleep.o
LOAD grbl/spindle_control.o
LOAD grbl/state_machine.o
LOAD grbl/stepper.o
LOAD grbl/stream.o
LOAD grbl/system.o
LOAD grbl/tool_change.o
LOAD grbl/wall_plotter.o
LOAD keypad/keypad.o
LOAD laser/coolant.o
LOAD laser/ppi.o
LOAD motors/trinamic.o
LOAD odometer/odometer.o
LOAD sdcard/sdcard.o
LOAD spindle/huanyang.o
LOAD spindle/modbus.o
LOAD trinamic/common.o
LOAD trinamic/tmc2130.o
LOAD trinamic/tmc2130hal.o
LOAD trinamic/tmc2209.o
LOAD trinamic/tmc2209hal.o
LOAD trinamic/tmc26x.o
LOAD trinamic/tmc5160.o
LOAD trinamic/tmc5160hal.o
LOAD trinamic/tmc_interface.o
START GROUP
LOAD c:/program files (x86)/stmicroelectronics/stm32cubeide_1.3.0/stm32cubeide/plugins/com.st.stm32cube.ide.mcu.externaltools.gnu-tools-for-stm32.9-2020-q2-update.win32_1.5.0.202011040924/tools/bin/../lib/gcc/arm-none-eabi/9.3.1/../../../../arm-none-eabi/lib/thumb/v7e-m+fp/hard\libc_nano.a
LOAD c:/program files (x86)/stmicroelectronics/stm32cubeide_1.3.0/stm32cubeide/plugins/com.st.stm32cube.ide.mcu.externaltools.gnu-tools-for-stm32.9-2020-q2-update.win32_1.5.0.202011040924/tools/bin/../lib/gcc/arm-none-eabi/9.3.1/../../../../arm-none-eabi/lib/thumb/v7e-m+fp/hard\libm.a
END GROUP
START GROUP
LOAD c:/program files (x86)/stmicroelectronics/stm32cubeide_1.3.0/stm32cubeide/plugins/com.st.stm32cube.ide.mcu.externaltools.gnu-tools-for-stm32.9-2020-q2-update.win32_1.5.0.202011040924/tools/bin/../lib/gcc/arm-none-eabi/9.3.1/thumb/v7e-m+fp/hard\libgcc.a
LOAD c:/program files (x86)/stmicroelectronics/stm32cubeide_1.3.0/stm32cubeide/plugins/com.st.stm32cube.ide.mcu.externaltools.gnu-tools-for-stm32.9-2020-q2-update.win32_1.5.0.202011040924/tools/bin/../lib/gcc/arm-none-eabi/9.3.1/../../../../arm-none-eabi/lib/thumb/v7e-m+fp/hard\libc_nano.a
END GROUP
START GROUP
LOAD c:/program files (x86)/stmicroelectronics/stm32cubeide_1.3.0/stm32cubeide/plugins/com.st.stm32cube.ide.mcu.externaltools.gnu-tools-for-stm32.9-2020-q2-update.win32_1.5.0.202011040924/tools/bin/../lib/gcc/arm-none-eabi/9.3.1/thumb/v7e-m+fp/hard\libgcc.a
LOAD c:/program files (x86)/stmicroelectronics/stm32cubeide_1.3.0/stm32cubeide/plugins/com.st.stm32cube.ide.mcu.externaltools.gnu-tools-for-stm32.9-2020-q2-update.win32_1.5.0.202011040924/tools/bin/../lib/gcc/arm-none-eabi/9.3.1/../../../../arm-none-eabi/lib/thumb/v7e-m+fp/hard\libc_nano.a
LOAD c:/program files (x86)/stmicroelectronics/stm32cubeide_1.3.0/stm32cubeide/plugins/com.st.stm32cube.ide.mcu.externaltools.gnu-tools-for-stm32.9-2020-q2-update.win32_1.5.0.202011040924/tools/bin/../lib/gcc/arm-none-eabi/9.3.1/../../../../arm-none-eabi/lib/thumb/v7e-m+fp/hard\libnosys.a
END GROUP
START GROUP
LOAD c:/program files (x86)/stmicroelectronics/stm32cubeide_1.3.0/stm32cubeide/plugins/com.st.stm32cube.ide.mcu.externaltools.gnu-tools-for-stm32.9-2020-q2-update.win32_1.5.0.202011040924/tools/bin/../lib/gcc/arm-none-eabi/9.3.1/thumb/v7e-m+fp/hard\libgcc.a
LOAD c:/program files (x86)/stmicroelectronics/stm32cubeide_1.3.0/stm32cubeide/plugins/com.st.stm32cube.ide.mcu.externaltools.gnu-tools-for-stm32.9-2020-q2-update.win32_1.5.0.202011040924/tools/bin/../lib/gcc/arm-none-eabi/9.3.1/../../../../arm-none-eabi/lib/thumb/v7e-m+fp/hard\libc_nano.a
LOAD c:/program files (x86)/stmicroelectronics/stm32cubeide_1.3.0/stm32cubeide/plugins/com.st.stm32cube.ide.mcu.externaltools.gnu-tools-for-stm32.9-2020-q2-update.win32_1.5.0.202011040924/tools/bin/../lib/gcc/arm-none-eabi/9.3.1/../../../../arm-none-eabi/lib/thumb/v7e-m+fp/hard\libnosys.a
END GROUP
LOAD c:/program files (x86)/stmicroelectronics/stm32cubeide_1.3.0/stm32cubeide/plugins/com.st.stm32cube.ide.mcu.externaltools.gnu-tools-for-stm32.9-2020-q2-update.win32_1.5.0.202011040924/tools/bin/../lib/gcc/arm-none-eabi/9.3.1/thumb/v7e-m+fp/hard/crtend.o
LOAD c:/program files (x86)/stmicroelectronics/stm32cubeide_1.3.0/stm32cubeide/plugins/com.st.stm32cube.ide.mcu.externaltools.gnu-tools-for-stm32.9-2020-q2-update.win32_1.5.0.202011040924/tools/bin/../lib/gcc/arm-none-eabi/9.3.1/thumb/v7e-m+fp/hard/crtn.o
                0x0000000020010000                _estack = (ORIGIN (RAM) + LENGTH (RAM))
                0x0000000000002000                _Min_Heap_Size = 0x2000
                0x0000000000000400                _Min_Stack_Size = 0x400

.isr_vector     0x0000000008000000      0x194
                0x0000000008000000                . = ALIGN (0x4)
 *(.isr_vector)
 .isr_vector    0x0000000008000000      0x194 Startup/startup_stm32f401ccux.o
                0x0000000008000000                g_pfnVectors
                0x0000000008000194                . = ALIGN (0x4)

.text           0x0000000008008000    0x16910
                0x0000000008008000                . = ALIGN (0x4)
 *(.text)
 .text          0x0000000008008000       0x40 c:/program files (x86)/stmicroelectronics/stm32cubeide_1.3.0/stm32cubeide/plugins/com.st.stm32cube.ide.mcu.externaltools.gnu-tools-for-stm32.9-2020-q2-update.win32_1.5.0.202011040924/tools/bin/../lib/gcc/arm-none-eabi/9.3.1/thumb/v7e-m+fp/hard/crtbegin.o
 .text          0x0000000008008040       0x14 c:/program files (x86)/stmicroelectronics/stm32cubeide_1.3.0/stm32cubeide/plugins/com.st.stm32cube.ide.mcu.externaltools.gnu-tools-for-stm32.9-2020-q2-update.win32_1.5.0.202011040924/tools/bin/../lib/gcc/arm-none-eabi/9.3.1/../../../../arm-none-eabi/lib/thumb/v7e-m+fp/hard\libc_nano.a(lib_a-strcmp.o)
                0x0000000008008040                strcmp
 .text          0x0000000008008054       0x10 c:/program files (x86)/stmicroelectronics/stm32cubeide_1.3.0/stm32cubeide/plugins/com.st.stm32cube.ide.mcu.externaltools.gnu-tools-for-stm32.9-2020-q2-update.win32_1.5.0.202011040924/tools/bin/../lib/gcc/arm-none-eabi/9.3.1/../../../../arm-none-eabi/lib/thumb/v7e-m+fp/hard\libc_nano.a(lib_a-strlen.o)
                0x0000000008008054                strlen
 *fill*         0x0000000008008064        0xc 
 .text          0x0000000008008070       0xa0 c:/program files (x86)/stmicroelectronics/stm32cubeide_1.3.0/stm32cubeide/plugins/com.st.stm32cube.ide.mcu.externaltools.gnu-tools-for-stm32.9-2020-q2-update.win32_1.5.0.202011040924/tools/bin/../lib/gcc/arm-none-eabi/9.3.1/../../../../arm-none-eabi/lib/thumb/v7e-m+fp/hard\libc_nano.a(lib_a-memchr.o)
                0x0000000008008070                memchr
 .text          0x0000000008008110      0x378 c:/program files (x86)/stmicroelectronics/stm32cubeide_1.3.0/stm32cubeide/plugins/com.st.stm32cube.ide.mcu.externaltools.gnu-tools-for-stm32.9-2020-q2-update.win32_1.5.0.202011040924/tools/bin/../lib/gcc/arm-none-eabi/9.3.1/thumb/v7e-m+fp/hard\libgcc.a(_arm_addsubdf3.o)
                0x0000000008008110                __aeabi_drsub
                0x0000000008008118                __aeabi_dsub
                0x0000000008008118                __subdf3
                0x000000000800811c                __aeabi_dadd
                0x000000000800811c                __adddf3
                0x0000000008008394                __floatunsidf
                0x0000000008008394                __aeabi_ui2d
                0x00000000080083b4                __floatsidf
                0x00000000080083b4                __aeabi_i2d
                0x00000000080083d8                __aeabi_f2d
                0x00000000080083d8                __extendsfdf2
                0x000000000800841c                __floatundidf
                0x000000000800841c                __aeabi_ul2d
                0x000000000800842c                __floatdidf
                0x000000000800842c                __aeabi_l2d
 .text          0x0000000008008488       0xa0 c:/program files (x86)/stmicroelectronics/stm32cubeide_1.3.0/stm32cubeide/plugins/com.st.stm32cube.ide.mcu.externaltools.gnu-tools-for-stm32.9-2020-q2-update.win32_1.5.0.202011040924/tools/bin/../lib/gcc/arm-none-eabi/9.3.1/thumb/v7e-m+fp/hard\libgcc.a(_arm_truncdfsf2.o)
                0x0000000008008488                __truncdfsf2
                0x0000000008008488                __aeabi_d2f
 .text          0x0000000008008528       0x30 c:/program files (x86)/stmicroelectronics/stm32cubeide_1.3.0/stm32cubeide/plugins/com.st.stm32cube.ide.mcu.externaltools.gnu-tools-for-stm32.9-2020-q2-update.win32_1.5.0.202011040924/tools/bin/../lib/gcc/arm-none-eabi/9.3.1/thumb/v7e-m+fp/hard\libgcc.a(_aeabi_uldivmod.o)
                0x0000000008008528                __aeabi_uldivmod
 .text          0x0000000008008558      0x2c4 c:/program files (x86)/stmicroelectronics/stm32cubeide_1.3.0/stm32cubeide/plugins/com.st.stm32cube.ide.mcu.externaltools.gnu-tools-for-stm32.9-2020-q2-update.win32_1.5.0.202011040924/tools/bin/../lib/gcc/arm-none-eabi/9.3.1/thumb/v7e-m+fp/hard\libgcc.a(_udivmoddi4.o)
                0x0000000008008558                __udivmoddi4
 .text          0x000000000800881c        0x4 c:/program files (x86)/stmicroelectronics/stm32cubeide_1.3.0/stm32cubeide/plugins/com.st.stm32cube.ide.mcu.externaltools.gnu-tools-for-stm32.9-2020-q2-update.win32_1.5.0.202011040924/tools/bin/../lib/gcc/arm-none-eabi/9.3.1/thumb/v7e-m+fp/hard\libgcc.a(_dvmd_tls.o)
                0x000000000800881c                __aeabi_idiv0
                0x000000000800881c                __aeabi_ldiv0
 *(.text*)
 .text.HAL_InitTick
                0x0000000008008820       0x4c Drivers/STM32F4xx_HAL_Driver/Src/stm32f4xx_hal.o
                0x0000000008008820                HAL_InitTick
 .text.HAL_Init
                0x000000000800886c       0x34 Drivers/STM32F4xx_HAL_Driver/Src/stm32f4xx_hal.o
                0x000000000800886c                HAL_Init
 .text.HAL_IncTick
                0x00000000080088a0       0x18 Drivers/STM32F4xx_HAL_Driver/Src/stm32f4xx_hal.o
                0x00000000080088a0                HAL_IncTick
 .text.HAL_GetTick
                0x00000000080088b8        0xc Drivers/STM32F4xx_HAL_Driver/Src/stm32f4xx_hal.o
                0x00000000080088b8                HAL_GetTick
 .text.HAL_Delay
                0x00000000080088c4       0x28 Drivers/STM32F4xx_HAL_Driver/Src/stm32f4xx_hal.o
                0x00000000080088c4                HAL_Delay
 .text.HAL_NVIC_SetPriorityGrouping
                0x00000000080088ec       0x24 Drivers/STM32F4xx_HAL_Driver/Src/stm32f4xx_hal_cortex.o
                0x00000000080088ec                HAL_NVIC_SetPriorityGrouping
 .text.HAL_NVIC_SetPriority
                0x0000000008008910       0x68 Drivers/STM32F4xx_HAL_Driver/Src/stm32f4xx_hal_cortex.o
                0x0000000008008910                HAL_NVIC_SetPriority
 .text.HAL_NVIC_EnableIRQ
                0x0000000008008978       0x1c Drivers/STM32F4xx_HAL_Driver/Src/stm32f4xx_hal_cortex.o
                0x0000000008008978                HAL_NVIC_EnableIRQ
 .text.HAL_NVIC_DisableIRQ
                0x0000000008008994       0x24 Drivers/STM32F4xx_HAL_Driver/Src/stm32f4xx_hal_cortex.o
                0x0000000008008994                HAL_NVIC_DisableIRQ
 .text.HAL_SYSTICK_Config
                0x00000000080089b8       0x2c Drivers/STM32F4xx_HAL_Driver/Src/stm32f4xx_hal_cortex.o
                0x00000000080089b8                HAL_SYSTICK_Config
 .text.FLASH_Program_DoubleWord
                0x00000000080089e4       0x30 Drivers/STM32F4xx_HAL_Driver/Src/stm32f4xx_hal_flash.o
 .text.FLASH_Program_Word
                0x0000000008008a14       0x24 Drivers/STM32F4xx_HAL_Driver/Src/stm32f4xx_hal_flash.o
 .text.FLASH_Program_HalfWord
                0x0000000008008a38       0x24 Drivers/STM32F4xx_HAL_Driver/Src/stm32f4xx_hal_flash.o
 .text.FLASH_Program_Byte
                0x0000000008008a5c       0x20 Drivers/STM32F4xx_HAL_Driver/Src/stm32f4xx_hal_flash.o
 .text.FLASH_SetErrorCode
                0x0000000008008a7c       0x8c Drivers/STM32F4xx_HAL_Driver/Src/stm32f4xx_hal_flash.o
 .text.HAL_FLASH_Unlock
                0x0000000008008b08       0x30 Drivers/STM32F4xx_HAL_Driver/Src/stm32f4xx_hal_flash.o
                0x0000000008008b08                HAL_FLASH_Unlock
 .text.HAL_FLASH_Lock
                0x0000000008008b38       0x14 Drivers/STM32F4xx_HAL_Driver/Src/stm32f4xx_hal_flash.o
                0x0000000008008b38                HAL_FLASH_Lock
 .text.FLASH_WaitForLastOperation
                0x0000000008008b4c       0x60 Drivers/STM32F4xx_HAL_Driver/Src/stm32f4xx_hal_flash.o
                0x0000000008008b4c                FLASH_WaitForLastOperation
 .text.HAL_FLASH_Program
                0x0000000008008bac       0x7c Drivers/STM32F4xx_HAL_Driver/Src/stm32f4xx_hal_flash.o
                0x0000000008008bac                HAL_FLASH_Program
 .text.FLASH_MassErase
                0x0000000008008c28       0x24 Drivers/STM32F4xx_HAL_Driver/Src/stm32f4xx_hal_flash_ex.o
 .text.FLASH_Erase_Sector
                0x0000000008008c4c       0x58 Drivers/STM32F4xx_HAL_Driver/Src/stm32f4xx_hal_flash_ex.o
                0x0000000008008c4c                FLASH_Erase_Sector
 .text.FLASH_FlushCaches
                0x0000000008008ca4       0x60 Drivers/STM32F4xx_HAL_Driver/Src/stm32f4xx_hal_flash_ex.o
                0x0000000008008ca4                FLASH_FlushCaches
 .text.HAL_FLASHEx_Erase
                0x0000000008008d04       0x94 Drivers/STM32F4xx_HAL_Driver/Src/stm32f4xx_hal_flash_ex.o
                0x0000000008008d04                HAL_FLASHEx_Erase
 .text.HAL_GPIO_Init
                0x0000000008008d98      0x1cc Drivers/STM32F4xx_HAL_Driver/Src/stm32f4xx_hal_gpio.o
                0x0000000008008d98                HAL_GPIO_Init
 .text.PCD_WriteEmptyTxFifo
                0x0000000008008f64       0xd2 Drivers/STM32F4xx_HAL_Driver/Src/stm32f4xx_hal_pcd.o
 .text.HAL_PCD_Init
                0x0000000008009036      0x126 Drivers/STM32F4xx_HAL_Driver/Src/stm32f4xx_hal_pcd.o
                0x0000000008009036                HAL_PCD_Init
 .text.HAL_PCD_Start
                0x000000000800915c       0x42 Drivers/STM32F4xx_HAL_Driver/Src/stm32f4xx_hal_pcd.o
                0x000000000800915c                HAL_PCD_Start
 *fill*         0x000000000800919e        0x2 
 .text.PCD_EP_OutXfrComplete_int
                0x00000000080091a0       0xf8 Drivers/STM32F4xx_HAL_Driver/Src/stm32f4xx_hal_pcd.o
 .text.PCD_EP_OutSetupPacket_int
                0x0000000008009298       0x50 Drivers/STM32F4xx_HAL_Driver/Src/stm32f4xx_hal_pcd.o
 .text.HAL_PCD_IRQHandler
                0x00000000080092e8      0x4ac Drivers/STM32F4xx_HAL_Driver/Src/stm32f4xx_hal_pcd.o
                0x00000000080092e8                HAL_PCD_IRQHandler
 .text.HAL_PCD_SetAddress
                0x0000000008009794       0x28 Drivers/STM32F4xx_HAL_Driver/Src/stm32f4xx_hal_pcd.o
                0x0000000008009794                HAL_PCD_SetAddress
 .text.HAL_PCD_EP_Open
                0x00000000080097bc       0x86 Drivers/STM32F4xx_HAL_Driver/Src/stm32f4xx_hal_pcd.o
                0x00000000080097bc                HAL_PCD_EP_Open
 .text.HAL_PCD_EP_Close
                0x0000000008009842       0x72 Drivers/STM32F4xx_HAL_Driver/Src/stm32f4xx_hal_pcd.o
                0x0000000008009842                HAL_PCD_EP_Close
 .text.HAL_PCD_EP_Receive
                0x00000000080098b4       0x5e Drivers/STM32F4xx_HAL_Driver/Src/stm32f4xx_hal_pcd.o
                0x00000000080098b4                HAL_PCD_EP_Receive
 .text.HAL_PCD_EP_GetRxCount
                0x0000000008009912       0x12 Drivers/STM32F4xx_HAL_Driver/Src/stm32f4xx_hal_pcd.o
                0x0000000008009912                HAL_PCD_EP_GetRxCount
 .text.HAL_PCD_EP_Transmit
                0x0000000008009924       0x56 Drivers/STM32F4xx_HAL_Driver/Src/stm32f4xx_hal_pcd.o
                0x0000000008009924                HAL_PCD_EP_Transmit
 .text.HAL_PCD_EP_SetStall
                0x000000000800997a       0x88 Drivers/STM32F4xx_HAL_Driver/Src/stm32f4xx_hal_pcd.o
                0x000000000800997a                HAL_PCD_EP_SetStall
 .text.HAL_PCD_EP_ClrStall
                0x0000000008009a02       0x76 Drivers/STM32F4xx_HAL_Driver/Src/stm32f4xx_hal_pcd.o
                0x0000000008009a02                HAL_PCD_EP_ClrStall
 .text.HAL_PCDEx_SetTxFiFo
                0x0000000008009a78       0x48 Drivers/STM32F4xx_HAL_Driver/Src/stm32f4xx_hal_pcd_ex.o
                0x0000000008009a78                HAL_PCDEx_SetTxFiFo
 .text.HAL_PCDEx_SetRxFiFo
                0x0000000008009ac0        0x8 Drivers/STM32F4xx_HAL_Driver/Src/stm32f4xx_hal_pcd_ex.o
                0x0000000008009ac0                HAL_PCDEx_SetRxFiFo
 .text.HAL_PCDEx_LPM_Callback
                0x0000000008009ac8        0x2 Drivers/STM32F4xx_HAL_Driver/Src/stm32f4xx_hal_pcd_ex.o
                0x0000000008009ac8                HAL_PCDEx_LPM_Callback
 *fill*         0x0000000008009aca        0x2 
 .text.HAL_RCC_OscConfig
                0x0000000008009acc      0x3ec Drivers/STM32F4xx_HAL_Driver/Src/stm32f4xx_hal_rcc.o
                0x0000000008009acc                HAL_RCC_OscConfig
 .text.HAL_RCC_GetSysClockFreq
                0x0000000008009eb8       0xcc Drivers/STM32F4xx_HAL_Driver/Src/stm32f4xx_hal_rcc.o
                0x0000000008009eb8                HAL_RCC_GetSysClockFreq
 .text.HAL_RCC_ClockConfig
                0x0000000008009f84      0x160 Drivers/STM32F4xx_HAL_Driver/Src/stm32f4xx_hal_rcc.o
                0x0000000008009f84                HAL_RCC_ClockConfig
 .text.HAL_RCC_GetHCLKFreq
                0x000000000800a0e4        0xc Drivers/STM32F4xx_HAL_Driver/Src/stm32f4xx_hal_rcc.o
                0x000000000800a0e4                HAL_RCC_GetHCLKFreq
 .text.HAL_RCC_GetPCLK2Freq
                0x000000000800a0f0       0x20 Drivers/STM32F4xx_HAL_Driver/Src/stm32f4xx_hal_rcc.o
                0x000000000800a0f0                HAL_RCC_GetPCLK2Freq
 .text.TIM_Base_SetConfig
                0x000000000800a110       0xc8 Drivers/STM32F4xx_HAL_Driver/Src/stm32f4xx_hal_tim.o
                0x000000000800a110                TIM_Base_SetConfig
 .text.USB_CoreReset
                0x000000000800a1d8       0x3c Drivers/STM32F4xx_HAL_Driver/Src/stm32f4xx_ll_usb.o
 .text.USB_CoreInit
                0x000000000800a214       0x8a Drivers/STM32F4xx_HAL_Driver/Src/stm32f4xx_ll_usb.o
                0x000000000800a214                USB_CoreInit
 *fill*         0x000000000800a29e        0x2 
 .text.USB_SetTurnaroundTime
                0x000000000800a2a0       0xe4 Drivers/STM32F4xx_HAL_Driver/Src/stm32f4xx_ll_usb.o
                0x000000000800a2a0                USB_SetTurnaroundTime
 .text.USB_EnableGlobalInt
                0x000000000800a384        0xc Drivers/STM32F4xx_HAL_Driver/Src/stm32f4xx_ll_usb.o
                0x000000000800a384                USB_EnableGlobalInt
 .text.USB_DisableGlobalInt
                0x000000000800a390        0xc Drivers/STM32F4xx_HAL_Driver/Src/stm32f4xx_ll_usb.o
                0x000000000800a390                USB_DisableGlobalInt
 .text.USB_SetCurrentMode
                0x000000000800a39c       0x30 Drivers/STM32F4xx_HAL_Driver/Src/stm32f4xx_ll_usb.o
                0x000000000800a39c                USB_SetCurrentMode
 .text.USB_FlushTxFifo
                0x000000000800a3cc       0x28 Drivers/STM32F4xx_HAL_Driver/Src/stm32f4xx_ll_usb.o
                0x000000000800a3cc                USB_FlushTxFifo
 .text.USB_FlushRxFifo
                0x000000000800a3f4       0x24 Drivers/STM32F4xx_HAL_Driver/Src/stm32f4xx_ll_usb.o
                0x000000000800a3f4                USB_FlushRxFifo
 .text.USB_SetDevSpeed
                0x000000000800a418        0xe Drivers/STM32F4xx_HAL_Driver/Src/stm32f4xx_ll_usb.o
                0x000000000800a418                USB_SetDevSpeed
 *fill*         0x000000000800a426        0x2 
 .text.USB_DevInit
                0x000000000800a428      0x198 Drivers/STM32F4xx_HAL_Driver/Src/stm32f4xx_ll_usb.o
                0x000000000800a428                USB_DevInit
 .text.USB_GetDevSpeed
                0x000000000800a5c0       0x22 Drivers/STM32F4xx_HAL_Driver/Src/stm32f4xx_ll_usb.o
                0x000000000800a5c0                USB_GetDevSpeed
 .text.USB_ActivateEndpoint
                0x000000000800a5e2       0x94 Drivers/STM32F4xx_HAL_Driver/Src/stm32f4xx_ll_usb.o
                0x000000000800a5e2                USB_ActivateEndpoint
 *fill*         0x000000000800a676        0x2 
 .text.USB_DeactivateEndpoint
                0x000000000800a678       0xdc Drivers/STM32F4xx_HAL_Driver/Src/stm32f4xx_ll_usb.o
                0x000000000800a678                USB_DeactivateEndpoint
 .text.USB_EP0StartXfer
                0x000000000800a754      0x11c Drivers/STM32F4xx_HAL_Driver/Src/stm32f4xx_ll_usb.o
                0x000000000800a754                USB_EP0StartXfer
 .text.USB_WritePacket
                0x000000000800a870       0x28 Drivers/STM32F4xx_HAL_Driver/Src/stm32f4xx_ll_usb.o
                0x000000000800a870                USB_WritePacket
 .text.USB_EPStartXfer
                0x000000000800a898      0x218 Drivers/STM32F4xx_HAL_Driver/Src/stm32f4xx_ll_usb.o
                0x000000000800a898                USB_EPStartXfer
 .text.USB_ReadPacket
                0x000000000800aab0       0x22 Drivers/STM32F4xx_HAL_Driver/Src/stm32f4xx_ll_usb.o
                0x000000000800aab0                USB_ReadPacket
 .text.USB_EPSetStall
                0x000000000800aad2       0x5a Drivers/STM32F4xx_HAL_Driver/Src/stm32f4xx_ll_usb.o
                0x000000000800aad2                USB_EPSetStall
 .text.USB_EPClearStall
                0x000000000800ab2c       0x5c Drivers/STM32F4xx_HAL_Driver/Src/stm32f4xx_ll_usb.o
                0x000000000800ab2c                USB_EPClearStall
 .text.USB_SetDevAddress
                0x000000000800ab88       0x20 Drivers/STM32F4xx_HAL_Driver/Src/stm32f4xx_ll_usb.o
                0x000000000800ab88                USB_SetDevAddress
 .text.USB_DevConnect
                0x000000000800aba8       0x1c Drivers/STM32F4xx_HAL_Driver/Src/stm32f4xx_ll_usb.o
                0x000000000800aba8                USB_DevConnect
 .text.USB_DevDisconnect
                0x000000000800abc4       0x1c Drivers/STM32F4xx_HAL_Driver/Src/stm32f4xx_ll_usb.o
                0x000000000800abc4                USB_DevDisconnect
 .text.USB_ReadInterrupts
                0x000000000800abe0        0x8 Drivers/STM32F4xx_HAL_Driver/Src/stm32f4xx_ll_usb.o
                0x000000000800abe0                USB_ReadInterrupts
 .text.USB_ReadDevAllOutEpInterrupt
                0x000000000800abe8       0x10 Drivers/STM32F4xx_HAL_Driver/Src/stm32f4xx_ll_usb.o
                0x000000000800abe8                USB_ReadDevAllOutEpInterrupt
 .text.USB_ReadDevAllInEpInterrupt
                0x000000000800abf8       0x10 Drivers/STM32F4xx_HAL_Driver/Src/stm32f4xx_ll_usb.o
                0x000000000800abf8                USB_ReadDevAllInEpInterrupt
 .text.USB_ReadDevOutEPInterrupt
                0x000000000800ac08       0x12 Drivers/STM32F4xx_HAL_Driver/Src/stm32f4xx_ll_usb.o
                0x000000000800ac08                USB_ReadDevOutEPInterrupt
 .text.USB_ReadDevInEPInterrupt
                0x000000000800ac1a       0x28 Drivers/STM32F4xx_HAL_Driver/Src/stm32f4xx_ll_usb.o
                0x000000000800ac1a                USB_ReadDevInEPInterrupt
 .text.USB_GetMode
                0x000000000800ac42        0x8 Drivers/STM32F4xx_HAL_Driver/Src/stm32f4xx_ll_usb.o
                0x000000000800ac42                USB_GetMode
 .text.USB_ActivateSetup
                0x000000000800ac4a       0x20 Drivers/STM32F4xx_HAL_Driver/Src/stm32f4xx_ll_usb.o
                0x000000000800ac4a                USB_ActivateSetup
 *fill*         0x000000000800ac6a        0x2 
 .text.USB_EP0_OutStart
                0x000000000800ac6c       0x60 Drivers/STM32F4xx_HAL_Driver/Src/stm32f4xx_ll_usb.o
                0x000000000800ac6c                USB_EP0_OutStart
 .text.USBD_CDC_EP0_RxReady
                0x000000000800accc       0x28 Middlewares/ST/STM32_USB_Device_Library/Class/CDC/Src/usbd_cdc.o
 .text.USBD_CDC_GetFSCfgDesc
                0x000000000800acf4        0xc Middlewares/ST/STM32_USB_Device_Library/Class/CDC/Src/usbd_cdc.o
 .text.USBD_CDC_GetHSCfgDesc
                0x000000000800ad00        0xc Middlewares/ST/STM32_USB_Device_Library/Class/CDC/Src/usbd_cdc.o
 .text.USBD_CDC_GetOtherSpeedCfgDesc
                0x000000000800ad0c        0xc Middlewares/ST/STM32_USB_Device_Library/Class/CDC/Src/usbd_cdc.o
 .text.USBD_CDC_GetDeviceQualifierDescriptor
                0x000000000800ad18        0xc Middlewares/ST/STM32_USB_Device_Library/Class/CDC/Src/usbd_cdc.o
                0x000000000800ad18                USBD_CDC_GetDeviceQualifierDescriptor
 .text.USBD_CDC_DataOut
                0x000000000800ad24       0x2a Middlewares/ST/STM32_USB_Device_Library/Class/CDC/Src/usbd_cdc.o
 .text.USBD_CDC_DataIn
                0x000000000800ad4e       0x64 Middlewares/ST/STM32_USB_Device_Library/Class/CDC/Src/usbd_cdc.o
 .text.USBD_CDC_Setup
                0x000000000800adb2       0xe0 Middlewares/ST/STM32_USB_Device_Library/Class/CDC/Src/usbd_cdc.o
 .text.USBD_CDC_DeInit
                0x000000000800ae92       0x48 Middlewares/ST/STM32_USB_Device_Library/Class/CDC/Src/usbd_cdc.o
 .text.USBD_CDC_Init
                0x000000000800aeda       0xc2 Middlewares/ST/STM32_USB_Device_Library/Class/CDC/Src/usbd_cdc.o
 .text.USBD_CDC_RegisterInterface
                0x000000000800af9c        0xe Middlewares/ST/STM32_USB_Device_Library/Class/CDC/Src/usbd_cdc.o
                0x000000000800af9c                USBD_CDC_RegisterInterface
 .text.USBD_CDC_SetTxBuffer
                0x000000000800afaa       0x10 Middlewares/ST/STM32_USB_Device_Library/Class/CDC/Src/usbd_cdc.o
                0x000000000800afaa                USBD_CDC_SetTxBuffer
 .text.USBD_CDC_SetRxBuffer
                0x000000000800afba        0xc Middlewares/ST/STM32_USB_Device_Library/Class/CDC/Src/usbd_cdc.o
                0x000000000800afba                USBD_CDC_SetRxBuffer
 .text.USBD_CDC_TransmitPacket
                0x000000000800afc6       0x34 Middlewares/ST/STM32_USB_Device_Library/Class/CDC/Src/usbd_cdc.o
                0x000000000800afc6                USBD_CDC_TransmitPacket
 .text.USBD_CDC_ReceivePacket
                0x000000000800affa       0x32 Middlewares/ST/STM32_USB_Device_Library/Class/CDC/Src/usbd_cdc.o
                0x000000000800affa                USBD_CDC_ReceivePacket
 .text.USBD_Init
                0x000000000800b02c       0x38 Middlewares/ST/STM32_USB_Device_Library/Core/Src/usbd_core.o
                0x000000000800b02c                USBD_Init
 .text.USBD_RegisterClass
                0x000000000800b064       0x28 Middlewares/ST/STM32_USB_Device_Library/Core/Src/usbd_core.o
                0x000000000800b064                USBD_RegisterClass
 .text.USBD_Start
                0x000000000800b08c        0x8 Middlewares/ST/STM32_USB_Device_Library/Core/Src/usbd_core.o
                0x000000000800b08c                USBD_Start
 .text.USBD_SetClassConfig
                0x000000000800b094       0x12 Middlewares/ST/STM32_USB_Device_Library/Core/Src/usbd_core.o
                0x000000000800b094                USBD_SetClassConfig
 .text.USBD_ClrClassConfig
                0x000000000800b0a6       0x10 Middlewares/ST/STM32_USB_Device_Library/Core/Src/usbd_core.o
                0x000000000800b0a6                USBD_ClrClassConfig
 .text.USBD_LL_SetupStage
                0x000000000800b0b6       0x58 Middlewares/ST/STM32_USB_Device_Library/Core/Src/usbd_core.o
                0x000000000800b0b6                USBD_LL_SetupStage
 .text.USBD_LL_DataOutStage
                0x000000000800b10e       0x72 Middlewares/ST/STM32_USB_Device_Library/Core/Src/usbd_core.o
                0x000000000800b10e                USBD_LL_DataOutStage
 .text.USBD_LL_DataInStage
                0x000000000800b180       0xb8 Middlewares/ST/STM32_USB_Device_Library/Core/Src/usbd_core.o
                0x000000000800b180                USBD_LL_DataInStage
 .text.USBD_LL_Reset
                0x000000000800b238       0x52 Middlewares/ST/STM32_USB_Device_Library/Core/Src/usbd_core.o
                0x000000000800b238                USBD_LL_Reset
 .text.USBD_LL_SetSpeed
                0x000000000800b28a        0x6 Middlewares/ST/STM32_USB_Device_Library/Core/Src/usbd_core.o
                0x000000000800b28a                USBD_LL_SetSpeed
 .text.USBD_LL_Suspend
                0x000000000800b290       0x12 Middlewares/ST/STM32_USB_Device_Library/Core/Src/usbd_core.o
                0x000000000800b290                USBD_LL_Suspend
 .text.USBD_LL_Resume
                0x000000000800b2a2       0x16 Middlewares/ST/STM32_USB_Device_Library/Core/Src/usbd_core.o
                0x000000000800b2a2                USBD_LL_Resume
 .text.USBD_LL_SOF
                0x000000000800b2b8       0x1c Middlewares/ST/STM32_USB_Device_Library/Core/Src/usbd_core.o
                0x000000000800b2b8                USBD_LL_SOF
 .text.USBD_LL_IsoINIncomplete
                0x000000000800b2d4        0x4 Middlewares/ST/STM32_USB_Device_Library/Core/Src/usbd_core.o
                0x000000000800b2d4                USBD_LL_IsoINIncomplete
 .text.USBD_LL_IsoOUTIncomplete
                0x000000000800b2d8        0x4 Middlewares/ST/STM32_USB_Device_Library/Core/Src/usbd_core.o
                0x000000000800b2d8                USBD_LL_IsoOUTIncomplete
 .text.USBD_LL_DevConnected
                0x000000000800b2dc        0x4 Middlewares/ST/STM32_USB_Device_Library/Core/Src/usbd_core.o
                0x000000000800b2dc                USBD_LL_DevConnected
 .text.USBD_LL_DevDisconnected
                0x000000000800b2e0       0x18 Middlewares/ST/STM32_USB_Device_Library/Core/Src/usbd_core.o
                0x000000000800b2e0                USBD_LL_DevDisconnected
 .text.USBD_GetLen
                0x000000000800b2f8       0x12 Middlewares/ST/STM32_USB_Device_Library/Core/Src/usbd_ctlreq.o
 .text.USBD_SetFeature
                0x000000000800b30a       0x14 Middlewares/ST/STM32_USB_Device_Library/Core/Src/usbd_ctlreq.o
 .text.USBD_ParseSetupRequest
                0x000000000800b31e       0x28 Middlewares/ST/STM32_USB_Device_Library/Core/Src/usbd_ctlreq.o
                0x000000000800b31e                USBD_ParseSetupRequest
 .text.USBD_CtlError
                0x000000000800b346       0x14 Middlewares/ST/STM32_USB_Device_Library/Core/Src/usbd_ctlreq.o
                0x000000000800b346                USBD_CtlError
 .text.USBD_GetDescriptor
                0x000000000800b35a      0x18a Middlewares/ST/STM32_USB_Device_Library/Core/Src/usbd_ctlreq.o
 .text.USBD_SetAddress
                0x000000000800b4e4       0x4e Middlewares/ST/STM32_USB_Device_Library/Core/Src/usbd_ctlreq.o
 *fill*         0x000000000800b532        0x2 
 .text.USBD_SetConfig
                0x000000000800b534       0xc4 Middlewares/ST/STM32_USB_Device_Library/Core/Src/usbd_ctlreq.o
 .text.USBD_GetConfig
                0x000000000800b5f8       0x3e Middlewares/ST/STM32_USB_Device_Library/Core/Src/usbd_ctlreq.o
 .text.USBD_GetStatus
                0x000000000800b636       0x38 Middlewares/ST/STM32_USB_Device_Library/Core/Src/usbd_ctlreq.o
 .text.USBD_ClrFeature
                0x000000000800b66e       0x26 Middlewares/ST/STM32_USB_Device_Library/Core/Src/usbd_ctlreq.o
 .text.USBD_StdDevReq
                0x000000000800b694       0x70 Middlewares/ST/STM32_USB_Device_Library/Core/Src/usbd_ctlreq.o
                0x000000000800b694                USBD_StdDevReq
 .text.USBD_StdItfReq
                0x000000000800b704       0x68 Middlewares/ST/STM32_USB_Device_Library/Core/Src/usbd_ctlreq.o
                0x000000000800b704                USBD_StdItfReq
 .text.USBD_StdEPReq
                0x000000000800b76c      0x1e4 Middlewares/ST/STM32_USB_Device_Library/Core/Src/usbd_ctlreq.o
                0x000000000800b76c                USBD_StdEPReq
 .text.USBD_GetString
                0x000000000800b950       0x36 Middlewares/ST/STM32_USB_Device_Library/Core/Src/usbd_ctlreq.o
                0x000000000800b950                USBD_GetString
 .text.USBD_CtlSendData
                0x000000000800b986       0x1a Middlewares/ST/STM32_USB_Device_Library/Core/Src/usbd_ioreq.o
                0x000000000800b986                USBD_CtlSendData
 .text.USBD_CtlContinueSendData
                0x000000000800b9a0       0x10 Middlewares/ST/STM32_USB_Device_Library/Core/Src/usbd_ioreq.o
                0x000000000800b9a0                USBD_CtlContinueSendData
 .text.USBD_CtlPrepareRx
                0x000000000800b9b0       0x1e Middlewares/ST/STM32_USB_Device_Library/Core/Src/usbd_ioreq.o
                0x000000000800b9b0                USBD_CtlPrepareRx
 .text.USBD_CtlContinueRx
                0x000000000800b9ce       0x10 Middlewares/ST/STM32_USB_Device_Library/Core/Src/usbd_ioreq.o
                0x000000000800b9ce                USBD_CtlContinueRx
 .text.USBD_CtlSendStatus
                0x000000000800b9de       0x16 Middlewares/ST/STM32_USB_Device_Library/Core/Src/usbd_ioreq.o
                0x000000000800b9de                USBD_CtlSendStatus
 .text.USBD_CtlReceiveStatus
                0x000000000800b9f4       0x16 Middlewares/ST/STM32_USB_Device_Library/Core/Src/usbd_ioreq.o
                0x000000000800b9f4                USBD_CtlReceiveStatus
 .text.__enable_irq
                0x000000000800ba0a        0x4 Src/driver.o
 .text.__disable_irq
                0x000000000800ba0e        0x4 Src/driver.o
 *fill*         0x000000000800ba12        0x2 
 .text.driver_delay
                0x000000000800ba14       0x24 Src/driver.o
 .text.stepperEnable
                0x000000000800ba38       0x1c Src/driver.o
 .text.stepperWakeUp
                0x000000000800ba54       0x24 Src/driver.o
 .text.stepperGoIdle
                0x000000000800ba78       0x14 Src/driver.o
 .text.stepperCyclesPerTick
                0x000000000800ba8c       0x18 Src/driver.o
 .text.stepperPulseStart
                0x000000000800baa4       0x54 Src/driver.o
 .text.stepperPulseStartDelayed
                0x000000000800baf8       0x80 Src/driver.o
 .text.limitsEnable
                0x000000000800bb78       0x38 Src/driver.o
 .text.limitsGetState
                0x000000000800bbb0       0x70 Src/driver.o
 .text.systemGetState
                0x000000000800bc20       0x3c Src/driver.o
 .text.probeConfigure
                0x000000000800bc5c       0x40 Src/driver.o
 .text.probeGetState
                0x000000000800bc9c       0x2c Src/driver.o
                0x000000000800bc9c                probeGetState
 .text.spindleSetState
                0x000000000800bcc8       0x5c Src/driver.o
 .text.spindle_set_speed
                0x000000000800bd24       0x90 Src/driver.o
 .text.spindleGetState
                0x000000000800bdb4       0x4c Src/driver.o
 .text.coolantSetState
                0x000000000800be00       0x24 Src/driver.o
 .text.coolantGetState
                0x000000000800be24       0x2c Src/driver.o
 .text.bitsSetAtomic
                0x000000000800be50        0xc Src/driver.o
 .text.bitsClearAtomic
                0x000000000800be5c       0x12 Src/driver.o
 .text.valueSetAtomic
                0x000000000800be6e        0xc Src/driver.o
 *fill*         0x000000000800be7a        0x2 
 .text.getElapsedTicks
                0x000000000800be7c        0xc Src/driver.o
 .text.settings_changed
                0x000000000800be88      0x48c Src/driver.o
                0x000000000800be88                settings_changed
 .text.driver_setup
                0x000000000800c314      0x260 Src/driver.o
 .text.spindleSetStateVariable
                0x000000000800c574       0x6c Src/driver.o
 .text.spindleGetPWM
                0x000000000800c5e0       0x10 Src/driver.o
 .text.driver_init
                0x000000000800c5f0      0x194 Src/driver.o
                0x000000000800c5f0                driver_init
 .text.TIM5_IRQHandler
                0x000000000800c784       0x28 Src/driver.o
                0x000000000800c784                TIM5_IRQHandler
 .text.TIM4_IRQHandler
                0x000000000800c7ac       0x70 Src/driver.o
                0x000000000800c7ac                TIM4_IRQHandler
 .text.TIM1_BRK_TIM9_IRQHandler
                0x000000000800c81c       0xb8 Src/driver.o
                0x000000000800c81c                TIM1_BRK_TIM9_IRQHandler
 .text.EXTI9_5_IRQHandler
                0x000000000800c8d4       0x64 Src/driver.o
                0x000000000800c8d4                EXTI9_5_IRQHandler
 .text.EXTI15_10_IRQHandler
                0x000000000800c938       0xa4 Src/driver.o
                0x000000000800c938                EXTI15_10_IRQHandler
 .text.Driver_IncTick
                0x000000000800c9dc       0x24 Src/driver.o
                0x000000000800c9dc                Driver_IncTick
 .text.memcpy_from_flash
                0x000000000800ca00       0x1c Src/flash.o
                0x000000000800ca00                memcpy_from_flash
 .text.memcpy_to_flash
                0x000000000800ca1c       0x84 Src/flash.o
                0x000000000800ca1c                memcpy_to_flash
 .text.MX_GPIO_Init
                0x000000000800caa0       0x74 Src/main.o
 .text.SystemClock_Config
                0x000000000800cb14       0x98 Src/main.o
 .text.main     0x000000000800cbac       0x16 Src/main.o
                0x000000000800cbac                main
 .text.Error_Handler
                0x000000000800cbc2        0x2 Src/main.o
                0x000000000800cbc2                Error_Handler
 .text.serialGetC
                0x000000000800cbc4       0x28 Src/serial.o
                0x000000000800cbc4                serialGetC
 .text.USART1_IRQHandler
                0x000000000800cbec       0xbc Src/serial.o
                0x000000000800cbec                USART1_IRQHandler
 .text.HAL_MspInit
                0x000000000800cca8       0x40 Src/stm32f4xx_hal_msp.o
                0x000000000800cca8                HAL_MspInit
 .text.NMI_Handler
                0x000000000800cce8        0x2 Src/stm32f4xx_it.o
                0x000000000800cce8                NMI_Handler
 .text.HardFault_Handler
                0x000000000800ccea        0x2 Src/stm32f4xx_it.o
                0x000000000800ccea                HardFault_Handler
 .text.MemManage_Handler
                0x000000000800ccec        0x2 Src/stm32f4xx_it.o
                0x000000000800ccec                MemManage_Handler
 .text.BusFault_Handler
                0x000000000800ccee        0x2 Src/stm32f4xx_it.o
                0x000000000800ccee                BusFault_Handler
 .text.UsageFault_Handler
                0x000000000800ccf0        0x2 Src/stm32f4xx_it.o
                0x000000000800ccf0                UsageFault_Handler
 .text.SVC_Handler
                0x000000000800ccf2        0x2 Src/stm32f4xx_it.o
                0x000000000800ccf2                SVC_Handler
 .text.DebugMon_Handler
                0x000000000800ccf4        0x2 Src/stm32f4xx_it.o
                0x000000000800ccf4                DebugMon_Handler
 .text.PendSV_Handler
                0x000000000800ccf6        0x2 Src/stm32f4xx_it.o
                0x000000000800ccf6                PendSV_Handler
 .text.SysTick_Handler
                0x000000000800ccf8        0xc Src/stm32f4xx_it.o
                0x000000000800ccf8                SysTick_Handler
 .text.OTG_FS_IRQHandler
                0x000000000800cd04       0x10 Src/stm32f4xx_it.o
                0x000000000800cd04                OTG_FS_IRQHandler
 .text._getpid  0x000000000800cd14        0x4 Src/syscalls.o
                0x000000000800cd14                _getpid
 .text._kill    0x000000000800cd18       0x10 Src/syscalls.o
                0x000000000800cd18                _kill
 .text._exit    0x000000000800cd28        0xc Src/syscalls.o
                0x000000000800cd28                _exit
 .text._read    0x000000000800cd34       0x20 Src/syscalls.o
                0x000000000800cd34                _read
 .text._write   0x000000000800cd54       0x1c Src/syscalls.o
                0x000000000800cd54                _write
 .text._close   0x000000000800cd70        0x6 Src/syscalls.o
                0x000000000800cd70                _close
 .text._fstat   0x000000000800cd76        0xa Src/syscalls.o
                0x000000000800cd76                _fstat
 .text._isatty  0x000000000800cd80        0x4 Src/syscalls.o
                0x000000000800cd80                _isatty
 .text._lseek   0x000000000800cd84        0x4 Src/syscalls.o
                0x000000000800cd84                _lseek
 .text._sbrk    0x000000000800cd88       0x3c Src/sysmem.o
                0x000000000800cd88                _sbrk
 .text.SystemInit
                0x000000000800cdc4       0x1c Src/system_stm32f4xx.o
                0x000000000800cdc4                SystemInit
 .text.usbGetC  0x000000000800cde0       0x28 Src/usb_serial.o
                0x000000000800cde0                usbGetC
 .text.usbInit  0x000000000800ce08       0x1c Src/usb_serial.o
                0x000000000800ce08                usbInit
 .text.usbRxFree
                0x000000000800ce24       0x24 Src/usb_serial.o
                0x000000000800ce24                usbRxFree
 .text.usbRxFlush
                0x000000000800ce48       0x10 Src/usb_serial.o
                0x000000000800ce48                usbRxFlush
 .text.usbRxCancel
                0x000000000800ce58       0x20 Src/usb_serial.o
                0x000000000800ce58                usbRxCancel
 .text.usbWriteS
                0x000000000800ce78      0x130 Src/usb_serial.o
                0x000000000800ce78                usbWriteS
 .text.usbSuspendInput
                0x000000000800cfa8       0x10 Src/usb_serial.o
                0x000000000800cfa8                usbSuspendInput
 .text.usbBufferInput
                0x000000000800cfb8       0x6c Src/usb_serial.o
                0x000000000800cfb8                usbBufferInput
 .text.Reset_Handler
                0x000000000800d024       0x50 Startup/startup_stm32f401ccux.o
                0x000000000800d024                Reset_Handler
 .text.Default_Handler
                0x000000000800d074        0x2 Startup/startup_stm32f401ccux.o
                0x000000000800d074                RTC_Alarm_IRQHandler
                0x000000000800d074                EXTI2_IRQHandler
                0x000000000800d074                SPI4_IRQHandler
                0x000000000800d074                TIM1_CC_IRQHandler
                0x000000000800d074                DMA2_Stream5_IRQHandler
                0x000000000800d074                DMA1_Stream5_IRQHandler
                0x000000000800d074                PVD_IRQHandler
                0x000000000800d074                SDIO_IRQHandler
                0x000000000800d074                TAMP_STAMP_IRQHandler
                0x000000000800d074                EXTI3_IRQHandler
                0x000000000800d074                TIM1_UP_TIM10_IRQHandler
                0x000000000800d074                I2C3_ER_IRQHandler
                0x000000000800d074                EXTI0_IRQHandler
                0x000000000800d074                I2C2_EV_IRQHandler
                0x000000000800d074                DMA1_Stream2_IRQHandler
                0x000000000800d074                FPU_IRQHandler
                0x000000000800d074                DMA2_Stream2_IRQHandler
                0x000000000800d074                SPI1_IRQHandler
                0x000000000800d074                DMA2_Stream3_IRQHandler
                0x000000000800d074                USART6_IRQHandler
                0x000000000800d074                DMA2_Stream0_IRQHandler
                0x000000000800d074                I2C1_EV_IRQHandler
                0x000000000800d074                DMA1_Stream6_IRQHandler
                0x000000000800d074                DMA1_Stream1_IRQHandler
                0x000000000800d074                TIM3_IRQHandler
                0x000000000800d074                RCC_IRQHandler
                0x000000000800d074                Default_Handler
                0x000000000800d074                ADC_IRQHandler
                0x000000000800d074                DMA1_Stream7_IRQHandler
                0x000000000800d074                DMA2_Stream7_IRQHandler
                0x000000000800d074                I2C3_EV_IRQHandler
                0x000000000800d074                RTC_WKUP_IRQHandler
                0x000000000800d074                SPI2_IRQHandler
                0x000000000800d074                DMA1_Stream0_IRQHandler
                0x000000000800d074                EXTI4_IRQHandler
                0x000000000800d074                WWDG_IRQHandler
                0x000000000800d074                TIM2_IRQHandler
                0x000000000800d074                OTG_FS_WKUP_IRQHandler
                0x000000000800d074                TIM1_TRG_COM_TIM11_IRQHandler
                0x000000000800d074                EXTI1_IRQHandler
                0x000000000800d074                USART2_IRQHandler
                0x000000000800d074                I2C2_ER_IRQHandler
                0x000000000800d074                DMA2_Stream1_IRQHandler
                0x000000000800d074                FLASH_IRQHandler
                0x000000000800d074                DMA2_Stream4_IRQHandler
                0x000000000800d074                SPI3_IRQHandler
                0x000000000800d074                DMA1_Stream4_IRQHandler
                0x000000000800d074                I2C1_ER_IRQHandler
                0x000000000800d074                DMA2_Stream6_IRQHandler
                0x000000000800d074                DMA1_Stream3_IRQHandler
 *fill*         0x000000000800d076        0x2 
 .text.MX_USB_DEVICE_Init
                0x000000000800d078       0x54 USB_DEVICE/App/usb_device.o
                0x000000000800d078                MX_USB_DEVICE_Init
 .text.CDC_DeInit_FS
                0x000000000800d0cc        0x4 USB_DEVICE/App/usbd_cdc_if.o
 .text.CDC_Control_FS
                0x000000000800d0d0        0x4 USB_DEVICE/App/usbd_cdc_if.o
 .text.CDC_TransmitCplt_FS
                0x000000000800d0d4        0x4 USB_DEVICE/App/usbd_cdc_if.o
 .text.CDC_Receive_FS
                0x000000000800d0d8       0x24 USB_DEVICE/App/usbd_cdc_if.o
 .text.CDC_Init_FS
                0x000000000800d0fc       0x28 USB_DEVICE/App/usbd_cdc_if.o
 .text.CDC_Transmit_FS
                0x000000000800d124       0x2c USB_DEVICE/App/usbd_cdc_if.o
                0x000000000800d124                CDC_Transmit_FS
 .text.USBD_FS_DeviceDescriptor
                0x000000000800d150        0xc USB_DEVICE/App/usbd_desc.o
                0x000000000800d150                USBD_FS_DeviceDescriptor
 .text.USBD_FS_LangIDStrDescriptor
                0x000000000800d15c        0xc USB_DEVICE/App/usbd_desc.o
                0x000000000800d15c                USBD_FS_LangIDStrDescriptor
 .text.IntToUnicode
                0x000000000800d168       0x38 USB_DEVICE/App/usbd_desc.o
 .text.Get_SerialNum
                0x000000000800d1a0       0x34 USB_DEVICE/App/usbd_desc.o
 .text.USBD_FS_SerialStrDescriptor
                0x000000000800d1d4       0x14 USB_DEVICE/App/usbd_desc.o
                0x000000000800d1d4                USBD_FS_SerialStrDescriptor
 .text.USBD_FS_ProductStrDescriptor
                0x000000000800d1e8       0x24 USB_DEVICE/App/usbd_desc.o
                0x000000000800d1e8                USBD_FS_ProductStrDescriptor
 .text.USBD_FS_ManufacturerStrDescriptor
                0x000000000800d20c       0x1c USB_DEVICE/App/usbd_desc.o
                0x000000000800d20c                USBD_FS_ManufacturerStrDescriptor
 .text.USBD_FS_ConfigStrDescriptor
                0x000000000800d228       0x24 USB_DEVICE/App/usbd_desc.o
                0x000000000800d228                USBD_FS_ConfigStrDescriptor
 .text.USBD_FS_InterfaceStrDescriptor
                0x000000000800d24c       0x24 USB_DEVICE/App/usbd_desc.o
                0x000000000800d24c                USBD_FS_InterfaceStrDescriptor
 .text.HAL_PCD_MspInit
                0x000000000800d270       0x88 USB_DEVICE/Target/usbd_conf.o
                0x000000000800d270                HAL_PCD_MspInit
 .text.HAL_PCD_SetupStageCallback
                0x000000000800d2f8       0x10 USB_DEVICE/Target/usbd_conf.o
                0x000000000800d2f8                HAL_PCD_SetupStageCallback
 .text.HAL_PCD_DataOutStageCallback
                0x000000000800d308       0x18 USB_DEVICE/Target/usbd_conf.o
                0x000000000800d308                HAL_PCD_DataOutStageCallback
 .text.HAL_PCD_DataInStageCallback
                0x000000000800d320       0x16 USB_DEVICE/Target/usbd_conf.o
                0x000000000800d320                HAL_PCD_DataInStageCallback
 .text.HAL_PCD_SOFCallback
                0x000000000800d336        0xc USB_DEVICE/Target/usbd_conf.o
                0x000000000800d336                HAL_PCD_SOFCallback
 .text.HAL_PCD_ResetCallback
                0x000000000800d342       0x24 USB_DEVICE/Target/usbd_conf.o
                0x000000000800d342                HAL_PCD_ResetCallback
 *fill*         0x000000000800d366        0x2 
 .text.HAL_PCD_SuspendCallback
                0x000000000800d368       0x30 USB_DEVICE/Target/usbd_conf.o
                0x000000000800d368                HAL_PCD_SuspendCallback
 .text.HAL_PCD_ResumeCallback
                0x000000000800d398        0xc USB_DEVICE/Target/usbd_conf.o
                0x000000000800d398                HAL_PCD_ResumeCallback
 .text.HAL_PCD_ISOOUTIncompleteCallback
                0x000000000800d3a4        0xc USB_DEVICE/Target/usbd_conf.o
                0x000000000800d3a4                HAL_PCD_ISOOUTIncompleteCallback
 .text.HAL_PCD_ISOINIncompleteCallback
                0x000000000800d3b0        0xc USB_DEVICE/Target/usbd_conf.o
                0x000000000800d3b0                HAL_PCD_ISOINIncompleteCallback
 .text.HAL_PCD_ConnectCallback
                0x000000000800d3bc        0xc USB_DEVICE/Target/usbd_conf.o
                0x000000000800d3bc                HAL_PCD_ConnectCallback
 .text.HAL_PCD_DisconnectCallback
                0x000000000800d3c8        0xc USB_DEVICE/Target/usbd_conf.o
                0x000000000800d3c8                HAL_PCD_DisconnectCallback
 .text.USBD_LL_Init
                0x000000000800d3d4       0x68 USB_DEVICE/Target/usbd_conf.o
                0x000000000800d3d4                USBD_LL_Init
 .text.USBD_LL_IsStallEP
                0x000000000800d43c       0x2e USB_DEVICE/Target/usbd_conf.o
                0x000000000800d43c                USBD_LL_IsStallEP
 .text.USBD_LL_GetRxDataSize
                0x000000000800d46a        0xc USB_DEVICE/Target/usbd_conf.o
                0x000000000800d46a                USBD_LL_GetRxDataSize
 .text.USBD_Get_USB_Status
                0x000000000800d476       0x14 USB_DEVICE/Target/usbd_conf.o
                0x000000000800d476                USBD_Get_USB_Status
 .text.USBD_LL_Start
                0x000000000800d48a       0x10 USB_DEVICE/Target/usbd_conf.o
                0x000000000800d48a                USBD_LL_Start
 .text.USBD_LL_OpenEP
                0x000000000800d49a       0x16 USB_DEVICE/Target/usbd_conf.o
                0x000000000800d49a                USBD_LL_OpenEP
 .text.USBD_LL_CloseEP
                0x000000000800d4b0       0x10 USB_DEVICE/Target/usbd_conf.o
                0x000000000800d4b0                USBD_LL_CloseEP
 .text.USBD_LL_StallEP
                0x000000000800d4c0       0x10 USB_DEVICE/Target/usbd_conf.o
                0x000000000800d4c0                USBD_LL_StallEP
 .text.USBD_LL_ClearStallEP
                0x000000000800d4d0       0x10 USB_DEVICE/Target/usbd_conf.o
                0x000000000800d4d0                USBD_LL_ClearStallEP
 .text.USBD_LL_SetUSBAddress
                0x000000000800d4e0       0x10 USB_DEVICE/Target/usbd_conf.o
                0x000000000800d4e0                USBD_LL_SetUSBAddress
 .text.USBD_LL_Transmit
                0x000000000800d4f0       0x10 USB_DEVICE/Target/usbd_conf.o
                0x000000000800d4f0                USBD_LL_Transmit
 .text.USBD_LL_PrepareReceive
                0x000000000800d500       0x10 USB_DEVICE/Target/usbd_conf.o
                0x000000000800d500                USBD_LL_PrepareReceive
 .text.coolant_set_state
                0x000000000800d510       0x2c grbl/coolant_control.o
                0x000000000800d510                coolant_set_state
 .text.coolant_sync
                0x000000000800d53c       0x24 grbl/coolant_control.o
                0x000000000800d53c                coolant_sync
 .text.init_sync_motion
                0x000000000800d560       0x98 grbl/gcode.o
 .text.add_output_command
                0x000000000800d5f8       0x3c grbl/gcode.o
 .text.gc_get_scaling
                0x000000000800d634        0x8 grbl/gcode.o
                0x000000000800d634                gc_get_scaling
 .text.gc_get_g51_state
                0x000000000800d63c       0x40 grbl/gcode.o
                0x000000000800d63c                gc_get_g51_state
 .text.set_scaling
                0x000000000800d67c       0x6c grbl/gcode.o
 .text.gc_get_offset
                0x000000000800d6e8       0x30 grbl/gcode.o
                0x000000000800d6e8                gc_get_offset
 .text.gc_set_tool_offset
                0x000000000800d718       0xbc grbl/gcode.o
                0x000000000800d718                gc_set_tool_offset
 .text.gc_get_plane_data
                0x000000000800d7d4       0x30 grbl/gcode.o
                0x000000000800d7d4                gc_get_plane_data
 .text.gc_init  0x000000000800d804       0xcc grbl/gcode.o
                0x000000000800d804                gc_init
 .text.gc_execute_block
                0x000000000800d8d0     0x2e6c grbl/gcode.o
                0x000000000800d8d0                gc_execute_block
 .text.dummy_bool_handler
                0x000000000801073c        0x2 grbl/grbllib.o
                0x000000000801073c                dummy_bool_handler
 *fill*         0x000000000801073e        0x2 
 .text.stream_tx_blocking
                0x0000000008010740       0x24 grbl/grbllib.o
 .text.grbl_enter
                0x0000000008010764      0x28c grbl/grbllib.o
                0x0000000008010764                grbl_enter
 .text.homing_signals_select
                0x00000000080109f0       0x36 grbl/limits.o
 *fill*         0x0000000008010a26        0x2 
 .text.limits_pull_off
                0x0000000008010a28      0x174 grbl/limits.o
 .text.limit_signals_merge
                0x0000000008010b9c       0x18 grbl/limits.o
                0x0000000008010b9c                limit_signals_merge
 .text.limit_interrupt_handler
                0x0000000008010bb4       0x44 grbl/limits.o
                0x0000000008010bb4                limit_interrupt_handler
 .text.limits_set_machine_positions
                0x0000000008010bf8       0xc4 grbl/limits.o
                0x0000000008010bf8                limits_set_machine_positions
 .text.limits_homing_cycle
                0x0000000008010cbc      0x458 grbl/limits.o
 .text.limits_go_home
                0x0000000008011114       0x84 grbl/limits.o
                0x0000000008011114                limits_go_home
 .text.limits_soft_check
                0x0000000008011198       0x5c grbl/limits.o
                0x0000000008011198                limits_soft_check
 .text.limits_set_homing_axes
                0x00000000080111f4       0x34 grbl/limits.o
                0x00000000080111f4                limits_set_homing_axes
 .text.limits_homing_required
                0x0000000008011228       0x4c grbl/limits.o
                0x0000000008011228                limits_homing_required
 .text.mc_line  0x0000000008011274       0xa0 grbl/motion_control.o
                0x0000000008011274                mc_line
 *fill*         0x0000000008011314        0x4 
 .text.mc_arc   0x0000000008011318      0x260 grbl/motion_control.o
                0x0000000008011318                mc_arc
 .text.mc_cubic_b_spline
                0x0000000008011578      0x370 grbl/motion_control.o
                0x0000000008011578                mc_cubic_b_spline
 .text.mc_thread
                0x00000000080118e8      0x320 grbl/motion_control.o
                0x00000000080118e8                mc_thread
 .text.mc_jog_execute
                0x0000000008011c08       0x80 grbl/motion_control.o
                0x0000000008011c08                mc_jog_execute
 .text.mc_dwell
                0x0000000008011c88       0x28 grbl/motion_control.o
                0x0000000008011c88                mc_dwell
 .text.mc_canned_drill
                0x0000000008011cb0      0x264 grbl/motion_control.o
                0x0000000008011cb0                mc_canned_drill
 .text.mc_probe_cycle
                0x0000000008011f14      0x12c grbl/motion_control.o
                0x0000000008011f14                mc_probe_cycle
 .text.mc_parking_motion
                0x0000000008012040       0x38 grbl/motion_control.o
                0x0000000008012040                mc_parking_motion
 .text.mc_override_ctrl_update
                0x0000000008012078       0x18 grbl/motion_control.o
                0x0000000008012078                mc_override_ctrl_update
 .text.mc_reset
                0x0000000008012090       0xac grbl/motion_control.o
                0x0000000008012090                mc_reset
 .text.mc_homing_cycle
                0x000000000801213c      0x1bc grbl/motion_control.o
                0x000000000801213c                mc_homing_cycle
 .text.my_plugin_init
                0x00000000080122f8        0x2 grbl/my_plugin.o
                0x00000000080122f8                my_plugin_init
 *fill*         0x00000000080122fa        0x2 
 .text.uitoa    0x00000000080122fc       0x44 grbl/nuts_bolts.o
                0x00000000080122fc                uitoa
 .text.ftoa     0x0000000008012340       0xf4 grbl/nuts_bolts.o
                0x0000000008012340                ftoa
 .text.read_float
                0x0000000008012434       0xd4 grbl/nuts_bolts.o
                0x0000000008012434                read_float
 .text.isintf   0x0000000008012508       0x34 grbl/nuts_bolts.o
                0x0000000008012508                isintf
 .text.delay_sec
                0x000000000801253c       0x50 grbl/nuts_bolts.o
                0x000000000801253c                delay_sec
 .text.convert_delta_vector_to_unit_vector
                0x000000000801258c       0x58 grbl/nuts_bolts.o
                0x000000000801258c                convert_delta_vector_to_unit_vector
 .text.calc_checksum
                0x00000000080125e4       0x24 grbl/nuts_bolts.o
                0x00000000080125e4                calc_checksum
 .text.strcaps  0x0000000008012608       0x40 grbl/nuts_bolts.o
                0x0000000008012608                strcaps
 .text.dummy_handler
                0x0000000008012648        0x2 grbl/nuts_bolts.o
                0x0000000008012648                dummy_handler
 *fill*         0x000000000801264a        0x2 
 .text.ram_get_byte
                0x000000000801264c        0xc grbl/nvs_buffer.o
 .text.ram_put_byte
                0x0000000008012658       0x30 grbl/nvs_buffer.o
 .text.nvs_warning
                0x0000000008012688       0x10 grbl/nvs_buffer.o
 .text.memcpy_from_ram
                0x0000000008012698       0x80 grbl/nvs_buffer.o
 .text.memcpy_to_ram
                0x0000000008012718      0x194 grbl/nvs_buffer.o
 .text.nvs_buffer_alloc
                0x00000000080128ac       0x1c grbl/nvs_buffer.o
                0x00000000080128ac                nvs_buffer_alloc
 .text.nvs_buffer_init
                0x00000000080128c8      0x120 grbl/nvs_buffer.o
                0x00000000080128c8                nvs_buffer_init
 .text.nvs_buffer_sync_physical
                0x00000000080129e8      0x194 grbl/nvs_buffer.o
                0x00000000080129e8                nvs_buffer_sync_physical
 .text.nvs_buffer_get_physical
                0x0000000008012b7c       0x20 grbl/nvs_buffer.o
                0x0000000008012b7c                nvs_buffer_get_physical
 .text.enqueue_feed_override
                0x0000000008012b9c       0x20 grbl/override.o
                0x0000000008012b9c                enqueue_feed_override
 .text.get_feed_override
                0x0000000008012bbc       0x24 grbl/override.o
                0x0000000008012bbc                get_feed_override
 .text.enqueue_accessory_override
                0x0000000008012be0       0x20 grbl/override.o
                0x0000000008012be0                enqueue_accessory_override
 .text.get_accessory_override
                0x0000000008012c00       0x24 grbl/override.o
                0x0000000008012c00                get_accessory_override
 .text.flush_override_buffers
                0x0000000008012c24       0x18 grbl/override.o
                0x0000000008012c24                flush_override_buffers
 .text.planner_recalculate
                0x0000000008012c3c      0x118 grbl/planner.o
 .text.plan_reset
                0x0000000008012d54       0xc4 grbl/planner.o
                0x0000000008012d54                plan_reset
 .text.plan_discard_current_block
                0x0000000008012e18       0x54 grbl/planner.o
                0x0000000008012e18                plan_discard_current_block
 .text.plan_get_system_motion_block
                0x0000000008012e6c        0xc grbl/planner.o
                0x0000000008012e6c                plan_get_system_motion_block
 .text.plan_get_current_block
                0x0000000008012e78       0x1c grbl/planner.o
                0x0000000008012e78                plan_get_current_block
 .text.plan_get_exec_block_exit_speed_sqr
                0x0000000008012e94       0x28 grbl/planner.o
                0x0000000008012e94                plan_get_exec_block_exit_speed_sqr
 .text.plan_check_full_buffer
                0x0000000008012ebc       0x1c grbl/planner.o
                0x0000000008012ebc                plan_check_full_buffer
 .text.plan_compute_profile_nominal_speed
                0x0000000008012ed8       0xa4 grbl/planner.o
                0x0000000008012ed8                plan_compute_profile_nominal_speed
 .text.plan_update_velocity_profile_parameters
                0x0000000008012f7c       0x6c grbl/planner.o
                0x0000000008012f7c                plan_update_velocity_profile_parameters
 .text.plan_buffer_line
                0x0000000008012fe8      0x424 grbl/planner.o
                0x0000000008012fe8                plan_buffer_line
 .text.plan_sync_position
                0x000000000801340c       0x14 grbl/planner.o
                0x000000000801340c                plan_sync_position
 .text.plan_get_block_buffer_available
                0x0000000008013420       0x3c grbl/planner.o
                0x0000000008013420                plan_get_block_buffer_available
 .text.plan_cycle_reinitialize
                0x000000000801345c       0x1c grbl/planner.o
                0x000000000801345c                plan_cycle_reinitialize
 .text.plan_feed_override
                0x0000000008013478       0x4c grbl/planner.o
                0x0000000008013478                plan_feed_override
 .text.protocol_execute_rt_commands
                0x00000000080134c4       0x40 grbl/protocol.o
 .text.protocol_enqueue_gcode
                0x0000000008013504       0x7c grbl/protocol.o
                0x0000000008013504                protocol_enqueue_gcode
 .text.protocol_auto_cycle_start
                0x0000000008013580       0x1c grbl/protocol.o
                0x0000000008013580                protocol_auto_cycle_start
 .text.protocol_exec_rt_system
                0x000000000801359c      0x4bc grbl/protocol.o
                0x000000000801359c                protocol_exec_rt_system
 .text.protocol_exec_rt_suspend
                0x0000000008013a58       0x60 grbl/protocol.o
 .text.protocol_execute_realtime
                0x0000000008013ab8       0x60 grbl/protocol.o
                0x0000000008013ab8                protocol_execute_realtime
 .text.protocol_main_loop
                0x0000000008013b18      0x580 grbl/protocol.o
                0x0000000008013b18                protocol_main_loop
 .text.protocol_buffer_synchronize
                0x0000000008014098       0x22 grbl/protocol.o
                0x0000000008014098                protocol_buffer_synchronize
 *fill*         0x00000000080140ba        0x2 
 .text.protocol_enqueue_realtime_command
                0x00000000080140bc      0x378 grbl/protocol.o
                0x00000000080140bc                protocol_enqueue_realtime_command
 .text.protocol_enqueue_rt_command
                0x0000000008014434       0x40 grbl/protocol.o
                0x0000000008014434                protocol_enqueue_rt_command
 .text.protocol_execute_noop
                0x0000000008014474        0x2 grbl/protocol.o
                0x0000000008014474                protocol_execute_noop
 *fill*         0x0000000008014476        0x2 
 .text.report_feedback_message
                0x0000000008014478      0x158 grbl/report.o
                0x0000000008014478                report_feedback_message
 .text.cmp_settings
                0x00000000080145d0        0xc grbl/report.o
 .text.cmp_setting_group_id
                0x00000000080145dc        0xc grbl/report.o
 .text.add_limits
                0x00000000080145e8       0xc2 grbl/report.o
 .text.get_rate_value_mm
                0x00000000080146aa       0x10 grbl/report.o
 *fill*         0x00000000080146ba        0x2 
 .text.get_rate_value_inch
                0x00000000080146bc       0x1c grbl/report.o
 .text.print_setting
                0x00000000080146d8       0x44 grbl/report.o
 .text.get_axis_values_mm
                0x000000000801471c       0x74 grbl/report.o
 .text.get_axis_values_inches
                0x0000000008014790       0x88 grbl/report.o
 .text.get_axis_value_mm
                0x0000000008014818       0x18 grbl/report.o
 .text.get_axis_value_inches
                0x0000000008014830       0x24 grbl/report.o
 .text.map_coord_system
                0x0000000008014854       0x4c grbl/report.o
 .text.appendbuf
                0x00000000080148a0       0x44 grbl/report.o
 .text.report_setting
                0x00000000080148e4       0x58 grbl/report.o
 .text.report_status_message
                0x000000000801493c       0x40 grbl/report.o
                0x000000000801493c                report_status_message
 .text.report_bitfield
                0x000000000801497c       0xbc grbl/report.o
 .text.report_settings_detail
                0x0000000008014a38      0x29c grbl/report.o
 .text.print_unsorted
                0x0000000008014cd4       0x30 grbl/report.o
 .text.print_sorted
                0x0000000008014d04       0x20 grbl/report.o
 .text.sort_settings_details
                0x0000000008014d24      0x130 grbl/report.o
 .text.print_settings_details
                0x0000000008014e54       0x7c grbl/report.o
 .text.cmp_setting_group_name
                0x0000000008014ed0       0x10 grbl/report.o
 .text.print_setting_group
                0x0000000008014ee0       0x94 grbl/report.o
 .text.sort_setting_group_details
                0x0000000008014f74       0x9c grbl/report.o
 .text.report_init
                0x0000000008015010       0x58 grbl/report.o
                0x0000000008015010                report_init
 .text.report_init_fns
                0x0000000008015068       0x14 grbl/report.o
                0x0000000008015068                report_init_fns
 .text.report_alarm_message
                0x000000000801507c       0x38 grbl/report.o
                0x000000000801507c                report_alarm_message
 .text.report_message
                0x00000000080150b4       0x58 grbl/report.o
                0x00000000080150b4                report_message
 .text.report_init_message
                0x000000000801510c       0x28 grbl/report.o
                0x000000000801510c                report_init_message
 .text.report_grbl_help
                0x0000000008015134       0x18 grbl/report.o
                0x0000000008015134                report_grbl_help
 .text.report_grbl_setting
                0x000000000801514c       0x28 grbl/report.o
                0x000000000801514c                report_grbl_setting
 .text.report_grbl_settings
                0x0000000008015174       0xe8 grbl/report.o
                0x0000000008015174                report_grbl_settings
 .text.report_probe_parameters
                0x000000000801525c       0x68 grbl/report.o
                0x000000000801525c                report_probe_parameters
 .text.report_home_position
                0x00000000080152c4       0x5c grbl/report.o
                0x00000000080152c4                report_home_position
 .text.report_tool_offsets
                0x0000000008015320       0x38 grbl/report.o
                0x0000000008015320                report_tool_offsets
 .text.report_ngc_parameters
                0x0000000008015358      0x184 grbl/report.o
                0x0000000008015358                report_ngc_parameters
 .text.report_gcode_modes
                0x00000000080154dc      0x44c grbl/report.o
                0x00000000080154dc                report_gcode_modes
 .text.report_startup_line
                0x0000000008015928       0x40 grbl/report.o
                0x0000000008015928                report_startup_line
 .text.report_execute_startup_message
                0x0000000008015968       0x3c grbl/report.o
                0x0000000008015968                report_execute_startup_message
 .text.report_build_info
                0x00000000080159a4      0x520 grbl/report.o
                0x00000000080159a4                report_build_info
 .text.report_realtime_status
                0x0000000008015ec4      0xb74 grbl/report.o
                0x0000000008015ec4                report_realtime_status
 .text.report_settings_details
                0x0000000008016a38       0x34 grbl/report.o
                0x0000000008016a38                report_settings_details
 .text.report_group_settings
                0x0000000008016a6c       0x72 grbl/report.o
 *fill*         0x0000000008016ade        0x2 
 .text.report_alarm_details
                0x0000000008016ae0       0x78 grbl/report.o
                0x0000000008016ae0                report_alarm_details
 .text.report_error_details
                0x0000000008016b58       0x78 grbl/report.o
                0x0000000008016b58                report_error_details
 .text.report_setting_group_details
                0x0000000008016bd0       0x3e grbl/report.o
                0x0000000008016bd0                report_setting_group_details
 *fill*         0x0000000008016c0e        0x2 
 .text.report_help
                0x0000000008016c10      0x198 grbl/report.o
                0x0000000008016c10                report_help
 .text.report_last_signals_event
                0x0000000008016da8       0xfc grbl/report.o
                0x0000000008016da8                report_last_signals_event
 .text.report_current_limit_state
                0x0000000008016ea4       0x48 grbl/report.o
                0x0000000008016ea4                report_current_limit_state
 .text.report_spindle_data
                0x0000000008016eec       0xa0 grbl/report.o
                0x0000000008016eec                report_spindle_data
 .text.report_pid_log
                0x0000000008016f8c       0xd0 grbl/report.o
                0x0000000008016f8c                report_pid_log
 .text.set_probe_invert
                0x000000000801705c       0x34 grbl/settings.o
 .text.set_report_mask
                0x0000000008017090       0x10 grbl/settings.o
 .text.set_control_invert
                0x00000000080170a0       0x1c grbl/settings.o
 .text.set_spindle_invert
                0x00000000080170bc       0x38 grbl/settings.o
 .text.set_control_disable_pullup
                0x00000000080170f4       0x1c grbl/settings.o
 .text.set_probe_disable_pullup
                0x0000000008017110       0x2c grbl/settings.o
 .text.set_soft_limits_enable
                0x000000000801713c       0x30 grbl/settings.o
 .text.set_hard_limits_enable
                0x000000000801716c       0x30 grbl/settings.o
 .text.set_jog_soft_limited
                0x000000000801719c       0x30 grbl/settings.o
 .text.set_homing_enable
                0x00000000080171cc       0x5c grbl/settings.o
 .text.set_enable_legacy_rt_commands
                0x0000000008017228       0x1c grbl/settings.o
 .text.set_mode
                0x0000000008017244       0x78 grbl/settings.o
 .text.set_sleep_enable
                0x00000000080172bc       0x1c grbl/settings.o
 .text.set_hold_actions
                0x00000000080172d8       0x20 grbl/settings.o
 .text.set_force_initialization_alarm
                0x00000000080172f8       0x1c grbl/settings.o
 .text.set_probe_allow_feed_override
                0x0000000008017314       0x1c grbl/settings.o
 .text.set_tool_change_probing_distance
                0x0000000008017330       0x20 grbl/settings.o
 .text.get_int  0x0000000008017350      0x198 grbl/settings.o
 .text.is_setting_available
                0x00000000080174e8       0xe0 grbl/settings.o
 .text.settings_write_global
                0x00000000080175c8       0x34 grbl/settings.o
                0x00000000080175c8                settings_write_global
 .text.remove_element
                0x00000000080175fc       0x4a grbl/settings.o
 *fill*         0x0000000008017646        0x2 
 .text.set_tool_change_mode
                0x0000000008017648       0x3c grbl/settings.o
 .text.set_homing_cycle
                0x0000000008017684       0x1c grbl/settings.o
 .text.set_report_inches
                0x00000000080176a0       0x28 grbl/settings.o
 .text.strnumentries
                0x00000000080176c8       0x26 grbl/settings.o
 .text.validate_value
                0x00000000080176ee       0x7a grbl/settings.o
 .text.settings_get_details
                0x0000000008017768       0x14 grbl/settings.o
                0x0000000008017768                settings_get_details
 .text.settings_get_axis_base
                0x000000000801777c       0x60 grbl/settings.o
                0x000000000801777c                settings_get_axis_base
 .text.get_float
                0x00000000080177dc       0xe8 grbl/settings.o
 .text.set_axis_setting
                0x00000000080178c4      0x170 grbl/settings.o
 .text.setting_get_value
                0x0000000008017a34       0xf8 grbl/settings.o
                0x0000000008017a34                setting_get_value
 .text.settings_write_build_info
                0x0000000008017b2c       0x24 grbl/settings.o
                0x0000000008017b2c                settings_write_build_info
 .text.settings_read_build_info
                0x0000000008017b50       0x38 grbl/settings.o
                0x0000000008017b50                settings_read_build_info
 .text.settings_write_startup_line
                0x0000000008017b88       0x48 grbl/settings.o
                0x0000000008017b88                settings_write_startup_line
 .text.settings_read_startup_line
                0x0000000008017bd0       0x64 grbl/settings.o
                0x0000000008017bd0                settings_read_startup_line
 .text.settings_write_coord_data
                0x0000000008017c34       0x48 grbl/settings.o
                0x0000000008017c34                settings_write_coord_data
 .text.settings_read_coord_data
                0x0000000008017c7c       0x68 grbl/settings.o
                0x0000000008017c7c                settings_read_coord_data
 .text.read_global_settings
                0x0000000008017ce4       0x70 grbl/settings.o
                0x0000000008017ce4                read_global_settings
 .text.settings_restore
                0x0000000008017d54       0xec grbl/settings.o
                0x0000000008017d54                settings_restore
 .text.settings_is_group_available
                0x0000000008017e40       0xd4 grbl/settings.o
                0x0000000008017e40                settings_is_group_available
 .text.settings_normalize_group
                0x0000000008017f14       0x10 grbl/settings.o
                0x0000000008017f14                settings_normalize_group
 .text.settings_iterator
                0x0000000008017f24      0x164 grbl/settings.o
                0x0000000008017f24                settings_iterator
 .text.setting_get_details
                0x0000000008018088       0xe4 grbl/settings.o
                0x0000000008018088                setting_get_details
 .text.setting_datatype_to_external
                0x000000000801816c        0xe grbl/settings.o
                0x000000000801816c                setting_datatype_to_external
 .text.setting_is_list
                0x000000000801817a       0x10 grbl/settings.o
                0x000000000801817a                setting_is_list
 .text.setting_remove_element
                0x000000000801818a       0x2c grbl/settings.o
 .text.setting_validate_me
                0x00000000080181b6       0xe6 grbl/settings.o
                0x00000000080181b6                setting_validate_me
 .text.settings_store_setting
                0x000000000801829c      0x14c grbl/settings.o
                0x000000000801829c                settings_store_setting
 .text.settings_init
                0x00000000080183e8       0xc4 grbl/settings.o
                0x00000000080183e8                settings_init
 .text.fall_asleep
                0x00000000080184ac        0xc grbl/sleep.o
 .text.sleep_execute
                0x00000000080184b8       0x78 grbl/sleep.o
 .text.sleep_check
                0x0000000008018530       0x58 grbl/sleep.o
                0x0000000008018530                sleep_check
 .text.spindle_set_rpm
                0x0000000008018588       0x68 grbl/spindle_control.o
                0x0000000008018588                spindle_set_rpm
 .text.spindle_set_state
                0x00000000080185f0       0xa4 grbl/spindle_control.o
                0x00000000080185f0                spindle_set_state
 .text.spindle_set_override
                0x0000000008018694       0x60 grbl/spindle_control.o
                0x0000000008018694                spindle_set_override
 .text.spindle_sync
                0x00000000080186f4       0xdc grbl/spindle_control.o
                0x00000000080186f4                spindle_sync
 .text.spindle_restore
                0x00000000080187d0       0xc4 grbl/spindle_control.o
                0x00000000080187d0                spindle_restore
 .text.spindle_precompute_pwm_values
                0x0000000008018894      0x108 grbl/spindle_control.o
                0x0000000008018894                spindle_precompute_pwm_values
 .text.spindle_compute_pwm_value
                0x000000000801899c       0x80 grbl/spindle_control.o
                0x000000000801899c                spindle_compute_pwm_value
 .text.state_noop
                0x0000000008018a1c        0x2 grbl/state_machine.o
 *fill*         0x0000000008018a1e        0x2 
 .text.restart_retract
                0x0000000008018a20       0x54 grbl/state_machine.o
 .text.state_await_hold
                0x0000000008018a74      0x1f8 grbl/state_machine.o
 .text.state_await_waypoint_retract
                0x0000000008018c6c      0x10c grbl/state_machine.o
 .text.state_restore_conditions
                0x0000000008018d78       0x5c grbl/state_machine.o
 .text.state_restore
                0x0000000008018dd4       0xa4 grbl/state_machine.o
 .text.state_await_waypoint_cancel
                0x0000000008018e78       0x30 grbl/state_machine.o
 .text.initiate_hold
                0x0000000008018ea8       0xfc grbl/state_machine.o
                0x0000000008018ea8                initiate_hold
 .text.state_door_reopened
                0x0000000008018fa4       0x28 grbl/state_machine.o
                0x0000000008018fa4                state_door_reopened
 .text.state_get
                0x0000000008018fcc        0xc grbl/state_machine.o
                0x0000000008018fcc                state_get
 .text.state_set
                0x0000000008018fd8      0x1f4 grbl/state_machine.o
                0x0000000008018fd8                state_set
 .text.state_idle
                0x00000000080191cc       0x4c grbl/state_machine.o
 .text.state_await_resume
                0x0000000008019218      0x1a4 grbl/state_machine.o
 .text.state_await_restore
                0x00000000080193bc       0xb0 grbl/state_machine.o
 .text.state_await_resumed
                0x000000000801946c       0x3c grbl/state_machine.o
 .text.state_update
                0x00000000080194a8       0x28 grbl/state_machine.o
                0x00000000080194a8                state_update
 .text.state_await_toolchanged
                0x00000000080194d0       0x6c grbl/state_machine.o
 .text.state_cycle
                0x000000000801953c       0x78 grbl/state_machine.o
 .text.state_await_motion_cancel
                0x00000000080195b4       0x64 grbl/state_machine.o
 .text.state_suspend_manager
                0x0000000008019618       0xd0 grbl/state_machine.o
                0x0000000008019618                state_suspend_manager
 .text.st_deenergize
                0x00000000080196e8       0x28 grbl/stepper.o
                0x00000000080196e8                st_deenergize
 .text.output_message
                0x0000000008019710       0x24 grbl/stepper.o
 .text.st_wake_up
                0x0000000008019734       0x20 grbl/stepper.o
                0x0000000008019734                st_wake_up
 .text.st_go_idle
                0x0000000008019754       0x64 grbl/stepper.o
                0x0000000008019754                st_go_idle
 .text.stepper_driver_interrupt_handler
                0x00000000080197b8      0x2dc grbl/stepper.o
                0x00000000080197b8                stepper_driver_interrupt_handler
 .text.st_reset
                0x0000000008019a94      0x118 grbl/stepper.o
                0x0000000008019a94                st_reset
 .text.st_rpm_changed
                0x0000000008019bac        0xc grbl/stepper.o
                0x0000000008019bac                st_rpm_changed
 .text.st_update_plan_block_parameters
                0x0000000008019bb8       0x2c grbl/stepper.o
                0x0000000008019bb8                st_update_plan_block_parameters
 .text.st_parking_setup_buffer
                0x0000000008019be4       0x6c grbl/stepper.o
                0x0000000008019be4                st_parking_setup_buffer
 .text.st_parking_restore_buffer
                0x0000000008019c50       0x80 grbl/stepper.o
                0x0000000008019c50                st_parking_restore_buffer
 .text.st_prep_buffer
                0x0000000008019cd0      0x840 grbl/stepper.o
                0x0000000008019cd0                st_prep_buffer
 .text.st_get_realtime_rate
                0x000000000801a510       0x24 grbl/stepper.o
                0x000000000801a510                st_get_realtime_rate
 .text.stream_get_null
                0x000000000801a534        0x6 grbl/stream.o
 *fill*         0x000000000801a53a        0x2 
 .text.stream_rx_suspend
                0x000000000801a53c       0x38 grbl/stream.o
                0x000000000801a53c                stream_rx_suspend
 .text.stream_rx_backup
                0x000000000801a574       0x20 grbl/stream.o
                0x000000000801a574                stream_rx_backup
 .text.spindle_reset_data
                0x000000000801a594       0x1c grbl/system.o
                0x000000000801a594                spindle_reset_data
 .text.toggle_single_block
                0x000000000801a5b0       0x30 grbl/system.o
 .text.toggle_block_delete
                0x000000000801a5e0       0x30 grbl/system.o
 .text.toggle_optional_stop
                0x000000000801a610       0x30 grbl/system.o
 .text.enter_sleep
                0x000000000801a640       0x38 grbl/system.o
 .text.enumerate_alarms
                0x000000000801a678        0x8 grbl/system.o
 .text.enumerate_errors
                0x000000000801a680        0x8 grbl/system.o
 .text.enumerate_groups
                0x000000000801a688        0xc grbl/system.o
 .text.enumerate_all
                0x000000000801a694       0x20 grbl/system.o
 .text.enumerate_settings
                0x000000000801a6b4       0x10 grbl/system.o
 .text.jog      0x000000000801a6c4       0x2c grbl/system.o
 .text.set_startup_line
                0x000000000801a6f0       0x48 grbl/system.o
 .text.set_startup_line1
                0x000000000801a738        0xa grbl/system.o
 .text.set_startup_line0
                0x000000000801a742        0xa grbl/system.o
 .text.output_startup_lines
                0x000000000801a74c       0x48 grbl/system.o
 .text.settings_reset
                0x000000000801a794       0x64 grbl/system.o
 .text.output_all_build_info
                0x000000000801a7f8       0x1a grbl/system.o
 .text.build_info
                0x000000000801a812       0x42 grbl/system.o
 .text.tool_probe_workpiece
                0x000000000801a854        0x8 grbl/system.o
 .text.set_tool_reference
                0x000000000801a85c       0x60 grbl/system.o
 .text.output_help
                0x000000000801a8bc        0xa grbl/system.o
 *fill*         0x000000000801a8c6        0x2 
 .text.check_mode
                0x000000000801a8c8       0x34 grbl/system.o
 .text.disable_lock
                0x000000000801a8fc       0x98 grbl/system.o
 .text.output_ngc_parameters
                0x000000000801a994        0xa grbl/system.o
 *fill*         0x000000000801a99e        0x2 
 .text.output_parser_state
                0x000000000801a9a0       0x1c grbl/system.o
 .text.control_interrupt_handler
                0x000000000801a9bc       0xcc grbl/system.o
                0x000000000801a9bc                control_interrupt_handler
 .text.system_execute_startup
                0x000000000801aa88       0x50 grbl/system.o
                0x000000000801aa88                system_execute_startup
 .text.go_home  0x000000000801aad8       0xf4 grbl/system.o
 .text.home_z   0x000000000801abcc        0xc grbl/system.o
 .text.home_y   0x000000000801abd8        0xc grbl/system.o
 .text.home_x   0x000000000801abe4        0xc grbl/system.o
 .text.home     0x000000000801abf0        0xc grbl/system.o
 .text.read_int
                0x000000000801abfc       0x4c grbl/system.o
                0x000000000801abfc                read_int
 .text.output_all_settings
                0x000000000801ac48       0x3e grbl/system.o
 .text.output_settings
                0x000000000801ac86       0x3e grbl/system.o
 .text.system_execute_line
                0x000000000801acc4      0x1c0 grbl/system.o
                0x000000000801acc4                system_execute_line
 .text.system_flag_wco_change
                0x000000000801ae84       0x2c grbl/system.o
                0x000000000801ae84                system_flag_wco_change
 .text.system_convert_array_steps_to_mpos
                0x000000000801aeb0       0x3c grbl/system.o
                0x000000000801aeb0                system_convert_array_steps_to_mpos
 .text.system_check_travel_limits
                0x000000000801aeec       0xfc grbl/system.o
                0x000000000801aeec                system_check_travel_limits
 .text.system_apply_jog_limits
                0x000000000801afe8      0x118 grbl/system.o
                0x000000000801afe8                system_apply_jog_limits
 .text.system_raise_alarm
                0x000000000801b100       0x34 grbl/system.o
                0x000000000801b100                system_raise_alarm
 .text.change_completed
                0x000000000801b134       0x70 grbl/tool_change.o
 .text.reset    0x000000000801b1a4       0x68 grbl/tool_change.o
 .text.tool_select
                0x000000000801b20c       0x28 grbl/tool_change.o
 .text.tool_change
                0x000000000801b234      0x1fc grbl/tool_change.o
 .text.trap_control_cycle_start
                0x000000000801b430       0x70 grbl/tool_change.o
 .text.trap_stream_cycle_start
                0x000000000801b4a0       0x84 grbl/tool_change.o
 .text.execute_warning
                0x000000000801b524       0x10 grbl/tool_change.o
 .text.on_probe_completed
                0x000000000801b534       0x50 grbl/tool_change.o
 .text.restore  0x000000000801b584       0xfc grbl/tool_change.o
 .text.execute_restore
                0x000000000801b680       0x38 grbl/tool_change.o
 .text.execute_probe
                0x000000000801b6b8      0x1b0 grbl/tool_change.o
 .text.tc_init  0x000000000801b868       0x94 grbl/tool_change.o
                0x000000000801b868                tc_init
 .text.tc_clear_tlo_reference
                0x000000000801b8fc       0x60 grbl/tool_change.o
                0x000000000801b8fc                tc_clear_tlo_reference
 .text.tc_probe_workpiece
                0x000000000801b95c      0x178 grbl/tool_change.o
                0x000000000801b95c                tc_probe_workpiece
 .text.__assert_func
                0x000000000801bad4       0x3c c:/program files (x86)/stmicroelectronics/stm32cubeide_1.3.0/stm32cubeide/plugins/com.st.stm32cube.ide.mcu.externaltools.gnu-tools-for-stm32.9-2020-q2-update.win32_1.5.0.202011040924/tools/bin/../lib/gcc/arm-none-eabi/9.3.1/../../../../arm-none-eabi/lib/thumb/v7e-m+fp/hard\libc_nano.a(lib_a-assert.o)
                0x000000000801bad4                __assert_func
 .text.calloc   0x000000000801bb10       0x10 c:/program files (x86)/stmicroelectronics/stm32cubeide_1.3.0/stm32cubeide/plugins/com.st.stm32cube.ide.mcu.externaltools.gnu-tools-for-stm32.9-2020-q2-update.win32_1.5.0.202011040924/tools/bin/../lib/gcc/arm-none-eabi/9.3.1/../../../../arm-none-eabi/lib/thumb/v7e-m+fp/hard\libc_nano.a(lib_a-calloc.o)
                0x000000000801bb10                calloc
 .text.__errno  0x000000000801bb20        0xc c:/program files (x86)/stmicroelectronics/stm32cubeide_1.3.0/stm32cubeide/plugins/com.st.stm32cube.ide.mcu.externaltools.gnu-tools-for-stm32.9-2020-q2-update.win32_1.5.0.202011040924/tools/bin/../lib/gcc/arm-none-eabi/9.3.1/../../../../arm-none-eabi/lib/thumb/v7e-m+fp/hard\libc_nano.a(lib_a-errno.o)
                0x000000000801bb20                __errno
 .text.fprintf  0x000000000801bb2c       0x24 c:/program files (x86)/stmicroelectronics/stm32cubeide_1.3.0/stm32cubeide/plugins/com.st.stm32cube.ide.mcu.externaltools.gnu-tools-for-stm32.9-2020-q2-update.win32_1.5.0.202011040924/tools/bin/../lib/gcc/arm-none-eabi/9.3.1/../../../../arm-none-eabi/lib/thumb/v7e-m+fp/hard\libc_nano.a(lib_a-fprintf.o)
                0x000000000801bb2c                fiprintf
                0x000000000801bb2c                fprintf
 .text.__libc_init_array
                0x000000000801bb50       0x48 c:/program files (x86)/stmicroelectronics/stm32cubeide_1.3.0/stm32cubeide/plugins/com.st.stm32cube.ide.mcu.externaltools.gnu-tools-for-stm32.9-2020-q2-update.win32_1.5.0.202011040924/tools/bin/../lib/gcc/arm-none-eabi/9.3.1/../../../../arm-none-eabi/lib/thumb/v7e-m+fp/hard\libc_nano.a(lib_a-init.o)
                0x000000000801bb50                __libc_init_array