tmc2209hal.c:47:27:getConfig	0	static
tmc2209hal.c:109:25:GetIholdIrun	0	static
tmc2209hal.c:184:13:stealthChopGet	0	static
tmc2209hal.c:191:13:sg_filter	0	static
tmc2209hal.c:203:16:get_sg_stall_value	0	static
tmc2209hal.c:240:13:chopper_mode	0	static
tmc2209hal.c:252:13:hysteresis_end	0	static
tmc2209hal.c:246:13:hysteresis_start	0	static
tmc2209hal.c:234:13:tbl	0	static
tmc2209hal.c:228:13:toff	0	static
tmc2209hal.c:220:13:semax	0	static
tmc2209hal.c:214:13:semin	0	static
tmc2209hal.c:208:13:sedn	0	static
tmc2209hal.c:197:13:sg_stall_value	0	static
tmc2209hal.c:178:13:stealthChop	0	static
tmc2209hal.c:146:13:stallGuardEnable	16	static
tmc2209hal.c:140:13:SetTCoolThrsRaw	0	static
tmc2209hal.c:164:17:GetTPWMThrs	0	static
tmc2209hal.c:169:17:GetTPWMThrsRaw	16	static
tmc2209hal.c:120:17:GetDriverStatusRaw	16	static
tmc2209hal.c:87:25:GetDriverStatus	24	static
tmc2209hal.c:127:17:GetTStep	16	static
tmc2209hal.c:72:23:GetChopconf	16	static
tmc2209hal.c:135:13:SetTCoolThrs	0	static
tmc2209hal.c:67:17:GetCurrent	0	static
tmc2209hal.c:62:13:SetCurrent	0	static
tmc2209hal.c:57:13:SetMicrosteps	0	static
tmc2209hal.c:52:13:MicrostepsIsValid	0	static
tmc2209hal.c:296:17:TMC2209_AddAxis	32	static
