Archive member included to satisfy reference by file (symbol)

c:/program files (x86)/stmicroelectronics/stm32cubeide_1.3.0/stm32cubeide/plugins/com.st.stm32cube.ide.mcu.externaltools.gnu-tools-for-stm32.9-2020-q2-update.win32_1.5.0.202011040924/tools/bin/../lib/gcc/arm-none-eabi/9.3.1/../../../../arm-none-eabi/lib/thumb/v7e-m+fp/hard\libc_nano.a(lib_a-assert.o)
                              grbl/settings.o (__assert_func)
c:/program files (x86)/stmicroelectronics/stm32cubeide_1.3.0/stm32cubeide/plugins/com.st.stm32cube.ide.mcu.externaltools.gnu-tools-for-stm32.9-2020-q2-update.win32_1.5.0.202011040924/tools/bin/../lib/gcc/arm-none-eabi/9.3.1/../../../../arm-none-eabi/lib/thumb/v7e-m+fp/hard\libc_nano.a(lib_a-calloc.o)
                              grbl/report.o (calloc)
c:/program files (x86)/stmicroelectronics/stm32cubeide_1.3.0/stm32cubeide/plugins/com.st.stm32cube.ide.mcu.externaltools.gnu-tools-for-stm32.9-2020-q2-update.win32_1.5.0.202011040924/tools/bin/../lib/gcc/arm-none-eabi/9.3.1/../../../../arm-none-eabi/lib/thumb/v7e-m+fp/hard\libc_nano.a(lib_a-errno.o)
                              Src/syscalls.o (__errno)
c:/program files (x86)/stmicroelectronics/stm32cubeide_1.3.0/stm32cubeide/plugins/com.st.stm32cube.ide.mcu.externaltools.gnu-tools-for-stm32.9-2020-q2-update.win32_1.5.0.202011040924/tools/bin/../lib/gcc/arm-none-eabi/9.3.1/../../../../arm-none-eabi/lib/thumb/v7e-m+fp/hard\libc_nano.a(lib_a-exit.o)
                              c:/program files (x86)/stmicroelectronics/stm32cubeide_1.3.0/stm32cubeide/plugins/com.st.stm32cube.ide.mcu.externaltools.gnu-tools-for-stm32.9-2020-q2-update.win32_1.5.0.202011040924/tools/bin/../lib/gcc/arm-none-eabi/9.3.1/../../../../arm-none-eabi/lib/thumb/v7e-m+fp/hard/crt0.o (exit)
c:/program files (x86)/stmicroelectronics/stm32cubeide_1.3.0/stm32cubeide/plugins/com.st.stm32cube.ide.mcu.externaltools.gnu-tools-for-stm32.9-2020-q2-update.win32_1.5.0.202011040924/tools/bin/../lib/gcc/arm-none-eabi/9.3.1/../../../../arm-none-eabi/lib/thumb/v7e-m+fp/hard\libc_nano.a(lib_a-fprintf.o)
                              c:/program files (x86)/stmicroelectronics/stm32cubeide_1.3.0/stm32cubeide/plugins/com.st.stm32cube.ide.mcu.externaltools.gnu-tools-for-stm32.9-2020-q2-update.win32_1.5.0.202011040924/tools/bin/../lib/gcc/arm-none-eabi/9.3.1/../../../../arm-none-eabi/lib/thumb/v7e-m+fp/hard\libc_nano.a(lib_a-assert.o) (fiprintf)
c:/program files (x86)/stmicroelectronics/stm32cubeide_1.3.0/stm32cubeide/plugins/com.st.stm32cube.ide.mcu.externaltools.gnu-tools-for-stm32.9-2020-q2-update.win32_1.5.0.202011040924/tools/bin/../lib/gcc/arm-none-eabi/9.3.1/../../../../arm-none-eabi/lib/thumb/v7e-m+fp/hard\libc_nano.a(lib_a-impure.o)
                              c:/program files (x86)/stmicroelectronics/stm32cubeide_1.3.0/stm32cubeide/plugins/com.st.stm32cube.ide.mcu.externaltools.gnu-tools-for-stm32.9-2020-q2-update.win32_1.5.0.202011040924/tools/bin/../lib/gcc/arm-none-eabi/9.3.1/../../../../arm-none-eabi/lib/thumb/v7e-m+fp/hard\libc_nano.a(lib_a-exit.o) (_global_impure_ptr)
c:/program files (x86)/stmicroelectronics/stm32cubeide_1.3.0/stm32cubeide/plugins/com.st.stm32cube.ide.mcu.externaltools.gnu-tools-for-stm32.9-2020-q2-update.win32_1.5.0.202011040924/tools/bin/../lib/gcc/arm-none-eabi/9.3.1/../../../../arm-none-eabi/lib/thumb/v7e-m+fp/hard\libc_nano.a(lib_a-init.o)
                              c:/program files (x86)/stmicroelectronics/stm32cubeide_1.3.0/stm32cubeide/plugins/com.st.stm32cube.ide.mcu.externaltools.gnu-tools-for-stm32.9-2020-q2-update.win32_1.5.0.202011040924/tools/bin/../lib/gcc/arm-none-eabi/9.3.1/../../../../arm-none-eabi/lib/thumb/v7e-m+fp/hard/crt0.o (__libc_init_array)
c:/program files (x86)/stmicroelectronics/stm32cubeide_1.3.0/stm32cubeide/plugins/com.st.stm32cube.ide.mcu.externaltools.gnu-tools-for-stm32.9-2020-q2-update.win32_1.5.0.202011040924/tools/bin/../lib/gcc/arm-none-eabi/9.3.1/../../../../arm-none-eabi/lib/thumb/v7e-m+fp/hard\libc_nano.a(lib_a-malloc.o)
                              grbl/gcode.o (malloc)
c:/program files (x86)/stmicroelectronics/stm32cubeide_1.3.0/stm32cubeide/plugins/com.st.stm32cube.ide.mcu.externaltools.gnu-tools-for-stm32.9-2020-q2-update.win32_1.5.0.202011040924/tools/bin/../lib/gcc/arm-none-eabi/9.3.1/../../../../arm-none-eabi/lib/thumb/v7e-m+fp/hard\libc_nano.a(lib_a-memcmp.o)
                              Src/flash.o (memcmp)
c:/program files (x86)/stmicroelectronics/stm32cubeide_1.3.0/stm32cubeide/plugins/com.st.stm32cube.ide.mcu.externaltools.gnu-tools-for-stm32.9-2020-q2-update.win32_1.5.0.202011040924/tools/bin/../lib/gcc/arm-none-eabi/9.3.1/../../../../arm-none-eabi/lib/thumb/v7e-m+fp/hard\libc_nano.a(lib_a-memcpy-stub.o)
                              Src/flash.o (memcpy)
[...]
Memory Configuration

Name             Origin             Length             Attributes
RAM              0x0000000020000000 0x0000000000020000 xrw
CCMRAM           0x0000000010000000 0x0000000000010000 xrw
FLASH            0x0000000008000000 0x0000000000080000 xr
*default*        0x0000000000000000 0xffffffffffffffff

Linker script and memory map

LOAD c:/program files (x86)/stmicroelectronics/stm32cubeide_1.3.0/stm32cubeide/plugins/com.st.stm32cube.ide.mcu.externaltools.gnu-tools-for-stm32.9-2020-q2-update.win32_1.5.0.202011040924/tools/bin/../lib/gcc/arm-none-eabi/9.3.1/thumb/v7e-m+fp/hard/crti.o
LOAD c:/program files (x86)/stmicroelectronics/stm32cubeide_1.3.0/stm32cubeide/plugins/com.st.stm32cube.ide.mcu.externaltools.gnu-tools-for-stm32.9-2020-q2-update.win32_1.5.0.202011040924/tools/bin/../lib/gcc/arm-none-eabi/9.3.1/thumb/v7e-m+fp/hard/crtbegin.o
LOAD c:/program files (x86)/stmicroelectronics/stm32cubeide_1.3.0/stm32cubeide/plugins/com.st.stm32cube.ide.mcu.externaltools.gnu-tools-for-stm32.9-2020-q2-update.win32_1.5.0.202011040924/tools/bin/../lib/gcc/arm-none-eabi/9.3.1/../../../../arm-none-eabi/lib/thumb/v7e-m+fp/hard/crt0.o
LOAD Drivers/STM32F4xx_HAL_Driver/Src/stm32f4xx_hal.o
LOAD Drivers/STM32F4xx_HAL_Driver/Src/stm32f4xx_hal_cortex.o
LOAD Drivers/STM32F4xx_HAL_Driver/Src/stm32f4xx_hal_dma.o
LOAD Drivers/STM32F4xx_HAL_Driver/Src/stm32f4xx_hal_dma_ex.o
LOAD Drivers/STM32F4xx_HAL_Driver/Src/stm32f4xx_hal_exti.o
LOAD Drivers/STM32F4xx_HAL_Driver/Src/stm32f4xx_hal_flash.o
LOAD Drivers/STM32F4xx_HAL_Driver/Src/stm32f4xx_hal_flash_ex.o
LOAD Drivers/STM32F4xx_HAL_Driver/Src/stm32f4xx_hal_flash_ramfunc.o
LOAD Drivers/STM32F4xx_HAL_Driver/Src/stm32f4xx_hal_gpio.o
LOAD Drivers/STM32F4xx_HAL_Driver/Src/stm32f4xx_hal_i2c.o
LOAD Drivers/STM32F4xx_HAL_Driver/Src/stm32f4xx_hal_i2c_ex.o
LOAD Drivers/STM32F4xx_HAL_Driver/Src/stm32f4xx_hal_i2s.o
LOAD Drivers/STM32F4xx_HAL_Driver/Src/stm32f4xx_hal_i2s_ex.o
LOAD Drivers/STM32F4xx_HAL_Driver/Src/stm32f4xx_hal_pcd.o
LOAD Drivers/STM32F4xx_HAL_Driver/Src/stm32f4xx_hal_pcd_ex.o
LOAD Drivers/STM32F4xx_HAL_Driver/Src/stm32f4xx_hal_pwr.o
LOAD Drivers/STM32F4xx_HAL_Driver/Src/stm32f4xx_hal_pwr_ex.o
LOAD Drivers/STM32F4xx_HAL_Driver/Src/stm32f4xx_hal_rcc.o
LOAD Drivers/STM32F4xx_HAL_Driver/Src/stm32f4xx_hal_rcc_ex.o
LOAD Drivers/STM32F4xx_HAL_Driver/Src/stm32f4xx_hal_spi.o
LOAD Drivers/STM32F4xx_HAL_Driver/Src/stm32f4xx_hal_tim.o
LOAD Drivers/STM32F4xx_HAL_Driver/Src/stm32f4xx_hal_tim_ex.o
LOAD Drivers/STM32F4xx_HAL_Driver/Src/stm32f4xx_hal_uart.o
LOAD Drivers/STM32F4xx_HAL_Driver/Src/stm32f4xx_ll_usb.o
LOAD Src/diskio.o
LOAD Src/driver.o
LOAD Src/flash.o
LOAD Src/i2c.o
LOAD Src/main.o
LOAD Src/serial.o
LOAD Src/spi.o
LOAD Src/st_morpho.o
LOAD Src/st_morpo_dac.o
LOAD Src/stm32f4xx_hal_msp.o
LOAD Src/stm32f4xx_it.o
LOAD Src/syscalls.o
LOAD Src/sysmem.o
LOAD Src/system_stm32f4xx.o
LOAD Src/usb_serial.o
LOAD Startup/startup_stm32f401ccux.o
LOAD eeprom/eeprom_24AAxxx.o
LOAD eeprom/eeprom_24LC16B.o
LOAD grbl/coolant_control.o
LOAD grbl/corexy.o
LOAD grbl/gcode.o
LOAD grbl/grbllib.o
LOAD grbl/limits.o
LOAD grbl/maslow.o
LOAD grbl/motion_control.o
LOAD grbl/my_plugin.o
LOAD grbl/nuts_bolts.o
LOAD grbl/nvs_buffer.o
LOAD grbl/override.o
LOAD grbl/pid.o
LOAD grbl/planner.o
LOAD grbl/protocol.o
LOAD grbl/report.o
LOAD grbl/settings.o
LOAD grbl/sleep.o
LOAD grbl/spindle_control.o
LOAD grbl/state_machine.o
LOAD grbl/stepper.o
LOAD grbl/stream.o
LOAD grbl/system.o
LOAD grbl/tool_change.o
LOAD grbl/wall_plotter.o
LOAD keypad/keypad.o
LOAD laser/coolant.o
LOAD laser/ppi.o
LOAD odometer/odometer.o
LOAD sdcard/sdcard.o
LOAD trinamic/common.o
LOAD trinamic/tmc2130.o
LOAD trinamic/tmc2130hal.o
LOAD trinamic/tmc2209.o
LOAD trinamic/tmc2209hal.o
LOAD trinamic/tmc26x.o
LOAD trinamic/tmc5160.o
LOAD trinamic/tmc5160hal.o
LOAD trinamic/tmc_interface.o
START GROUP
LOAD c:/program files (x86)/stmicroelectronics/stm32cubeide_1.3.0/stm32cubeide/plugins/com.st.stm32cube.ide.mcu.externaltools.gnu-tools-for-stm32.9-2020-q2-update.win32_1.5.0.202011040924/tools/bin/../lib/gcc/arm-none-eabi/9.3.1/../../../../arm-none-eabi/lib/thumb/v7e-m+fp/hard\libc_nano.a
LOAD c:/program files (x86)/stmicroelectronics/stm32cubeide_1.3.0/stm32cubeide/plugins/com.st.stm32cube.ide.mcu.externaltools.gnu-tools-for-stm32.9-2020-q2-update.win32_1.5.0.202011040924/tools/bin/../lib/gcc/arm-none-eabi/9.3.1/../../../../arm-none-eabi/lib/thumb/v7e-m+fp/hard\libm.a
END GROUP
START GROUP
LOAD c:/program files (x86)/stmicroelectronics/stm32cubeide_1.3.0/stm32cubeide/plugins/com.st.stm32cube.ide.mcu.externaltools.gnu-tools-for-stm32.9-2020-q2-update.win32_1.5.0.202011040924/tools/bin/../lib/gcc/arm-none-eabi/9.3.1/thumb/v7e-m+fp/hard\libgcc.a
LOAD c:/program files (x86)/stmicroelectronics/stm32cubeide_1.3.0/stm32cubeide/plugins/com.st.stm32cube.ide.mcu.externaltools.gnu-tools-for-stm32.9-2020-q2-update.win32_1.5.0.202011040924/tools/bin/../lib/gcc/arm-none-eabi/9.3.1/../../../../arm-none-eabi/lib/thumb/v7e-m+fp/hard\libc_nano.a
END GROUP
START GROUP
LOAD c:/program files (x86)/stmicroelectronics/stm32cubeide_1.3.0/stm32cubeide/plugins/com.st.stm32cube.ide.mcu.externaltools.gnu-tools-for-stm32.9-2020-q2-update.win32_1.5.0.202011040924/tools/bin/../lib/gcc/arm-none-eabi/9.3.1/thumb/v7e-m+fp/hard\libgcc.a
LOAD c:/program files (x86)/stmicroelectronics/stm32cubeide_1.3.0/stm32cubeide/plugins/com.st.stm32cube.ide.mcu.externaltools.gnu-tools-for-stm32.9-2020-q2-update.win32_1.5.0.202011040924/tools/bin/../lib/gcc/arm-none-eabi/9.3.1/../../../../arm-none-eabi/lib/thumb/v7e-m+fp/hard\libc_nano.a
LOAD c:/program files (x86)/stmicroelectronics/stm32cubeide_1.3.0/stm32cubeide/plugins/com.st.stm32cube.ide.mcu.externaltools.gnu-tools-for-stm32.9-2020-q2-update.win32_1.5.0.202011040924/tools/bin/../lib/gcc/arm-none-eabi/9.3.1/../../../../arm-none-eabi/lib/thumb/v7e-m+fp/hard\libnosys.a
END GROUP
START GROUP
LOAD c:/program files (x86)/stmicroelectronics/stm32cubeide_1.3.0/stm32cubeide/plugins/com.st.stm32cube.ide.mcu.externaltools.gnu-tools-for-stm32.9-2020-q2-update.win32_1.5.0.202011040924/tools/bin/../lib/gcc/arm-none-eabi/9.3.1/thumb/v7e-m+fp/hard\libgcc.a
LOAD c:/program files (x86)/stmicroelectronics/stm32cubeide_1.3.0/stm32cubeide/plugins/com.st.stm32cube.ide.mcu.externaltools.gnu-tools-for-stm32.9-2020-q2-update.win32_1.5.0.202011040924/tools/bin/../lib/gcc/arm-none-eabi/9.3.1/../../../../arm-none-eabi/lib/thumb/v7e-m+fp/hard\libc_nano.a
LOAD c:/program files (x86)/stmicroelectronics/stm32cubeide_1.3.0/stm32cubeide/plugins/com.st.stm32cube.ide.mcu.externaltools.gnu-tools-for-stm32.9-2020-q2-update.win32_1.5.0.202011040924/tools/bin/../lib/gcc/arm-none-eabi/9.3.1/../../../../arm-none-eabi/lib/thumb/v7e-m+fp/hard\libnosys.a
END GROUP
LOAD c:/program files (x86)/stmicroelectronics/stm32cubeide_1.3.0/stm32cubeide/plugins/com.st.stm32cube.ide.mcu.externaltools.gnu-tools-for-stm32.9-2020-q2-update.win32_1.5.0.202011040924/tools/bin/../lib/gcc/arm-none-eabi/9.3.1/thumb/v7e-m+fp/hard/crtend.o
LOAD c:/program files (x86)/stmicroelectronics/stm32cubeide_1.3.0/stm32cubeide/plugins/com.st.stm32cube.ide.mcu.externaltools.gnu-tools-for-stm32.9-2020-q2-update.win32_1.5.0.202011040924/tools/bin/../lib/gcc/arm-none-eabi/9.3.1/thumb/v7e-m+fp/hard/crtn.o
                0x0000000020020000                _estack = 0x20020000
                0x0000000000000200                _Min_Heap_Size = 0x200
                0x0000000000000400                _Min_Stack_Size = 0x400

.isr_vector     0x0000000008000000      0x194
                0x0000000008000000                . = ALIGN (0x4)
 *(.isr_vector)
 .isr_vector    0x0000000008000000      0x194 Startup/startup_stm32f401ccux.o
                0x0000000008000000                g_pfnVectors
                0x0000000008000194                . = ALIGN (0x4)

.text           0x00000000080001a0    0x12274
                0x00000000080001a0                . = ALIGN (0x4)
 *(.text)
 .text          0x00000000080001a0       0x40 c:/program files (x86)/stmicroelectronics/stm32cubeide_1.3.0/stm32cubeide/plugins/com.st.stm32cube.ide.mcu.externaltools.gnu-tools-for-stm32.9-2020-q2-update.win32_1.5.0.202011040924/tools/bin/../lib/gcc/arm-none-eabi/9.3.1/thumb/v7e-m+fp/hard/crtbegin.o
 .text          0x00000000080001e0       0x14 c:/program files (x86)/stmicroelectronics/stm32cubeide_1.3.0/stm32cubeide/plugins/com.st.stm32cube.ide.mcu.externaltools.gnu-tools-for-stm32.9-2020-q2-update.win32_1.5.0.202011040924/tools/bin/../lib/gcc/arm-none-eabi/9.3.1/../../../../arm-none-eabi/lib/thumb/v7e-m+fp/hard\libc_nano.a(lib_a-strcmp.o)
                0x00000000080001e0                strcmp
 .text          0x00000000080001f4       0x10 c:/program files (x86)/stmicroelectronics/stm32cubeide_1.3.0/stm32cubeide/plugins/com.st.stm32cube.ide.mcu.externaltools.gnu-tools-for-stm32.9-2020-q2-update.win32_1.5.0.202011040924/tools/bin/../lib/gcc/arm-none-eabi/9.3.1/../../../../arm-none-eabi/lib/thumb/v7e-m+fp/hard\libc_nano.a(lib_a-strlen.o)
                0x00000000080001f4                strlen
 *fill*         0x0000000008000204        0xc 
 .text          0x0000000008000210       0xa0 c:/program files (x86)/stmicroelectronics/stm32cubeide_1.3.0/stm32cubeide/plugins/com.st.stm32cube.ide.mcu.externaltools.gnu-tools-for-stm32.9-2020-q2-update.win32_1.5.0.202011040924/tools/bin/../lib/gcc/arm-none-eabi/9.3.1/../../../../arm-none-eabi/lib/thumb/v7e-m+fp/hard\libc_nano.a(lib_a-memchr.o)
                0x0000000008000210                memchr
 .text          0x00000000080002b0      0x378 c:/program files (x86)/stmicroelectronics/stm32cubeide_1.3.0/stm32cubeide/plugins/com.st.stm32cube.ide.mcu.externaltools.gnu-tools-for-stm32.9-2020-q2-update.win32_1.5.0.202011040924/tools/bin/../lib/gcc/arm-none-eabi/9.3.1/thumb/v7e-m+fp/hard\libgcc.a(_arm_addsubdf3.o)
                0x00000000080002b0                __aeabi_drsub
                0x00000000080002b8                __aeabi_dsub
                0x00000000080002b8                __subdf3
                0x00000000080002bc                __aeabi_dadd
                0x00000000080002bc                __adddf3
                0x0000000008000534                __floatunsidf
                0x0000000008000534                __aeabi_ui2d
                0x0000000008000554                __floatsidf
                0x0000000008000554                __aeabi_i2d
                0x0000000008000578                __aeabi_f2d
                0x0000000008000578                __extendsfdf2
                0x00000000080005bc                __floatundidf
                0x00000000080005bc                __aeabi_ul2d
                0x00000000080005cc                __floatdidf
                0x00000000080005cc                __aeabi_l2d
 .text          0x0000000008000628       0xa0 c:/program files (x86)/stmicroelectronics/stm32cubeide_1.3.0/stm32cubeide/plugins/com.st.stm32cube.ide.mcu.externaltools.gnu-tools-for-stm32.9-2020-q2-update.win32_1.5.0.202011040924/tools/bin/../lib/gcc/arm-none-eabi/9.3.1/thumb/v7e-m+fp/hard\libgcc.a(_arm_truncdfsf2.o)
                0x0000000008000628                __truncdfsf2
                0x0000000008000628                __aeabi_d2f
 .text          0x00000000080006c8       0x30 c:/program files (x86)/stmicroelectronics/stm32cubeide_1.3.0/stm32cubeide/plugins/com.st.stm32cube.ide.mcu.externaltools.gnu-tools-for-stm32.9-2020-q2-update.win32_1.5.0.202011040924/tools/bin/../lib/gcc/arm-none-eabi/9.3.1/thumb/v7e-m+fp/hard\libgcc.a(_aeabi_uldivmod.o)
                0x00000000080006c8                __aeabi_uldivmod
 .text          0x00000000080006f8      0x2c4 c:/program files (x86)/stmicroelectronics/stm32cubeide_1.3.0/stm32cubeide/plugins/com.st.stm32cube.ide.mcu.externaltools.gnu-tools-for-stm32.9-2020-q2-update.win32_1.5.0.202011040924/tools/bin/../lib/gcc/arm-none-eabi/9.3.1/thumb/v7e-m+fp/hard\libgcc.a(_udivmoddi4.o)
                0x00000000080006f8                __udivmoddi4
 .text          0x00000000080009bc        0x4 c:/program files (x86)/stmicroelectronics/stm32cubeide_1.3.0/stm32cubeide/plugins/com.st.stm32cube.ide.mcu.externaltools.gnu-tools-for-stm32.9-2020-q2-update.win32_1.5.0.202011040924/tools/bin/../lib/gcc/arm-none-eabi/9.3.1/thumb/v7e-m+fp/hard\libgcc.a(_dvmd_tls.o)
                0x00000000080009bc                __aeabi_idiv0
                0x00000000080009bc                __aeabi_ldiv0
 *(.text*)
 .text.HAL_InitTick
                0x00000000080009c0       0x48 Drivers/STM32F4xx_HAL_Driver/Src/stm32f4xx_hal.o
                0x00000000080009c0                HAL_InitTick
 .text.HAL_Init
                0x0000000008000a08       0x34 Drivers/STM32F4xx_HAL_Driver/Src/stm32f4xx_hal.o
                0x0000000008000a08                HAL_Init
 .text.HAL_IncTick
                0x0000000008000a3c       0x18 Drivers/STM32F4xx_HAL_Driver/Src/stm32f4xx_hal.o
                0x0000000008000a3c                HAL_IncTick
 .text.HAL_GetTick
                0x0000000008000a54        0xc Drivers/STM32F4xx_HAL_Driver/Src/stm32f4xx_hal.o
                0x0000000008000a54                HAL_GetTick
 .text.HAL_NVIC_SetPriorityGrouping
                0x0000000008000a60       0x24 Drivers/STM32F4xx_HAL_Driver/Src/stm32f4xx_hal_cortex.o
                0x0000000008000a60                HAL_NVIC_SetPriorityGrouping
 .text.HAL_NVIC_SetPriority
                0x0000000008000a84       0x64 Drivers/STM32F4xx_HAL_Driver/Src/stm32f4xx_hal_cortex.o
                0x0000000008000a84                HAL_NVIC_SetPriority
 .text.HAL_NVIC_EnableIRQ
                0x0000000008000ae8       0x1c Drivers/STM32F4xx_HAL_Driver/Src/stm32f4xx_hal_cortex.o
                0x0000000008000ae8                HAL_NVIC_EnableIRQ
 .text.HAL_NVIC_DisableIRQ
                0x0000000008000b04       0x28 Drivers/STM32F4xx_HAL_Driver/Src/stm32f4xx_hal_cortex.o
                0x0000000008000b04                HAL_NVIC_DisableIRQ
 .text.HAL_SYSTICK_Config
                0x0000000008000b2c       0x2c Drivers/STM32F4xx_HAL_Driver/Src/stm32f4xx_hal_cortex.o
                0x0000000008000b2c                HAL_SYSTICK_Config
 .text.FLASH_Program_DoubleWord
                0x0000000008000b58       0x2c Drivers/STM32F4xx_HAL_Driver/Src/stm32f4xx_hal_flash.o
 .text.FLASH_Program_Word
                0x0000000008000b84       0x24 Drivers/STM32F4xx_HAL_Driver/Src/stm32f4xx_hal_flash.o
 .text.FLASH_Program_HalfWord
                0x0000000008000ba8       0x24 Drivers/STM32F4xx_HAL_Driver/Src/stm32f4xx_hal_flash.o
 .text.FLASH_SetErrorCode
                0x0000000008000bcc       0x74 Drivers/STM32F4xx_HAL_Driver/Src/stm32f4xx_hal_flash.o
 .text.HAL_FLASH_Unlock
                0x0000000008000c40       0x24 Drivers/STM32F4xx_HAL_Driver/Src/stm32f4xx_hal_flash.o
                0x0000000008000c40                HAL_FLASH_Unlock
 .text.HAL_FLASH_Lock
                0x0000000008000c64       0x14 Drivers/STM32F4xx_HAL_Driver/Src/stm32f4xx_hal_flash.o
                0x0000000008000c64                HAL_FLASH_Lock
 .text.FLASH_WaitForLastOperation
                0x0000000008000c78       0x54 Drivers/STM32F4xx_HAL_Driver/Src/stm32f4xx_hal_flash.o
                0x0000000008000c78                FLASH_WaitForLastOperation
 .text.HAL_FLASH_Program
                0x0000000008000ccc       0x8c Drivers/STM32F4xx_HAL_Driver/Src/stm32f4xx_hal_flash.o
                0x0000000008000ccc                HAL_FLASH_Program
 .text.FLASH_MassErase.isra.0
                0x0000000008000d58       0x24 Drivers/STM32F4xx_HAL_Driver/Src/stm32f4xx_hal_flash_ex.o
 .text.FLASH_Erase_Sector
                0x0000000008000d7c       0x4c Drivers/STM32F4xx_HAL_Driver/Src/stm32f4xx_hal_flash_ex.o
                0x0000000008000d7c                FLASH_Erase_Sector
 .text.FLASH_FlushCaches
                0x0000000008000dc8       0x58 Drivers/STM32F4xx_HAL_Driver/Src/stm32f4xx_hal_flash_ex.o
                0x0000000008000dc8                FLASH_FlushCaches
 .text.HAL_FLASHEx_Erase
                0x0000000008000e20       0x9c Drivers/STM32F4xx_HAL_Driver/Src/stm32f4xx_hal_flash_ex.o
                0x0000000008000e20                HAL_FLASHEx_Erase
 .text.HAL_GPIO_Init
                0x0000000008000ebc      0x1bc Drivers/STM32F4xx_HAL_Driver/Src/stm32f4xx_hal_gpio.o
                0x0000000008000ebc                HAL_GPIO_Init
 .text.HAL_PCD_DataOutStageCallback
                0x0000000008001078        0x2 Drivers/STM32F4xx_HAL_Driver/Src/stm32f4xx_hal_pcd.o
                0x0000000008001078                HAL_PCD_DataOutStageCallback
 .text.HAL_PCD_DataInStageCallback
                0x000000000800107a        0x2 Drivers/STM32F4xx_HAL_Driver/Src/stm32f4xx_hal_pcd.o
                0x000000000800107a                HAL_PCD_DataInStageCallback
 .text.HAL_PCD_SetupStageCallback
                0x000000000800107c        0x2 Drivers/STM32F4xx_HAL_Driver/Src/stm32f4xx_hal_pcd.o
                0x000000000800107c                HAL_PCD_SetupStageCallback
 .text.HAL_PCD_SOFCallback
                0x000000000800107e        0x2 Drivers/STM32F4xx_HAL_Driver/Src/stm32f4xx_hal_pcd.o
                0x000000000800107e                HAL_PCD_SOFCallback
 .text.HAL_PCD_ResetCallback
                0x0000000008001080        0x2 Drivers/STM32F4xx_HAL_Driver/Src/stm32f4xx_hal_pcd.o
                0x0000000008001080                HAL_PCD_ResetCallback
 .text.HAL_PCD_SuspendCallback
                0x0000000008001082        0x2 Drivers/STM32F4xx_HAL_Driver/Src/stm32f4xx_hal_pcd.o
                0x0000000008001082                HAL_PCD_SuspendCallback
 .text.HAL_PCD_ResumeCallback
                0x0000000008001084        0x2 Drivers/STM32F4xx_HAL_Driver/Src/stm32f4xx_hal_pcd.o
                0x0000000008001084                HAL_PCD_ResumeCallback
 .text.HAL_PCD_ISOOUTIncompleteCallback
                0x0000000008001086        0x2 Drivers/STM32F4xx_HAL_Driver/Src/stm32f4xx_hal_pcd.o
                0x0000000008001086                HAL_PCD_ISOOUTIncompleteCallback
 .text.HAL_PCD_ISOINIncompleteCallback
                0x0000000008001088        0x2 Drivers/STM32F4xx_HAL_Driver/Src/stm32f4xx_hal_pcd.o
                0x0000000008001088                HAL_PCD_ISOINIncompleteCallback
 .text.HAL_PCD_ConnectCallback
                0x000000000800108a        0x2 Drivers/STM32F4xx_HAL_Driver/Src/stm32f4xx_hal_pcd.o
                0x000000000800108a                HAL_PCD_ConnectCallback
 .text.HAL_PCD_DisconnectCallback
                0x000000000800108c        0x2 Drivers/STM32F4xx_HAL_Driver/Src/stm32f4xx_hal_pcd.o
                0x000000000800108c                HAL_PCD_DisconnectCallback
 *fill*         0x000000000800108e        0x2 
 .text.HAL_PCD_IRQHandler
                0x0000000008001090      0x560 Drivers/STM32F4xx_HAL_Driver/Src/stm32f4xx_hal_pcd.o
                0x0000000008001090                HAL_PCD_IRQHandler
 .text.HAL_PCDEx_LPM_Callback
                0x00000000080015f0        0x2 Drivers/STM32F4xx_HAL_Driver/Src/stm32f4xx_hal_pcd_ex.o
                0x00000000080015f0                HAL_PCDEx_LPM_Callback
 *fill*         0x00000000080015f2        0x2 
 .text.HAL_RCC_OscConfig
                0x00000000080015f4      0x350 Drivers/STM32F4xx_HAL_Driver/Src/stm32f4xx_hal_rcc.o
                0x00000000080015f4                HAL_RCC_OscConfig
 .text.HAL_RCC_GetSysClockFreq
                0x0000000008001944       0x5c Drivers/STM32F4xx_HAL_Driver/Src/stm32f4xx_hal_rcc.o
                0x0000000008001944                HAL_RCC_GetSysClockFreq
 .text.HAL_RCC_ClockConfig
                0x00000000080019a0      0x138 Drivers/STM32F4xx_HAL_Driver/Src/stm32f4xx_hal_rcc.o
                0x00000000080019a0                HAL_RCC_ClockConfig
 .text.HAL_RCC_GetHCLKFreq
                0x0000000008001ad8        0xc Drivers/STM32F4xx_HAL_Driver/Src/stm32f4xx_hal_rcc.o
                0x0000000008001ad8                HAL_RCC_GetHCLKFreq
 .text.HAL_RCC_GetPCLK2Freq
                0x0000000008001ae4       0x20 Drivers/STM32F4xx_HAL_Driver/Src/stm32f4xx_hal_rcc.o
                0x0000000008001ae4                HAL_RCC_GetPCLK2Freq
 .text.TIM_Base_SetConfig
                0x0000000008001b04       0xcc Drivers/STM32F4xx_HAL_Driver/Src/stm32f4xx_hal_tim.o
                0x0000000008001b04                TIM_Base_SetConfig
 .text.USB_SetTurnaroundTime
                0x0000000008001bd0       0xe0 Drivers/STM32F4xx_HAL_Driver/Src/stm32f4xx_ll_usb.o
                0x0000000008001bd0                USB_SetTurnaroundTime
 .text.USB_FlushTxFifo
                0x0000000008001cb0       0x24 Drivers/STM32F4xx_HAL_Driver/Src/stm32f4xx_ll_usb.o
                0x0000000008001cb0                USB_FlushTxFifo
 .text.USB_GetDevSpeed
                0x0000000008001cd4       0x16 Drivers/STM32F4xx_HAL_Driver/Src/stm32f4xx_ll_usb.o
                0x0000000008001cd4                USB_GetDevSpeed
 .text.USB_WritePacket
                0x0000000008001cea       0x26 Drivers/STM32F4xx_HAL_Driver/Src/stm32f4xx_ll_usb.o
                0x0000000008001cea                USB_WritePacket
 .text.USB_ReadPacket
                0x0000000008001d10       0x1c Drivers/STM32F4xx_HAL_Driver/Src/stm32f4xx_ll_usb.o
                0x0000000008001d10                USB_ReadPacket
 .text.USB_ReadInterrupts
                0x0000000008001d2c        0x8 Drivers/STM32F4xx_HAL_Driver/Src/stm32f4xx_ll_usb.o
                0x0000000008001d2c                USB_ReadInterrupts
 .text.USB_ReadDevAllOutEpInterrupt
                0x0000000008001d34       0x10 Drivers/STM32F4xx_HAL_Driver/Src/stm32f4xx_ll_usb.o
                0x0000000008001d34                USB_ReadDevAllOutEpInterrupt
 .text.USB_ReadDevAllInEpInterrupt
                0x0000000008001d44       0x10 Drivers/STM32F4xx_HAL_Driver/Src/stm32f4xx_ll_usb.o
                0x0000000008001d44                USB_ReadDevAllInEpInterrupt
 .text.USB_ReadDevOutEPInterrupt
                0x0000000008001d54       0x12 Drivers/STM32F4xx_HAL_Driver/Src/stm32f4xx_ll_usb.o
                0x0000000008001d54                USB_ReadDevOutEPInterrupt
 .text.USB_ReadDevInEPInterrupt
                0x0000000008001d66       0x24 Drivers/STM32F4xx_HAL_Driver/Src/stm32f4xx_ll_usb.o
                0x0000000008001d66                USB_ReadDevInEPInterrupt
 .text.USB_GetMode
                0x0000000008001d8a        0x8 Drivers/STM32F4xx_HAL_Driver/Src/stm32f4xx_ll_usb.o
                0x0000000008001d8a                USB_GetMode
 .text.USB_ActivateSetup
                0x0000000008001d92       0x20 Drivers/STM32F4xx_HAL_Driver/Src/stm32f4xx_ll_usb.o
                0x0000000008001d92                USB_ActivateSetup
 *fill*         0x0000000008001db2        0x2 
 .text.USB_EP0_OutStart
                0x0000000008001db4       0x4c Drivers/STM32F4xx_HAL_Driver/Src/stm32f4xx_ll_usb.o
                0x0000000008001db4                USB_EP0_OutStart
 .text.__enable_irq
                0x0000000008001e00        0x4 Src/driver.o
 .text.__disable_irq
                0x0000000008001e04        0x4 Src/driver.o
 .text.stepperEnable
                0x0000000008001e08       0x1c Src/driver.o
 .text.stepperWakeUp
                0x0000000008001e24       0x24 Src/driver.o
 .text.stepperGoIdle
                0x0000000008001e48       0x14 Src/driver.o
 .text.stepperCyclesPerTick
                0x0000000008001e5c       0x18 Src/driver.o
 .text.stepperPulseStart
                0x0000000008001e74       0x50 Src/driver.o
 .text.limitsGetState
                0x0000000008001ec4       0x60 Src/driver.o
 .text.systemGetState
                0x0000000008001f24       0x28 Src/driver.o
 .text.probeConfigure
                0x0000000008001f4c       0x34 Src/driver.o
 .text.probeGetState
                0x0000000008001f80       0x2c Src/driver.o
                0x0000000008001f80                probeGetState
 .text.spindleGetState
                0x0000000008001fac       0x3c Src/driver.o
 .text.coolantSetState
                0x0000000008001fe8       0x24 Src/driver.o
 .text.coolantGetState
                0x000000000800200c       0x2c Src/driver.o
 .text.bitsSetAtomic
                0x0000000008002038        0xc Src/driver.o
 .text.bitsClearAtomic
                0x0000000008002044       0x12 Src/driver.o
 .text.valueSetAtomic
                0x0000000008002056        0xc Src/driver.o
 *fill*         0x0000000008002062        0x2 
 .text.getElapsedTicks
                0x0000000008002064        0xc Src/driver.o
 .text.spindleGetPWM
                0x0000000008002070        0xc Src/driver.o
 .text.driver_delay
                0x000000000800207c       0x1c Src/driver.o
 .text.stepperPulseStartDelayed
                0x0000000008002098       0x6c Src/driver.o
 .text.limitsEnable
                0x0000000008002104       0x30 Src/driver.o
 .text.spindle_set_speed
                0x0000000008002134       0x78 Src/driver.o
 .text.settings_changed
                0x00000000080021ac      0x444 Src/driver.o
                0x00000000080021ac                settings_changed
 .text.driver_setup
                0x00000000080025f0      0x244 Src/driver.o
 .text.spindleSetStateVariable
                0x0000000008002834       0x68 Src/driver.o
 .text.spindleSetState
                0x000000000800289c       0x4c Src/driver.o
 .text.driver_init
                0x00000000080028e8      0x180 Src/driver.o
                0x00000000080028e8                driver_init
 .text.TIM5_IRQHandler
                0x0000000008002a68       0x20 Src/driver.o
                0x0000000008002a68                TIM5_IRQHandler
 .text.TIM4_IRQHandler
                0x0000000008002a88       0x68 Src/driver.o
                0x0000000008002a88                TIM4_IRQHandler
 .text.TIM1_BRK_TIM9_IRQHandler
                0x0000000008002af0       0x64 Src/driver.o
                0x0000000008002af0                TIM1_BRK_TIM9_IRQHandler
 .text.EXTI9_5_IRQHandler
                0x0000000008002b54       0x60 Src/driver.o
                0x0000000008002b54                EXTI9_5_IRQHandler
 .text.EXTI15_10_IRQHandler
                0x0000000008002bb4       0x5c Src/driver.o
                0x0000000008002bb4                EXTI15_10_IRQHandler
 .text.Driver_IncTick
                0x0000000008002c10       0x20 Src/driver.o
                0x0000000008002c10                Driver_IncTick
 .text.memcpy_from_flash
                0x0000000008002c30       0x1c Src/flash.o
                0x0000000008002c30                memcpy_from_flash
 .text.memcpy_to_flash
                0x0000000008002c4c       0x74 Src/flash.o
                0x0000000008002c4c                memcpy_to_flash
 .text.startup.main
                0x0000000008002cc0      0x104 Src/main.o
                0x0000000008002cc0                main
 .text.serialGetC
                0x0000000008002dc4       0x28 Src/serial.o
                0x0000000008002dc4                serialGetC
 .text.USART1_IRQHandler
                0x0000000008002dec       0xa4 Src/serial.o
                0x0000000008002dec                USART1_IRQHandler
 .text.HAL_MspInit
                0x0000000008002e90       0x3c Src/stm32f4xx_hal_msp.o
                0x0000000008002e90                HAL_MspInit
 .text.NMI_Handler
                0x0000000008002ecc        0x2 Src/stm32f4xx_it.o
                0x0000000008002ecc                NMI_Handler
 .text.HardFault_Handler
                0x0000000008002ece        0x2 Src/stm32f4xx_it.o
                0x0000000008002ece                HardFault_Handler
 .text.MemManage_Handler
                0x0000000008002ed0        0x2 Src/stm32f4xx_it.o
                0x0000000008002ed0                MemManage_Handler
 .text.BusFault_Handler
                0x0000000008002ed2        0x2 Src/stm32f4xx_it.o
                0x0000000008002ed2                BusFault_Handler
 .text.UsageFault_Handler
                0x0000000008002ed4        0x2 Src/stm32f4xx_it.o
                0x0000000008002ed4                UsageFault_Handler
 .text.SVC_Handler
                0x0000000008002ed6        0x2 Src/stm32f4xx_it.o
                0x0000000008002ed6                SVC_Handler
 .text.DebugMon_Handler
                0x0000000008002ed8        0x2 Src/stm32f4xx_it.o
                0x0000000008002ed8                DebugMon_Handler
 .text.PendSV_Handler
                0x0000000008002eda        0x2 Src/stm32f4xx_it.o
                0x0000000008002eda                PendSV_Handler
 .text.SysTick_Handler
                0x0000000008002edc        0xe Src/stm32f4xx_it.o
                0x0000000008002edc                SysTick_Handler
 *fill*         0x0000000008002eea        0x2 
 .text.OTG_FS_IRQHandler
                0x0000000008002eec        0xc Src/stm32f4xx_it.o
                0x0000000008002eec                OTG_FS_IRQHandler
 .text._getpid  0x0000000008002ef8        0x4 Src/syscalls.o
                0x0000000008002ef8                _getpid
 .text._kill    0x0000000008002efc       0x10 Src/syscalls.o
                0x0000000008002efc                _kill
 .text._exit    0x0000000008002f0c        0xc Src/syscalls.o
                0x0000000008002f0c                _exit
 .text._read    0x0000000008002f18       0x1a Src/syscalls.o
                0x0000000008002f18                _read
 .text._write   0x0000000008002f32       0x1a Src/syscalls.o
                0x0000000008002f32                _write
 .text._close   0x0000000008002f4c        0x6 Src/syscalls.o
                0x0000000008002f4c                _close
 .text._fstat   0x0000000008002f52        0xa Src/syscalls.o
                0x0000000008002f52                _fstat
 .text._isatty  0x0000000008002f5c        0x4 Src/syscalls.o
                0x0000000008002f5c                _isatty
 .text._lseek   0x0000000008002f60        0x4 Src/syscalls.o
                0x0000000008002f60                _lseek
 .text._sbrk    0x0000000008002f64       0x34 Src/sysmem.o
                0x0000000008002f64                _sbrk
 .text.SystemInit
                0x0000000008002f98       0x1c Src/system_stm32f4xx.o
                0x0000000008002f98                SystemInit
 .text.usbGetC  0x0000000008002fb4       0x28 Src/usb_serial.o
                0x0000000008002fb4                usbGetC
 .text.usb_write
                0x0000000008002fdc       0x88 Src/usb_serial.o
 .text.usbInit  0x0000000008003064       0x1c Src/usb_serial.o
                0x0000000008003064                usbInit
 .text.usbRxFree
                0x0000000008003080       0x1c Src/usb_serial.o
                0x0000000008003080                usbRxFree
 .text.usbRxFlush
                0x000000000800309c       0x10 Src/usb_serial.o
                0x000000000800309c                usbRxFlush
 .text.usbRxCancel
                0x00000000080030ac       0x20 Src/usb_serial.o
                0x00000000080030ac                usbRxCancel
 .text.usbWriteS
                0x00000000080030cc       0x4c Src/usb_serial.o
                0x00000000080030cc                usbWriteS
 .text.usbSuspendInput
                0x0000000008003118        0xc Src/usb_serial.o
                0x0000000008003118                usbSuspendInput
 .text.Reset_Handler
                0x0000000008003124       0x50 Startup/startup_stm32f401ccux.o
                0x0000000008003124                Reset_Handler
 .text.Default_Handler
                0x0000000008003174        0x2 Startup/startup_stm32f401ccux.o
                0x0000000008003174                RTC_Alarm_IRQHandler
                0x0000000008003174                EXTI2_IRQHandler
                0x0000000008003174                SPI4_IRQHandler
                0x0000000008003174                TIM1_CC_IRQHandler
                0x0000000008003174                DMA2_Stream5_IRQHandler
                0x0000000008003174                DMA1_Stream5_IRQHandler
                0x0000000008003174                PVD_IRQHandler
                0x0000000008003174                SDIO_IRQHandler
                0x0000000008003174                TAMP_STAMP_IRQHandler
                0x0000000008003174                EXTI3_IRQHandler
                0x0000000008003174                TIM1_UP_TIM10_IRQHandler
                0x0000000008003174                I2C3_ER_IRQHandler
                0x0000000008003174                EXTI0_IRQHandler
                0x0000000008003174                I2C2_EV_IRQHandler
                0x0000000008003174                DMA1_Stream2_IRQHandler
                0x0000000008003174                FPU_IRQHandler
                0x0000000008003174                DMA2_Stream2_IRQHandler
                0x0000000008003174                SPI1_IRQHandler
                0x0000000008003174                DMA2_Stream3_IRQHandler
                0x0000000008003174                USART6_IRQHandler
                0x0000000008003174                DMA2_Stream0_IRQHandler
                0x0000000008003174                I2C1_EV_IRQHandler
                0x0000000008003174                DMA1_Stream6_IRQHandler
                0x0000000008003174                DMA1_Stream1_IRQHandler
                0x0000000008003174                TIM3_IRQHandler
                0x0000000008003174                RCC_IRQHandler
                0x0000000008003174                Default_Handler
                0x0000000008003174                ADC_IRQHandler
                0x0000000008003174                DMA1_Stream7_IRQHandler
                0x0000000008003174                DMA2_Stream7_IRQHandler
                0x0000000008003174                I2C3_EV_IRQHandler
                0x0000000008003174                RTC_WKUP_IRQHandler
                0x0000000008003174                SPI2_IRQHandler
                0x0000000008003174                DMA1_Stream0_IRQHandler
                0x0000000008003174                EXTI4_IRQHandler
                0x0000000008003174                WWDG_IRQHandler
                0x0000000008003174                TIM2_IRQHandler
                0x0000000008003174                OTG_FS_WKUP_IRQHandler
                0x0000000008003174                TIM1_TRG_COM_TIM11_IRQHandler
                0x0000000008003174                EXTI1_IRQHandler
                0x0000000008003174                USART2_IRQHandler
                0x0000000008003174                I2C2_ER_IRQHandler
                0x0000000008003174                DMA2_Stream1_IRQHandler
                0x0000000008003174                FLASH_IRQHandler
                0x0000000008003174                DMA2_Stream4_IRQHandler
                0x0000000008003174                SPI3_IRQHandler
                0x0000000008003174                DMA1_Stream4_IRQHandler
                0x0000000008003174                I2C1_ER_IRQHandler
                0x0000000008003174                DMA2_Stream6_IRQHandler
                0x0000000008003174                DMA1_Stream3_IRQHandler
 *fill*         0x0000000008003176        0x2 
 .text.coolant_set_state
                0x0000000008003178       0x28 grbl/coolant_control.o
                0x0000000008003178                coolant_set_state
 .text.coolant_sync
                0x00000000080031a0       0x22 grbl/coolant_control.o
                0x00000000080031a0                coolant_sync
 *fill*         0x00000000080031c2        0x2 
 .text.init_sync_motion
                0x00000000080031c4       0x9c grbl/gcode.o
 .text.add_output_command.constprop.0
                0x0000000008003260       0x38 grbl/gcode.o
 .text.gc_get_scaling
                0x0000000008003298        0x8 grbl/gcode.o
                0x0000000008003298                gc_get_scaling
 .text.gc_get_g51_state
                0x00000000080032a0       0x30 grbl/gcode.o
                0x00000000080032a0                gc_get_g51_state
 .text.set_scaling.constprop.0
                0x00000000080032d0       0x48 grbl/gcode.o
 .text.gc_get_offset
                0x0000000008003318       0x20 grbl/gcode.o
                0x0000000008003318                gc_get_offset
 .text.gc_set_tool_offset
                0x0000000008003338       0xa4 grbl/gcode.o
                0x0000000008003338                gc_set_tool_offset
 .text.gc_get_plane_data
                0x00000000080033dc       0x26 grbl/gcode.o
                0x00000000080033dc                gc_get_plane_data
 *fill*         0x0000000008003402        0x2 
 .text.gc_init  0x0000000008003404       0xc8 grbl/gcode.o
                0x0000000008003404                gc_init
 .text.gc_execute_block
                0x00000000080034cc     0x2594 grbl/gcode.o
                0x00000000080034cc                gc_execute_block
 .text.dummy_bool_handler
                0x0000000008005a60        0x2 grbl/grbllib.o
                0x0000000008005a60                dummy_bool_handler
 *fill*         0x0000000008005a62        0x2 
 .text.stream_tx_blocking
                0x0000000008005a64       0x24 grbl/grbllib.o
 .text.grbl_enter
                0x0000000008005a88      0x234 grbl/grbllib.o
                0x0000000008005a88                grbl_enter
 .text.limits_pull_off
                0x0000000008005cbc      0x148 grbl/limits.o
 .text.limit_signals_merge
                0x0000000008005e04       0x18 grbl/limits.o
                0x0000000008005e04                limit_signals_merge
 .text.limit_interrupt_handler
                0x0000000008005e1c       0x40 grbl/limits.o
                0x0000000008005e1c                limit_interrupt_handler
 .text.limits_set_machine_positions
                0x0000000008005e5c       0x94 grbl/limits.o
                0x0000000008005e5c                limits_set_machine_positions
 .text.limits_go_home
                0x0000000008005ef0      0x4a0 grbl/limits.o
                0x0000000008005ef0                limits_go_home
 .text.limits_soft_check
                0x0000000008006390       0x58 grbl/limits.o
                0x0000000008006390                limits_soft_check
 .text.limits_set_homing_axes
                0x00000000080063e8       0x2c grbl/limits.o
                0x00000000080063e8                limits_set_homing_axes
 .text.limits_homing_required
                0x0000000008006414       0x40 grbl/limits.o
                0x0000000008006414                limits_homing_required
 .text.eval_bezier
                0x0000000008006454       0x3e grbl/motion_control.o
 *fill*         0x0000000008006492        0x2 
 .text.mc_line  0x0000000008006494       0x88 grbl/motion_control.o
                0x0000000008006494                mc_line
 *fill*         0x000000000800651c        0x4 
 .text.mc_arc   0x0000000008006520      0x248 grbl/motion_control.o
                0x0000000008006520                mc_arc
 .text.mc_cubic_b_spline
                0x0000000008006768      0x220 grbl/motion_control.o
                0x0000000008006768                mc_cubic_b_spline
 .text.mc_thread
                0x0000000008006988      0x2d4 grbl/motion_control.o
                0x0000000008006988                mc_thread
 .text.mc_jog_execute
                0x0000000008006c5c       0x78 grbl/motion_control.o
                0x0000000008006c5c                mc_jog_execute
 .text.mc_dwell
                0x0000000008006cd4       0x2e grbl/motion_control.o
                0x0000000008006cd4                mc_dwell
 *fill*         0x0000000008006d02        0x2 
 .text.mc_canned_drill
                0x0000000008006d04      0x270 grbl/motion_control.o
                0x0000000008006d04                mc_canned_drill
 .text.mc_probe_cycle
                0x0000000008006f74      0x124 grbl/motion_control.o
                0x0000000008006f74                mc_probe_cycle
 .text.mc_parking_motion
                0x0000000008007098       0x38 grbl/motion_control.o
                0x0000000008007098                mc_parking_motion
 .text.mc_override_ctrl_update
                0x00000000080070d0       0x18 grbl/motion_control.o
                0x00000000080070d0                mc_override_ctrl_update
 .text.mc_reset
                0x00000000080070e8       0x8c grbl/motion_control.o
                0x00000000080070e8                mc_reset
 .text.mc_homing_cycle
                0x0000000008007174      0x1ac grbl/motion_control.o
                0x0000000008007174                mc_homing_cycle
 .text.my_plugin_init
                0x0000000008007320        0x2 grbl/my_plugin.o
                0x0000000008007320                my_plugin_init
 *fill*         0x0000000008007322        0x2 
 .text.uitoa    0x0000000008007324       0x38 grbl/nuts_bolts.o
                0x0000000008007324                uitoa
 .text.ftoa     0x000000000800735c       0xf0 grbl/nuts_bolts.o
                0x000000000800735c                ftoa
 .text.read_float
                0x000000000800744c       0xc4 grbl/nuts_bolts.o
                0x000000000800744c                read_float
 .text.isintf   0x0000000008007510       0x34 grbl/nuts_bolts.o
                0x0000000008007510                isintf
 .text.delay_sec
                0x0000000008007544       0x4c grbl/nuts_bolts.o
                0x0000000008007544                delay_sec
 .text.convert_delta_vector_to_unit_vector
                0x0000000008007590       0x58 grbl/nuts_bolts.o
                0x0000000008007590                convert_delta_vector_to_unit_vector
 .text.calc_checksum
                0x00000000080075e8       0x1e grbl/nuts_bolts.o
                0x00000000080075e8                calc_checksum
 .text.strcaps  0x0000000008007606       0x2e grbl/nuts_bolts.o
                0x0000000008007606                strcaps
 .text.dummy_handler
                0x0000000008007634        0x2 grbl/nuts_bolts.o
                0x0000000008007634                dummy_handler
 *fill*         0x0000000008007636        0x2 
 .text.ram_get_byte
                0x0000000008007638        0xc grbl/nvs_buffer.o
 .text.ram_put_byte
                0x0000000008007644       0x28 grbl/nvs_buffer.o
 .text.nvs_warning
                0x000000000800766c        0xc grbl/nvs_buffer.o
 .text.memcpy_to_ram
                0x0000000008007678      0x134 grbl/nvs_buffer.o
 .text.memcpy_from_ram
                0x00000000080077ac       0x80 grbl/nvs_buffer.o
 .text.nvs_buffer_alloc
                0x000000000800782c       0x1c grbl/nvs_buffer.o
                0x000000000800782c                nvs_buffer_alloc
 .text.nvs_buffer_init
                0x0000000008007848      0x114 grbl/nvs_buffer.o
                0x0000000008007848                nvs_buffer_init
 .text.nvs_buffer_sync_physical
                0x000000000800795c      0x160 grbl/nvs_buffer.o
                0x000000000800795c                nvs_buffer_sync_physical
 .text.nvs_buffer_get_physical
                0x0000000008007abc       0x20 grbl/nvs_buffer.o
                0x0000000008007abc                nvs_buffer_get_physical
 .text.enqueue_feed_override
                0x0000000008007adc       0x20 grbl/override.o
                0x0000000008007adc                enqueue_feed_override
 .text.get_feed_override
                0x0000000008007afc       0x20 grbl/override.o
                0x0000000008007afc                get_feed_override
 .text.enqueue_accessory_override
                0x0000000008007b1c       0x20 grbl/override.o
                0x0000000008007b1c                enqueue_accessory_override
 .text.get_accessory_override
                0x0000000008007b3c       0x20 grbl/override.o
                0x0000000008007b3c                get_accessory_override
 .text.flush_override_buffers
                0x0000000008007b5c       0x18 grbl/override.o
                0x0000000008007b5c                flush_override_buffers
 .text.limit_acceleration_by_axis_maximum
                0x0000000008007b74       0x44 grbl/planner.o
 .text.plan_cleanup
                0x0000000008007bb8       0x20 grbl/planner.o
 .text.planner_recalculate
                0x0000000008007bd8      0x118 grbl/planner.o
 .text.plan_reset
                0x0000000008007cf0       0x94 grbl/planner.o
                0x0000000008007cf0                plan_reset
 .text.plan_discard_current_block
                0x0000000008007d84       0x30 grbl/planner.o
                0x0000000008007d84                plan_discard_current_block
 .text.plan_get_system_motion_block
                0x0000000008007db4        0xc grbl/planner.o
                0x0000000008007db4                plan_get_system_motion_block
 .text.plan_get_current_block
                0x0000000008007dc0       0x18 grbl/planner.o
                0x0000000008007dc0                plan_get_current_block
 .text.plan_get_exec_block_exit_speed_sqr
                0x0000000008007dd8       0x24 grbl/planner.o
                0x0000000008007dd8                plan_get_exec_block_exit_speed_sqr
 .text.plan_check_full_buffer
                0x0000000008007dfc       0x18 grbl/planner.o
                0x0000000008007dfc                plan_check_full_buffer
 .text.plan_compute_profile_nominal_speed
                0x0000000008007e14       0x98 grbl/planner.o
                0x0000000008007e14                plan_compute_profile_nominal_speed
 .text.plan_update_velocity_profile_parameters
                0x0000000008007eac       0x68 grbl/planner.o
                0x0000000008007eac                plan_update_velocity_profile_parameters
 .text.plan_buffer_line
                0x0000000008007f14      0x35c grbl/planner.o
                0x0000000008007f14                plan_buffer_line
 .text.plan_sync_position
                0x0000000008008270       0x14 grbl/planner.o
                0x0000000008008270                plan_sync_position
 .text.plan_get_block_buffer_available
                0x0000000008008284       0x38 grbl/planner.o
                0x0000000008008284                plan_get_block_buffer_available
 .text.plan_cycle_reinitialize
                0x00000000080082bc       0x20 grbl/planner.o
                0x00000000080082bc                plan_cycle_reinitialize
 .text.plan_feed_override
                0x00000000080082dc       0x44 grbl/planner.o
                0x00000000080082dc                plan_feed_override
 .text.protocol_enqueue_gcode
                0x0000000008008320       0x60 grbl/protocol.o
                0x0000000008008320                protocol_enqueue_gcode
 .text.protocol_auto_cycle_start
                0x0000000008008380       0x20 grbl/protocol.o
                0x0000000008008380                protocol_auto_cycle_start
 .text.protocol_exec_rt_system
                0x00000000080083a0      0x418 grbl/protocol.o
                0x00000000080083a0                protocol_exec_rt_system
 .text.protocol_execute_realtime
                0x00000000080087b8       0xa0 grbl/protocol.o
                0x00000000080087b8                protocol_execute_realtime
 .text.protocol_main_loop
                0x0000000008008858      0x4b0 grbl/protocol.o
                0x0000000008008858                protocol_main_loop
 .text.protocol_buffer_synchronize
                0x0000000008008d08       0x22 grbl/protocol.o
                0x0000000008008d08                protocol_buffer_synchronize
 *fill*         0x0000000008008d2a        0x2 
 .text.protocol_enqueue_realtime_command
                0x0000000008008d2c      0x234 grbl/protocol.o
                0x0000000008008d2c                protocol_enqueue_realtime_command
 .text.protocol_enqueue_rt_command
                0x0000000008008f60       0x40 grbl/protocol.o
                0x0000000008008f60                protocol_enqueue_rt_command
 .text.protocol_execute_noop
                0x0000000008008fa0        0x2 grbl/protocol.o
                0x0000000008008fa0                protocol_execute_noop
 .text.axis_signals_tostring
                0x0000000008008fa2       0x26 grbl/report.o
 .text.control_signals_tostring
                0x0000000008008fc8       0x94 grbl/report.o
 .text.report_feedback_message
                0x000000000800905c      0x114 grbl/report.o
                0x000000000800905c                report_feedback_message
 .text.cmp_settings
                0x0000000008009170        0xc grbl/report.o
 .text.add_limits
                0x000000000800917c       0x34 grbl/report.o
 .text.get_rate_value_mm
                0x00000000080091b0        0xc grbl/report.o
 .text.get_rate_value_inch
                0x00000000080091bc       0x18 grbl/report.o
 .text.get_axis_values_mm
                0x00000000080091d4       0x6c grbl/report.o
 .text.get_axis_values_inches
                0x0000000008009240       0x7c grbl/report.o
 .text.get_axis_value_mm
                0x00000000080092bc       0x18 grbl/report.o
 .text.get_axis_value_inches
                0x00000000080092d4       0x24 grbl/report.o
 .text.map_coord_system
                0x00000000080092f8       0x44 grbl/report.o
 .text.appendbuf
                0x000000000800933c       0x38 grbl/report.o
 .text.report_setting
                0x0000000008009374       0x58 grbl/report.o
 .text.report_bitfield
                0x00000000080093cc       0xcc grbl/report.o
 .text.report_settings_detail
                0x0000000008009498      0x228 grbl/report.o
 .text.print_unsorted
                0x00000000080096c0       0x32 grbl/report.o
 .text.print_sorted
                0x00000000080096f2       0x20 grbl/report.o
 .text.cmp_setting_group_name
                0x0000000008009712        0xc grbl/report.o
 *fill*         0x000000000800971e        0x2 
 .text.print_setting
                0x0000000008009720       0x44 grbl/report.o
 .text.report_status_message
                0x0000000008009764       0x38 grbl/report.o
                0x0000000008009764                report_status_message
 .text.print_settings_details.isra.0
                0x000000000800979c      0x190 grbl/report.o
 .text.report_group_settings
                0x000000000800992c       0x64 grbl/report.o
 .text.print_setting_group
                0x0000000008009990       0x94 grbl/report.o
 .text.cmp_setting_group_id
                0x0000000008009a24        0xc grbl/report.o
 .text.report_init
                0x0000000008009a30       0x5c grbl/report.o
                0x0000000008009a30                report_init
 .text.report_init_fns
                0x0000000008009a8c       0x14 grbl/report.o
                0x0000000008009a8c                report_init_fns
 .text.report_alarm_message
                0x0000000008009aa0       0x38 grbl/report.o
                0x0000000008009aa0                report_alarm_message
 .text.report_message
                0x0000000008009ad8       0x54 grbl/report.o
                0x0000000008009ad8                report_message
 .text.report_init_message
                0x0000000008009b2c       0x24 grbl/report.o
                0x0000000008009b2c                report_init_message
 .text.report_grbl_help
                0x0000000008009b50       0x14 grbl/report.o
                0x0000000008009b50                report_grbl_help
 .text.report_grbl_setting
                0x0000000008009b64       0x28 grbl/report.o
                0x0000000008009b64                report_grbl_setting
 .text.report_grbl_settings
                0x0000000008009b8c       0xe8 grbl/report.o
                0x0000000008009b8c                report_grbl_settings
 .text.report_probe_parameters
                0x0000000008009c74       0x68 grbl/report.o
                0x0000000008009c74                report_probe_parameters
 .text.report_home_position
                0x0000000008009cdc       0x5c grbl/report.o
                0x0000000008009cdc                report_home_position
 .text.report_tool_offsets
                0x0000000008009d38       0x3c grbl/report.o
                0x0000000008009d38                report_tool_offsets
 .text.report_ngc_parameters
                0x0000000008009d74      0x168 grbl/report.o
                0x0000000008009d74                report_ngc_parameters
 .text.report_gcode_modes
                0x0000000008009edc      0x36c grbl/report.o
                0x0000000008009edc                report_gcode_modes
 .text.report_startup_line
                0x000000000800a248       0x40 grbl/report.o
                0x000000000800a248                report_startup_line
 .text.report_execute_startup_message
                0x000000000800a288       0x3c grbl/report.o
                0x000000000800a288                report_execute_startup_message
 .text.report_build_info
                0x000000000800a2c4      0x3b8 grbl/report.o
                0x000000000800a2c4                report_build_info
 .text.report_realtime_status
                0x000000000800a67c      0x8cc grbl/report.o
                0x000000000800a67c                report_realtime_status
 .text.report_settings_details
                0x000000000800af48       0x34 grbl/report.o
                0x000000000800af48                report_settings_details
 .text.report_alarm_details
                0x000000000800af7c       0x70 grbl/report.o
                0x000000000800af7c                report_alarm_details
 .text.report_error_details
                0x000000000800afec       0x70 grbl/report.o
                0x000000000800afec                report_error_details
 .text.report_setting_group_details
                0x000000000800b05c       0xbc grbl/report.o
                0x000000000800b05c                report_setting_group_details
 .text.report_help
                0x000000000800b118      0x188 grbl/report.o
                0x000000000800b118                report_help
 .text.report_last_signals_event
                0x000000000800b2a0       0x58 grbl/report.o
                0x000000000800b2a0                report_last_signals_event
 .text.report_current_limit_state
                0x000000000800b2f8       0x44 grbl/report.o
                0x000000000800b2f8                report_current_limit_state
 .text.report_spindle_data
                0x000000000800b33c       0x98 grbl/report.o
                0x000000000800b33c                report_spindle_data
 .text.report_pid_log
                0x000000000800b3d4       0xc4 grbl/report.o
                0x000000000800b3d4                report_pid_log
 .text.set_probe_invert
                0x000000000800b498       0x34 grbl/settings.o
 .text.set_report_mask
                0x000000000800b4cc       0x10 grbl/settings.o
 .text.set_control_invert
                0x000000000800b4dc       0x1c grbl/settings.o
 .text.set_control_disable_pullup
                0x000000000800b4f8       0x1c grbl/settings.o
 .text.set_probe_disable_pullup
                0x000000000800b514       0x2c grbl/settings.o
 .text.set_soft_limits_enable
                0x000000000800b540       0x2c grbl/settings.o
 .text.set_hard_limits_enable
                0x000000000800b56c       0x30 grbl/settings.o
 .text.set_jog_soft_limited
                0x000000000800b59c       0x2c grbl/settings.o
 .text.set_enable_legacy_rt_commands
                0x000000000800b5c8       0x1c grbl/settings.o
 .text.set_mode
                0x000000000800b5e4       0x70 grbl/settings.o
 .text.set_sleep_enable
                0x000000000800b654       0x1c grbl/settings.o
 .text.set_hold_actions
                0x000000000800b670       0x28 grbl/settings.o
 .text.set_force_initialization_alarm
                0x000000000800b698       0x1c grbl/settings.o
 .text.set_probe_allow_feed_override
                0x000000000800b6b4       0x1c grbl/settings.o
 .text.set_tool_change_probing_distance
                0x000000000800b6d0       0x20 grbl/settings.o
 .text.get_int  0x000000000800b6f0      0x174 grbl/settings.o
 .text.is_available
                0x000000000800b864       0x12 grbl/settings.o
 .text.remove_element
                0x000000000800b876       0x48 grbl/settings.o
 *fill*         0x000000000800b8be        0x2 
 .text.set_tool_change_mode
                0x000000000800b8c0       0x34 grbl/settings.o
 .text.set_homing_cycle
                0x000000000800b8f4       0x18 grbl/settings.o
 .text.set_report_inches
                0x000000000800b90c       0x28 grbl/settings.o
 .text.get_decimal_places
                0x000000000800b934       0x24 grbl/settings.o
 .text.validate_value
                0x000000000800b958       0x70 grbl/settings.o
 .text.set_spindle_invert
                0x000000000800b9c8       0x38 grbl/settings.o
 .text.set_homing_enable
                0x000000000800ba00       0x54 grbl/settings.o
 .text.normalize_id
                0x000000000800ba54       0x3a grbl/settings.o
 *fill*         0x000000000800ba8e        0x2 
 .text.is_setting_available
                0x000000000800ba90       0x6c grbl/settings.o
 .text.settings_write_global
                0x000000000800bafc       0x34 grbl/settings.o
                0x000000000800bafc                settings_write_global
 .text.strnumentries.constprop.0
                0x000000000800bb30       0x20 grbl/settings.o
 .text.settings_get_details
                0x000000000800bb50       0x14 grbl/settings.o
                0x000000000800bb50                settings_get_details
 .text.settings_get_axis_base
                0x000000000800bb64       0x16 grbl/settings.o
                0x000000000800bb64                settings_get_axis_base
 *fill*         0x000000000800bb7a        0x2 
 .text.get_float
                0x000000000800bb7c       0xa8 grbl/settings.o
 .text.set_axis_setting
                0x000000000800bc24      0x118 grbl/settings.o
 .text.setting_get_value
                0x000000000800bd3c       0x98 grbl/settings.o
                0x000000000800bd3c                setting_get_value
 .text.settings_write_build_info
                0x000000000800bdd4       0x2c grbl/settings.o
                0x000000000800bdd4                settings_write_build_info
 .text.settings_read_build_info
                0x000000000800be00       0x34 grbl/settings.o
                0x000000000800be00                settings_read_build_info
 .text.settings_write_startup_line
                0x000000000800be34       0x48 grbl/settings.o
                0x000000000800be34                settings_write_startup_line
 .text.settings_read_startup_line
                0x000000000800be7c       0x60 grbl/settings.o
                0x000000000800be7c                settings_read_startup_line
 .text.settings_write_coord_data
                0x000000000800bedc       0x48 grbl/settings.o
                0x000000000800bedc                settings_write_coord_data
 .text.settings_read_coord_data
                0x000000000800bf24       0x60 grbl/settings.o
                0x000000000800bf24                settings_read_coord_data
 .text.read_global_settings
                0x000000000800bf84       0x44 grbl/settings.o
                0x000000000800bf84                read_global_settings
 .text.settings_restore
                0x000000000800bfc8       0xe4 grbl/settings.o
                0x000000000800bfc8                settings_restore
 .text.settings_is_group_available
                0x000000000800c0ac       0xbc grbl/settings.o
                0x000000000800c0ac                settings_is_group_available
 .text.settings_normalize_group
                0x000000000800c168        0xc grbl/settings.o
                0x000000000800c168                settings_normalize_group
 .text.settings_iterator
                0x000000000800c174       0xc0 grbl/settings.o
                0x000000000800c174                settings_iterator
 .text.setting_get_details
                0x000000000800c234       0x8c grbl/settings.o
                0x000000000800c234                setting_get_details
 .text.setting_remove_element
                0x000000000800c2c0       0x2e grbl/settings.o
 .text.setting_datatype_to_external
                0x000000000800c2ee        0xc grbl/settings.o
                0x000000000800c2ee                setting_datatype_to_external
 .text.setting_is_list
                0x000000000800c2fa        0xe grbl/settings.o
                0x000000000800c2fa                setting_is_list
 .text.setting_validate_me
                0x000000000800c308       0xd0 grbl/settings.o
                0x000000000800c308                setting_validate_me
 .text.settings_store_setting
                0x000000000800c3d8      0x16c grbl/settings.o
                0x000000000800c3d8                settings_store_setting
 .text.settings_init
                0x000000000800c544       0xbc grbl/settings.o
                0x000000000800c544                settings_init
 .text.fall_asleep
                0x000000000800c600        0xc grbl/sleep.o
 .text.sleep_execute
                0x000000000800c60c       0x70 grbl/sleep.o
 .text.sleep_check
                0x000000000800c67c       0x44 grbl/sleep.o
                0x000000000800c67c                sleep_check
 .text.spindle_set_rpm
                0x000000000800c6c0       0x68 grbl/spindle_control.o
                0x000000000800c6c0                spindle_set_rpm
 .text.spindle_set_state
                0x000000000800c728       0x90 grbl/spindle_control.o
                0x000000000800c728                spindle_set_state
 .text.spindle_set_override
                0x000000000800c7b8       0x54 grbl/spindle_control.o
                0x000000000800c7b8                spindle_set_override
 .text.spindle_sync
                0x000000000800c80c       0xb4 grbl/spindle_control.o
                0x000000000800c80c                spindle_sync
 .text.spindle_restore
                0x000000000800c8c0       0x98 grbl/spindle_control.o
                0x000000000800c8c0                spindle_restore
 .text.spindle_precompute_pwm_values
                0x000000000800c958       0xdc grbl/spindle_control.o
                0x000000000800c958                spindle_precompute_pwm_values
 .text.spindle_compute_pwm_value
                0x000000000800ca34       0x70 grbl/spindle_control.o
                0x000000000800ca34                spindle_compute_pwm_value
 .text.state_noop
                0x000000000800caa4        0x2 grbl/state_machine.o
 *fill*         0x000000000800caa6        0x2 
 .text.restart_retract
                0x000000000800caa8       0x54 grbl/state_machine.o
 .text.state_await_hold.part.0
                0x000000000800cafc      0x178 grbl/state_machine.o
 .text.state_await_hold
                0x000000000800cc74        0xa grbl/state_machine.o
 *fill*         0x000000000800cc7e        0x2 
 .text.state_await_waypoint_retract
                0x000000000800cc80       0xe4 grbl/state_machine.o
 .text.state_restore_conditions.constprop.0
                0x000000000800cd64       0x5c grbl/state_machine.o
 .text.state_restore
                0x000000000800cdc0       0x9c grbl/state_machine.o
 .text.state_await_waypoint_cancel
                0x000000000800ce5c       0x2c grbl/state_machine.o
 .text.initiate_hold
                0x000000000800ce88       0xec grbl/state_machine.o
                0x000000000800ce88                initiate_hold
 .text.state_door_reopened
                0x000000000800cf74       0x20 grbl/state_machine.o
                0x000000000800cf74                state_door_reopened
 .text.state_get
                0x000000000800cf94        0xc grbl/state_machine.o
                0x000000000800cf94                state_get
 .text.state_set
                0x000000000800cfa0      0x19c grbl/state_machine.o
                0x000000000800cfa0                state_set
 .text.state_idle
                0x000000000800d13c       0x44 grbl/state_machine.o
 .text.state_await_resume
                0x000000000800d180      0x170 grbl/state_machine.o
 .text.state_await_restore
                0x000000000800d2f0       0xac grbl/state_machine.o
 .text.state_await_resumed
                0x000000000800d39c       0x38 grbl/state_machine.o
 .text.state_update
                0x000000000800d3d4       0x20 grbl/state_machine.o
                0x000000000800d3d4                state_update
 .text.state_await_toolchanged
                0x000000000800d3f4       0x68 grbl/state_machine.o
 .text.state_cycle
                0x000000000800d45c       0x70 grbl/state_machine.o
 .text.state_await_motion_cancel
                0x000000000800d4cc       0x60 grbl/state_machine.o
 .text.state_suspend_manager
                0x000000000800d52c       0xb8 grbl/state_machine.o
                0x000000000800d52c                state_suspend_manager
 .text.output_message
                0x000000000800d5e4       0x20 grbl/stepper.o
 .text.st_deenergize
                0x000000000800d604       0x28 grbl/stepper.o
                0x000000000800d604                st_deenergize
 .text.st_wake_up
                0x000000000800d62c       0x18 grbl/stepper.o
                0x000000000800d62c                st_wake_up
 .text.st_go_idle
                0x000000000800d644       0x5c grbl/stepper.o
                0x000000000800d644                st_go_idle
 .text.stepper_driver_interrupt_handler
                0x000000000800d6a0      0x260 grbl/stepper.o
                0x000000000800d6a0                stepper_driver_interrupt_handler
 .text.st_reset
                0x000000000800d900      0x10c grbl/stepper.o
                0x000000000800d900                st_reset
 .text.st_rpm_changed
                0x000000000800da0c        0xc grbl/stepper.o
                0x000000000800da0c                st_rpm_changed
 .text.st_update_plan_block_parameters
                0x000000000800da18       0x2c grbl/stepper.o
                0x000000000800da18                st_update_plan_block_parameters
 .text.st_parking_setup_buffer
                0x000000000800da44       0x60 grbl/stepper.o
                0x000000000800da44                st_parking_setup_buffer
 .text.st_parking_restore_buffer
                0x000000000800daa4       0x70 grbl/stepper.o
                0x000000000800daa4                st_parking_restore_buffer
 .text.st_prep_buffer
                0x000000000800db14      0x720 grbl/stepper.o
                0x000000000800db14                st_prep_buffer
 .text.st_get_realtime_rate
                0x000000000800e234       0x20 grbl/stepper.o
                0x000000000800e234                st_get_realtime_rate
 .text.stream_get_null
                0x000000000800e254        0x6 grbl/stream.o
 *fill*         0x000000000800e25a        0x2 
 .text.stream_rx_suspend
                0x000000000800e25c       0x38 grbl/stream.o
                0x000000000800e25c                stream_rx_suspend
 .text.stream_rx_backup
                0x000000000800e294       0x20 grbl/stream.o
                0x000000000800e294                stream_rx_backup
 .text.spindle_reset_data
                0x000000000800e2b4       0x1c grbl/system.o
                0x000000000800e2b4                spindle_reset_data
 .text.toggle_single_block
                0x000000000800e2d0       0x2c grbl/system.o
 .text.toggle_block_delete
                0x000000000800e2fc       0x30 grbl/system.o
 .text.toggle_optional_stop
                0x000000000800e32c       0x30 grbl/system.o
 .text.enumerate_alarms
                0x000000000800e35c        0x4 grbl/system.o
 .text.enumerate_errors
                0x000000000800e360        0x4 grbl/system.o
 .text.enumerate_groups
                0x000000000800e364        0x8 grbl/system.o
 .text.enumerate_all
                0x000000000800e36c       0x22 grbl/system.o
 .text.enumerate_settings
                0x000000000800e38e        0xc grbl/system.o
 .text.jog      0x000000000800e39a       0x2a grbl/system.o
 .text.output_startup_lines
                0x000000000800e3c4       0x58 grbl/system.o
 .text.settings_reset
                0x000000000800e41c       0x60 grbl/system.o
 .text.output_all_build_info
                0x000000000800e47c       0x1a grbl/system.o
 .text.tool_probe_workpiece
                0x000000000800e496        0x4 grbl/system.o
 *fill*         0x000000000800e49a        0x2 
 .text.set_tool_reference
                0x000000000800e49c       0x54 grbl/system.o
 .text.output_help
                0x000000000800e4f0        0x6 grbl/system.o
 .text.output_ngc_parameters
                0x000000000800e4f6        0xa grbl/system.o
 .text.output_parser_state
                0x000000000800e500       0x1c grbl/system.o
 .text.enter_sleep
                0x000000000800e51c       0x34 grbl/system.o
 .text.set_startup_line
                0x000000000800e550       0x46 grbl/system.o
 .text.set_startup_line1
                0x000000000800e596        0x6 grbl/system.o
 .text.set_startup_line0
                0x000000000800e59c        0x6 grbl/system.o
 .text.build_info
                0x000000000800e5a2       0x40 grbl/system.o
 *fill*         0x000000000800e5e2        0x2 
 .text.check_mode
                0x000000000800e5e4       0x30 grbl/system.o
 .text.disable_lock
                0x000000000800e614       0x90 grbl/system.o
 .text.control_interrupt_handler
                0x000000000800e6a4       0xac grbl/system.o
                0x000000000800e6a4                control_interrupt_handler
 .text.system_execute_startup
                0x000000000800e750       0x44 grbl/system.o
                0x000000000800e750                system_execute_startup
 .text.go_home.isra.0
                0x000000000800e794       0xd8 grbl/system.o
 .text.home_z   0x000000000800e86c        0x8 grbl/system.o
 .text.home_y   0x000000000800e874        0x8 grbl/system.o
 .text.home_x   0x000000000800e87c        0x8 grbl/system.o
 .text.home     0x000000000800e884        0x8 grbl/system.o
 .text.read_int
                0x000000000800e88c       0x4c grbl/system.o
                0x000000000800e88c                read_int
 .text.output_all_settings
                0x000000000800e8d8       0x38 grbl/system.o
 .text.output_settings
                0x000000000800e910       0x38 grbl/system.o
 .text.system_execute_line
                0x000000000800e948      0x184 grbl/system.o
                0x000000000800e948                system_execute_line
 .text.system_flag_wco_change
                0x000000000800eacc       0x28 grbl/system.o
                0x000000000800eacc                system_flag_wco_change
 .text.system_convert_array_steps_to_mpos
                0x000000000800eaf4       0x28 grbl/system.o
                0x000000000800eaf4                system_convert_array_steps_to_mpos
 .text.system_check_travel_limits
                0x000000000800eb1c       0xac grbl/system.o
                0x000000000800eb1c                system_check_travel_limits
 .text.system_apply_jog_limits
                0x000000000800ebc8       0xd4 grbl/system.o
                0x000000000800ebc8                system_apply_jog_limits
 .text.system_raise_alarm
                0x000000000800ec9c       0x34 grbl/system.o
                0x000000000800ec9c                system_raise_alarm
 .text.change_completed
                0x000000000800ecd0       0x68 grbl/tool_change.o
 .text.reset    0x000000000800ed38       0x70 grbl/tool_change.o
 .text.trap_control_cycle_start
                0x000000000800eda8       0x6c grbl/tool_change.o
 .text.trap_stream_cycle_start
                0x000000000800ee14       0x7c grbl/tool_change.o
 .text.execute_warning
                0x000000000800ee90        0xc grbl/tool_change.o
 .text.restore  0x000000000800ee9c       0xfc grbl/tool_change.o
 .text.execute_probe
                0x000000000800ef98      0x178 grbl/tool_change.o
 .text.tool_select
                0x000000000800f110       0x30 grbl/tool_change.o
 .text.tool_change
                0x000000000800f140      0x1fc grbl/tool_change.o
 .text.on_probe_completed
                0x000000000800f33c       0x40 grbl/tool_change.o
 .text.execute_restore
                0x000000000800f37c       0x3c grbl/tool_change.o
 .text.tc_init  0x000000000800f3b8       0x84 grbl/tool_change.o
                0x000000000800f3b8                tc_init
 .text.tc_clear_tlo_reference
                0x000000000800f43c       0x58 grbl/tool_change.o
                0x000000000800f43c                tc_clear_tlo_reference
 .text.tc_probe_workpiece
                0x000000000800f494      0x144 grbl/tool_change.o
                0x000000000800f494                tc_probe_workpiece
 .text.__assert_func
                0x000000000800f5d8       0x3c c:/program files (x86)/stmicroelectronics/stm32cubeide_1.3.0/stm32cubeide/plugins/com.st.stm32cube.ide.mcu.externaltools.gnu-tools-for-stm32.9-2020-q2-update.win32_1.5.0.202011040924/tools/bin/../lib/gcc/arm-none-eabi/9.3.1/../../../../arm-none-eabi/lib/thumb/v7e-m+fp/hard\libc_nano.a(lib_a-assert.o)
                0x000000000800f5d8                __assert_func
 .text.calloc   0x000000000800f614       0x10 c:/program files (x86)/stmicroelectronics/stm32cubeide_1.3.0/stm32cubeide/plugins/com.st.stm32cube.ide.mcu.externaltools.gnu-tools-for-stm32.9-2020-q2-update.win32_1.5.0.202011040924/tools/bin/../lib/gcc/arm-none-eabi/9.3.1/../../../../arm-none-eabi/lib/thumb/v7e-m+fp/hard\libc_nano.a(lib_a-calloc.o)
                0x000000000800f614                calloc
 .text.__errno  0x000000000800f624        0xc c:/program files (x86)/stmicroelectronics/stm32cubeide_1.3.0/stm32cubeide/plugins/com.st.stm32cube.ide.mcu.externaltools.gnu-tools-for-stm32.9-2020-q2-update.win32_1.5.0.202011040924/tools/bin/../lib/gcc/arm-none-eabi/9.3.1/../../../../arm-none-eabi/lib/thumb/v7e-m+fp/hard\libc_nano.a(lib_a-errno.o)
                0x000000000800f624                __errno
 .text.fprintf  0x000000000800f630       0x24 c:/program files (x86)/stmicroelectronics/stm32cubeide_1.3.0/stm32cubeide/plugins/com.st.stm32cube.ide.mcu.externaltools.gnu-tools-for-stm32.9-2020-q2-update.win32_1.5.0.202011040924/tools/bin/../lib/gcc/arm-none-eabi/9.3.1/../../../../arm-none-eabi/lib/thumb/v7e-m+fp/hard\libc_nano.a(lib_a-fprintf.o)
                0x000000000800f630                fiprintf
                0x000000000800f630                fprintf
 .text.__libc_init_array
                0x000000000800f654       0x48 c:/program files (x86)/stmicroelectronics/stm32cubeide_1.3.0/stm32cubeide/plugins/com.st.stm32cube.ide.mcu.externaltools.gnu-tools-for-stm32.9-2020-q2-update.win32_1.5.0.202011040924/tools/bin/../lib/gcc/arm-none-eabi/9.3.1/../../../../arm-none-eabi/lib/thumb/v7e-m+fp/hard\libc_nano.a(lib_a-init.o)
                0x000000000800f654                __libc_init_array
 .text.malloc   0x000000000800f69c       0x10 c:/program files (x86)/stmicroelectronics/stm32cubeide_1.3.0/stm32cubeide/plugins/com.st.stm32cube.ide.mcu.externaltools.gnu-tools-for-stm32.9-2020-q2-update.win32_1.5.0.202011040924/tools/bin/../lib/gcc/arm-none-eabi/9.3.1/../../../../arm-none-eabi/lib/thumb/v7e-m+fp/hard\libc_nano.a(lib_a-malloc.o)
                0x000000000800f69c                malloc
 .text.free     0x000000000800f6ac       0x10 c:/program files (x86)/stmicroelectronics/stm32cubeide_1.3.0/stm32cubeide/plugins/com.st.stm32cube.ide.mcu.externaltools.gnu-tools-for-stm32.9-2020-q2-update.win32_1.5.0.202011040924/tools/bin/../lib/gcc/arm-none-eabi/9.3.1/../../../../arm-none-eabi/lib/thumb/v7e-m+fp/hard\libc_nano.a(lib_a-malloc.o)
                0x000000000800f6ac                free
 .text.memcmp   0x000000000800f6bc       0x1c c:/program files (x86)/stmicroelectronics/stm32cubeide_1.3.0/stm32cubeide/plugins/com.st.stm32cube.ide.mcu.externaltools.gnu-tools-for-stm32.9-2020-q2-update.win32_1.5.0.202011040924/tools/bin/../lib/gcc/arm-none-eabi/9.3.1/../../../../arm-none-eabi/lib/thumb/v7e-m+fp/hard\libc_nano.a(lib_a-memcmp.o)
                0x000000000800f6bc                memcmp
 .text.memcpy   0x000000000800f6d8       0x1c c:/program files (x86)/stmicroelectronics/stm32cubeide_1.3.0/stm32cubeide/plugins/com.st.stm32cube.ide.mcu.externaltools.gnu-tools-for-stm32.9-2020-q2-update.win32_1.5.0.202011040924/tools/bin/../lib/gcc/arm-none-eabi/9.3.1/../../../../arm-none-eabi/lib/thumb/v7e-m+fp/hard\libc_nano.a(lib_a-memcpy-stub.o)
                0x000000000800f6d8                memcpy
 .text.memset   0x000000000800f6f4       0x10 c:/program files (x86)/stmicroelectronics/stm32cubeide_1.3.0/stm32cubeide/plugins/com.st.stm32cube.ide.mcu.externaltools.gnu-tools-for-stm32.9-2020-q2-update.win32_1.5.0.202011040924/tools/bin/../lib/gcc/arm-none-eabi/9.3.1/../../../../arm-none-eabi/lib/thumb/v7e-m+fp/hard\libc_nano.a(lib_a-memset.o)
                0x000000000800f6f4                memset
 .text._calloc_r
                0x000000000800f704       0x1e c:/program files (x86)/stmicroelectronics/stm32cubeide_1.3.0/stm32cubeide/plugins/com.st.stm32cube.ide.mcu.externaltools.gnu-tools-for-stm32.9-2020-q2-update.win32_1.5.0.202011040924/tools/bin/../lib/gcc/arm-none-eabi/9.3.1/../../../../arm-none-eabi/lib/thumb/v7e-m+fp/hard\libc_nano.a(lib_a-nano-callocr.o)
                0x000000000800f704                _calloc_r
 *fill*         0x000000000800f722        0x2 
 .text._free_r  0x000000000800f724       0xa0 c:/program files (x86)/stmicroelectronics/stm32cubeide_1.3.0/stm32cubeide/plugins/com.st.stm32cube.ide.mcu.externaltools.gnu-tools-for-stm32.9-2020-q2-update.win32_1.5.0.202011040924/tools/bin/../lib/gcc/arm-none-eabi/9.3.1/../../../../arm-none-eabi/lib/thumb/v7e-m+fp/hard\libc_nano.a(lib_a-nano-freer.o)
                0x000000000800f724                _free_r
 .text._malloc_r
                0x000000000800f7c4       0xb4 c:/program files (x86)/stmicroelectronics/stm32cubeide_1.3.0/stm32cubeide/plugins/com.st.stm32cube.ide.mcu.externaltools.gnu-tools-for-stm32.9-2020-q2-update.win32_1.5.0.202011040924/tools/bin/../lib/gcc/arm-none-eabi/9.3.1/../../../../arm-none-eabi/lib/thumb/v7e-m+fp/hard\libc_nano.a(lib_a-nano-mallocr.o)
                0x000000000800f7c4                _malloc_r
 .text.__sfputc_r
                0x000000000800f878       0x2e c:/program files (x86)/stmicroelectronics/stm32cubeide_1.3.0/stm32cubeide/plugins/com.st.stm32cube.ide.mcu.externaltools.gnu-tools-for-stm32.9-2020-q2-update.win32_1.5.0.202011040924/tools/bin/../lib/gcc/arm-none-eabi/9.3.1/../../../../arm-none-eabi/lib/thumb/v7e-m+fp/hard\libc_nano.a(lib_a-nano-vfprintf.o)
 .text.__sfputs_r
                0x000000000800f8a6       0x24 c:/program files (x86)/stmicroelectronics/stm32cubeide_1.3.0/stm32cubeide/plugins/com.st.stm32cube.ide.mcu.externaltools.gnu-tools-for-stm32.9-2020-q2-update.win32_1.5.0.202011040924/tools/bin/../lib/gcc/arm-none-eabi/9.3.1/../../../../arm-none-eabi/lib/thumb/v7e-m+fp/hard\libc_nano.a(lib_a-nano-vfprintf.o)
                0x000000000800f8a6                __sfputs_r
 *fill*         0x000000000800f8ca        0x2 
 .text._vfprintf_r
                0x000000000800f8cc      0x260 c:/program files (x86)/stmicroelectronics/stm32cubeide_1.3.0/stm32cubeide/plugins/com.st.stm32cube.ide.mcu.externaltools.gnu-tools-for-stm32.9-2020-q2-update.win32_1.5.0.202011040924/tools/bin/../lib/gcc/arm-none-eabi/9.3.1/../../../../arm-none-eabi/lib/thumb/v7e-m+fp/hard\libc_nano.a(lib_a-nano-vfprintf.o)
                0x000000000800f8cc                _vfprintf_r
                0x000000000800f8cc                _vfiprintf_r
 .text._printf_common
                0x000000000800fb2c       0xda c:/program files (x86)/stmicroelectronics/stm32cubeide_1.3.0/stm32cubeide/plugins/com.st.stm32cube.ide.mcu.externaltools.gnu-tools-for-stm32.9-2020-q2-update.win32_1.5.0.202011040924/tools/bin/../lib/gcc/arm-none-eabi/9.3.1/../../../../arm-none-eabi/lib/thumb/v7e-m+fp/hard\libc_nano.a(lib_a-nano-vfprintf_i.o)
                0x000000000800fb2c                _printf_common
 *fill*         0x000000000800fc06        0x2 
 .text._printf_i
                0x000000000800fc08      0x24c c:/program files (x86)/stmicroelectronics/stm32cubeide_1.3.0/stm32cubeide/plugins/com.st.stm32cube.ide.mcu.externaltools.gnu-tools-for-stm32.9-2020-q2-update.win32_1.5.0.202011040924/tools/bin/../lib/gcc/arm-none-eabi/9.3.1/../../../../arm-none-eabi/lib/thumb/v7e-m+fp/hard\libc_nano.a(lib_a-nano-vfprintf_i.o)
                0x000000000800fc08                _printf_i
 .text.swapfunc
                0x000000000800fe54       0x32 c:/program files (x86)/stmicroelectronics/stm32cubeide_1.3.0/stm32cubeide/plugins/com.st.stm32cube.ide.mcu.externaltools.gnu-tools-for-stm32.9-2020-q2-update.win32_1.5.0.202011040924/tools/bin/../lib/gcc/arm-none-eabi/9.3.1/../../../../arm-none-eabi/lib/thumb/v7e-m+fp/hard\libc_nano.a(lib_a-qsort.o)
 .text.med3.isra.0
                0x000000000800fe86       0x40 c:/program files (x86)/stmicroelectronics/stm32cubeide_1.3.0/stm32cubeide/plugins/com.st.stm32cube.ide.mcu.externaltools.gnu-tools-for-stm32.9-2020-q2-update.win32_1.5.0.202011040924/tools/bin/../lib/gcc/arm-none-eabi/9.3.1/../../../../arm-none-eabi/lib/thumb/v7e-m+fp/hard\libc_nano.a(lib_a-qsort.o)
 .text.qsort    0x000000000800fec6      0x2a2 c:/program files (x86)/stmicroelectronics/stm32cubeide_1.3.0/stm32cubeide/plugins/com.st.stm32cube.ide.mcu.externaltools.gnu-tools-for-stm32.9-2020-q2-update.win32_1.5.0.202011040924/tools/bin/../lib/gcc/arm-none-eabi/9.3.1/../../../../arm-none-eabi/lib/thumb/v7e-m+fp/hard\libc_nano.a(lib_a-qsort.o)
                0x000000000800fec6                qsort
 .text._sbrk_r  0x0000000008010168       0x20 c:/program files (x86)/stmicroelectronics/stm32cubeide_1.3.0/stm32cubeide/plugins/com.st.stm32cube.ide.mcu.externaltools.gnu-tools-for-stm32.9-2020-q2-update.win32_1.5.0.202011040924/tools/bin/../lib/gcc/arm-none-eabi/9.3.1/../../../../arm-none-eabi/lib/thumb/v7e-m+fp/hard\libc_nano.a(lib_a-sbrkr.o)
                0x0000000008010168                _sbrk_r
 .text.strcat   0x0000000008010188       0x1e c:/program files (x86)/stmicroelectronics/stm32cubeide_1.3.0/stm32cubeide/plugins/com.st.stm32cube.ide.mcu.externaltools.gnu-tools-for-stm32.9-2020-q2-update.win32_1.5.0.202011040924/tools/bin/../lib/gcc/arm-none-eabi/9.3.1/../../../../arm-none-eabi/lib/thumb/v7e-m+fp/hard\libc_nano.a(lib_a-strcat.o)
                0x0000000008010188                strcat
 .text.strchr   0x00000000080101a6       0x1a c:/program files (x86)/stmicroelectronics/stm32cubeide_1.3.0/stm32cubeide/plugins/com.st.stm32cube.ide.mcu.externaltools.gnu-tools-for-stm32.9-2020-q2-update.win32_1.5.0.202011040924/tools/bin/../lib/gcc/arm-none-eabi/9.3.1/../../../../arm-none-eabi/lib/thumb/v7e-m+fp/hard\libc_nano.a(lib_a-strchr.o)
                0x00000000080101a6                strchr
 .text.strcpy   0x00000000080101c0       0x10 c:/program files (x86)/stmicroelectronics/stm32cubeide_1.3.0/stm32cubeide/plugins/com.st.stm32cube.ide.mcu.externaltools.gnu-tools-for-stm32.9-2020-q2-update.win32_1.5.0.202011040924/tools/bin/../lib/gcc/arm-none-eabi/9.3.1/../../../../arm-none-eabi/lib/thumb/v7e-m+fp/hard\libc_nano.a(lib_a-strcpy.o)
                0x00000000080101c0                strcpy
 .text.strncmp  0x00000000080101d0       0x24 c:/program files (x86)/stmicroelectronics/stm32cubeide_1.3.0/stm32cubeide/plugins/com.st.stm32cube.ide.mcu.externaltools.gnu-tools-for-stm32.9-2020-q2-update.win32_1.5.0.202011040924/tools/bin/../lib/gcc/arm-none-eabi/9.3.1/../../../../arm-none-eabi/lib/thumb/v7e-m+fp/hard\libc_nano.a(lib_a-strncmp.o)
                0x00000000080101d0                strncmp
 .text.strtok   0x00000000080101f4       0x68 c:/program files (x86)/stmicroelectronics/stm32cubeide_1.3.0/stm32cubeide/plugins/com.st.stm32cube.ide.mcu.externaltools.gnu-tools-for-stm32.9-2020-q2-update.win32_1.5.0.202011040924/tools/bin/../lib/gcc/arm-none-eabi/9.3.1/../../../../arm-none-eabi/lib/thumb/v7e-m+fp/hard\libc_nano.a(lib_a-strtok.o)
                0x00000000080101f4                strtok
 .text.__strtok_r
                0x000000000801025c       0x50 c:/program files (x86)/stmicroelectronics/stm32cubeide_1.3.0/stm32cubeide/plugins/com.st.stm32cube.ide.mcu.externaltools.gnu-tools-for-stm32.9-2020-q2-update.win32_1.5.0.202011040924/tools/bin/../lib/gcc/arm-none-eabi/9.3.1/../../../../arm-none-eabi/lib/thumb/v7e-m+fp/hard\libc_nano.a(lib_a-strtok_r.o)
                0x000000000801025c                __strtok_r
 .text.__swbuf_r
                0x00000000080102ac       0xa4 c:/program files (x86)/stmicroelectronics/stm32cubeide_1.3.0/stm32cubeide/plugins/com.st.stm32cube.ide.mcu.externaltools.gnu-tools-for-stm32.9-2020-q2-update.win32_1.5.0.202011040924/tools/bin/../lib/gcc/arm-none-eabi/9.3.1/../../../../arm-none-eabi/lib/thumb/v7e-m+fp/hard\libc_nano.a(lib_a-wbuf.o)
                0x00000000080102ac                __swbuf_r
 .text.__swsetup_r
                0x0000000008010350       0xdc c:/program files (x86)/stmicroelectronics/stm32cubeide_1.3.0/stm32cubeide/plugins/com.st.stm32cube.ide.mcu.externaltools.gnu-tools-for-stm32.9-2020-q2-update.win32_1.5.0.202011040924/tools/bin/../lib/gcc/arm-none-eabi/9.3.1/../../../../arm-none-eabi/lib/thumb/v7e-m+fp/hard\libc_nano.a(lib_a-wsetup.o)
                0x0000000008010350                __swsetup_r
 .text.abort    0x000000000801042c        0xe c:/program files (x86)/stmicroelectronics/stm32cubeide_1.3.0/stm32cubeide/plugins/com.st.stm32cube.ide.mcu.externaltools.gnu-tools-for-stm32.9-2020-q2-update.win32_1.5.0.202011040924/tools/bin/../lib/gcc/arm-none-eabi/9.3.1/../../../../arm-none-eabi/lib/thumb/v7e-m+fp/hard\libc_nano.a(lib_a-abort.o)
                0x000000000801042c                abort
 *fill*         0x000000000801043a        0x2 
 .text.__sflush_r
                0x000000000801043c      0x10c c:/program files (x86)/stmicroelectronics/stm32cubeide_1.3.0/stm32cubeide/plugins/com.st.stm32cube.ide.mcu.externaltools.gnu-tools-for-stm32.9-2020-q2-update.win32_1.5.0.202011040924/tools/bin/../lib/gcc/arm-none-eabi/9.3.1/../../../../arm-none-eabi/lib/thumb/v7e-m+fp/hard\libc_nano.a(lib_a-fflush.o)
                0x000000000801043c                __sflush_r
 .text._fflush_r
                0x0000000008010548       0x78 c:/program files (x86)/stmicroelectronics/stm32cubeide_1.3.0/stm32cubeide/plugins/com.st.stm32cube.ide.mcu.externaltools.gnu-tools-for-stm32.9-2020-q2-update.win32_1.5.0.202011040924/tools/bin/../lib/gcc/arm-none-eabi/9.3.1/../../../../arm-none-eabi/lib/thumb/v7e-m+fp/hard\libc_nano.a(lib_a-fflush.o)
                0x0000000008010548                _fflush_r
 .text.std      0x00000000080105c0       0x48 c:/program files (x86)/stmicroelectronics/stm32cubeide_1.3.0/stm32cubeide/plugins/com.st.stm32cube.ide.mcu.externaltools.gnu-tools-for-stm32.9-2020-q2-update.win32_1.5.0.202011040924/tools/bin/../lib/gcc/arm-none-eabi/9.3.1/../../../../arm-none-eabi/lib/thumb/v7e-m+fp/hard\libc_nano.a(lib_a-findfp.o)
 .text._cleanup_r
                0x0000000008010608        0xc c:/program files (x86)/stmicroelectronics/stm32cubeide_1.3.0/stm32cubeide/plugins/com.st.stm32cube.ide.mcu.externaltools.gnu-tools-for-stm32.9-2020-q2-update.win32_1.5.0.202011040924/tools/bin/../lib/gcc/arm-none-eabi/9.3.1/../../../../arm-none-eabi/lib/thumb/v7e-m+fp/hard\libc_nano.a(lib_a-findfp.o)
                0x0000000008010608                _cleanup_r
 .text.__sfmoreglue
                0x0000000008010614       0x2c c:/program files (x86)/stmicroelectronics/stm32cubeide_1.3.0/stm32cubeide/plugins/com.st.stm32cube.ide.mcu.externaltools.gnu-tools-for-stm32.9-2020-q2-update.win32_1.5.0.202011040924/tools/bin/../lib/gcc/arm-none-eabi/9.3.1/../../../../arm-none-eabi/lib/thumb/v7e-m+fp/hard\libc_nano.a(lib_a-findfp.o)
                0x0000000008010614                __sfmoreglue
 .text.__sfp_lock_acquire
                0x0000000008010640        0xc c:/program files (x86)/stmicroelectronics/stm32cubeide_1.3.0/stm32cubeide/plugins/com.st.stm32cube.ide.mcu.externaltools.gnu-tools-for-stm32.9-2020-q2-update.win32_1.5.0.202011040924/tools/bin/../lib/gcc/arm-none-eabi/9.3.1/../../../../arm-none-eabi/lib/thumb/v7e-m+fp/hard\libc_nano.a(lib_a-findfp.o)
                0x0000000008010640                __sfp_lock_acquire
 .text.__sfp_lock_release
                0x000000000801064c        0xc c:/program files (x86)/stmicroelectronics/stm32cubeide_1.3.0/stm32cubeide/plugins/com.st.stm32cube.ide.mcu.externaltools.gnu-tools-for-stm32.9-2020-q2-update.win32_1.5.0.202011040924/tools/bin/../lib/gcc/arm-none-eabi/9.3.1/../../../../arm-none-eabi/lib/thumb/v7e-m+fp/hard\libc_nano.a(lib_a-findfp.o)
                0x000000000801064c                __sfp_lock_release
 .text.__sinit_lock_acquire
                0x0000000008010658        0xc c:/program files (x86)/stmicroelectronics/stm32cubeide_1.3.0/stm32cubeide/plugins/com.st.stm32cube.ide.mcu.externaltools.gnu-tools-for-stm32.9-2020-q2-update.win32_1.5.0.202011040924/tools/bin/../lib/gcc/arm-none-eabi/9.3.1/../../../../arm-none-eabi/lib/thumb/v7e-m+fp/hard\libc_nano.a(lib_a-findfp.o)
                0x0000000008010658                __sinit_lock_acquire
 .text.__sinit_lock_release
                0x0000000008010664        0xc c:/program files (x86)/stmicroelectronics/stm32cubeide_1.3.0/stm32cubeide/plugins/com.st.stm32cube.ide.mcu.externaltools.gnu-tools-for-stm32.9-2020-q2-update.win32_1.5.0.202011040924/tools/bin/../lib/gcc/arm-none-eabi/9.3.1/../../../../arm-none-eabi/lib/thumb/v7e-m+fp/hard\libc_nano.a(lib_a-findfp.o)
                0x0000000008010664                __sinit_lock_release
 .text.__sinit  0x0000000008010670       0x70 c:/program files (x86)/stmicroelectronics/stm32cubeide_1.3.0/stm32cubeide/plugins/com.st.stm32cube.ide.mcu.externaltools.gnu-tools-for-stm32.9-2020-q2-update.win32_1.5.0.202011040924/tools/bin/../lib/gcc/arm-none-eabi/9.3.1/../../../../arm-none-eabi/lib/thumb/v7e-m+fp/hard\libc_nano.a(lib_a-findfp.o)
                0x0000000008010670                __sinit
 .text.__sfp    0x00000000080106e0       0x8c c:/program files (x86)/stmicroelectronics/stm32cubeide_1.3.0/stm32cubeide/plugins/com.st.stm32cube.ide.mcu.externaltools.gnu-tools-for-stm32.9-2020-q2-update.win32_1.5.0.202011040924/tools/bin/../lib/gcc/arm-none-eabi/9.3.1/../../../../arm-none-eabi/lib/thumb/v7e-m+fp/hard\libc_nano.a(lib_a-findfp.o)
                0x00000000080106e0                __sfp
 .text._fwalk_reent
                0x000000000801076c       0x3e c:/program files (x86)/stmicroelectronics/stm32cubeide_1.3.0/stm32cubeide/plugins/com.st.stm32cube.ide.mcu.externaltools.gnu-tools-for-stm32.9-2020-q2-update.win32_1.5.0.202011040924/tools/bin/../lib/gcc/arm-none-eabi/9.3.1/../../../../arm-none-eabi/lib/thumb/v7e-m+fp/hard\libc_nano.a(lib_a-fwalk.o)
                0x000000000801076c                _fwalk_reent
 .text.__retarget_lock_init_recursive
                0x00000000080107aa        0x2 c:/program files (x86)/stmicroelectronics/stm32cubeide_1.3.0/stm32cubeide/plugins/com.st.stm32cube.ide.mcu.externaltools.gnu-tools-for-stm32.9-2020-q2-update.win32_1.5.0.202011040924/tools/bin/../lib/gcc/arm-none-eabi/9.3.1/../../../../arm-none-eabi/lib/thumb/v7e-m+fp/hard\libc_nano.a(lib_a-lock.o)
                0x00000000080107aa                __retarget_lock_init_recursive
 .text.__retarget_lock_acquire_recursive
                0x00000000080107ac        0x2 c:/program files (x86)/stmicroelectronics/stm32cubeide_1.3.0/stm32cubeide/plugins/com.st.stm32cube.ide.mcu.externaltools.gnu-tools-for-stm32.9-2020-q2-update.win32_1.5.0.202011040924/tools/bin/../lib/gcc/arm-none-eabi/9.3.1/../../../../arm-none-eabi/lib/thumb/v7e-m+fp/hard\libc_nano.a(lib_a-lock.o)
                0x00000000080107ac                __retarget_lock_acquire_recursive
 .text.__retarget_lock_release_recursive
                0x00000000080107ae        0x2 c:/program files (x86)/stmicroelectronics/stm32cubeide_1.3.0/stm32cubeide/plugins/com.st.stm32cube.ide.mcu.externaltools.gnu-tools-for-stm32.9-2020-q2-update.win32_1.5.0.202011040924/tools/bin/../lib/gcc/arm-none-eabi/9.3.1/../../../../arm-none-eabi/lib/thumb/v7e-m+fp/hard\libc_nano.a(lib_a-lock.o)
                0x00000000080107ae                __retarget_lock_release_recursive
 .text.__swhatbuf_r
                0x00000000080107b0       0x48 c:/program files (x86)/stmicroelectronics/stm32cubeide_1.3.0/stm32cubeide/plugins/com.st.stm32cube.ide.mcu.externaltools.gnu-tools-for-stm32.9-2020-q2-update.win32_1.5.0.202011040924/tools/bin/../lib/gcc/arm-none-eabi/9.3.1/../../../../arm-none-eabi/lib/thumb/v7e-m+fp/hard\libc_nano.a(lib_a-makebuf.o)
                0x00000000080107b0                __swhatbuf_r
 .text.__smakebuf_r
                0x00000000080107f8       0x80 c:/program files (x86)/stmicroelectronics/stm32cubeide_1.3.0/stm32cubeide/plugins/com.st.stm32cube.ide.mcu.externaltools.gnu-tools-for-stm32.9-2020-q2-update.win32_1.5.0.202011040924/tools/bin/../lib/gcc/arm-none-eabi/9.3.1/../../../../arm-none-eabi/lib/thumb/v7e-m+fp/hard\libc_nano.a(lib_a-makebuf.o)
                0x00000000080107f8                __smakebuf_r
 .text.__malloc_lock
                0x0000000008010878        0xc c:/program files (x86)/stmicroelectronics/stm32cubeide_1.3.0/stm32cubeide/plugins/com.st.stm32cube.ide.mcu.externaltools.gnu-tools-for-stm32.9-2020-q2-update.win32_1.5.0.202011040924/tools/bin/../lib/gcc/arm-none-eabi/9.3.1/../../../../arm-none-eabi/lib/thumb/v7e-m+fp/hard\libc_nano.a(lib_a-mlock.o)
                0x0000000008010878                __malloc_lock
 .text.__malloc_unlock
                0x0000000008010884        0xc c:/program files (x86)/stmicroelectronics/stm32cubeide_1.3.0/stm32cubeide/plugins/com.st.stm32cube.ide.mcu.externaltools.gnu-tools-for-stm32.9-2020-q2-update.win32_1.5.0.202011040924/tools/bin/../lib/gcc/arm-none-eabi/9.3.1/../../../../arm-none-eabi/lib/thumb/v7e-m+fp/hard\libc_nano.a(lib_a-mlock.o)
                0x0000000008010884                __malloc_unlock
 .text._raise_r
                0x0000000008010890       0x50 c:/program files (x86)/stmicroelectronics/stm32cubeide_1.3.0/stm32cubeide/plugins/com.st.stm32cube.ide.mcu.externaltools.gnu-tools-for-stm32.9-2020-q2-update.win32_1.5.0.202011040924/tools/bin/../lib/gcc/arm-none-eabi/9.3.1/../../../../arm-none-eabi/lib/thumb/v7e-m+fp/hard\libc_nano.a(lib_a-signal.o)
                0x0000000008010890                _raise_r
 .text.raise    0x00000000080108e0       0x10 c:/program files (x86)/stmicroelectronics/stm32cubeide_1.3.0/stm32cubeide/plugins/com.st.stm32cube.ide.mcu.externaltools.gnu-tools-for-stm32.9-2020-q2-update.win32_1.5.0.202011040924/tools/bin/../lib/gcc/arm-none-eabi/9.3.1/../../../../arm-none-eabi/lib/thumb/v7e-m+fp/hard\libc_nano.a(lib_a-signal.o)
                0x00000000080108e0                raise
 .text._kill_r  0x00000000080108f0       0x24 c:/program files (x86)/stmicroelectronics/stm32cubeide_1.3.0/stm32cubeide/plugins/com.st.stm32cube.ide.mcu.externaltools.gnu-tools-for-stm32.9-2020-q2-update.win32_1.5.0.202011040924/tools/bin/../lib/gcc/arm-none-eabi/9.3.1/../../../../arm-none-eabi/lib/thumb/v7e-m+fp/hard\libc_nano.a(lib_a-signalr.o)
                0x00000000080108f0                _kill_r
 .text._getpid_r