Archive member included to satisfy reference by file (symbol)

c:/program files (x86)/stmicroelectronics/stm32cubeide_1.3.0/stm32cubeide/plugins/com.st.stm32cube.ide.mcu.externaltools.gnu-tools-for-stm32.9-2020-q2-update.win32_1.5.0.202011040924/tools/bin/../lib/gcc/arm-none-eabi/9.3.1/../../../../arm-none-eabi/lib/thumb/v7e-m+fp/hard\libc_nano.a(lib_a-assert.o)
                              grbl/settings.o (__assert_func)
c:/program files (x86)/stmicroelectronics/stm32cubeide_1.3.0/stm32cubeide/plugins/com.st.stm32cube.ide.mcu.externaltools.gnu-tools-for-stm32.9-2020-q2-update.win32_1.5.0.202011040924/tools/bin/../lib/gcc/arm-none-eabi/9.3.1/../../../../arm-none-eabi/lib/thumb/v7e-m+fp/hard\libc_nano.a(lib_a-calloc.o)
                              grbl/report.o (calloc)
c:/program files (x86)/stmicroelectronics/stm32cubeide_1.3.0/stm32cubeide/plugins/com.st.stm32cube.ide.mcu.externaltools.gnu-tools-for-stm32.9-2020-q2-update.win32_1.5.0.202011040924/tools/bin/../lib/gcc/arm-none-eabi/9.3.1/../../../../arm-none-eabi/lib/thumb/v7e-m+fp/hard\libc_nano.a(lib_a-errno.o)
                              Src/syscalls.o (__errno)
c:/program files (x86)/stmicroelectronics/stm32cubeide_1.3.0/stm32cubeide/plugins/com.st.stm32cube.ide.mcu.externaltools.gnu-tools-for-stm32.9-2020-q2-update.win32_1.5.0.202011040924/tools/bin/../lib/gcc/arm-none-eabi/9.3.1/../../../../arm-none-eabi/lib/thumb/v7e-m+fp/hard\libc_nano.a(lib_a-exit.o)
                              c:/program files (x86)/stmicroelectronics/stm32cubeide_1.3.0/stm32cubeide/plugins/com.st.stm32cube.ide.mcu.externaltools.gnu-tools-for-stm32.9-2020-q2-update.win32_1.5.0.202011040924/tools/bin/../lib/gcc/arm-none-eabi/9.3.1/../../../../arm-none-eabi/lib/thumb/v7e-m+fp/hard/crt0.o (exit)
c:/program files (x86)/stmicroelectronics/stm32cubeide_1.3.0/stm32cubeide/plugins/com.st.stm32cube.ide.mcu.externaltools.gnu-tools-for-stm32.9-2020-q2-update.win32_1.5.0.202011040924/tools/bin/../lib/gcc/arm-none-eabi/9.3.1/../../../../arm-none-eabi/lib/thumb/v7e-m+fp/hard\libc_nano.a(lib_a-fprintf.o)
                              c:/program files (x86)/stmicroelectronics/stm32cubeide_1.3.0/stm32cubeide/plugins/com.st.stm32cube.ide.mcu.externaltools.gnu-tools-for-stm32.9-2020-q2-update.win32_1.5.0.202011040924/tools/bin/../lib/gcc/arm-none-eabi/9.3.1/../../../../arm-none-eabi/lib/thumb/v7e-m+fp/hard\libc_nano.a(lib_a-assert.o) (fiprintf)
c:/program files (x86)/stmicroelectronics/stm32cubeide_1.3.0/stm32cubeide/plugins/com.st.stm32cube.ide.mcu.externaltools.gnu-tools-for-stm32.9-2020-q2-update.win32_1.5.0.202011040924/tools/bin/../lib/gcc/arm-none-eabi/9.3.1/../../../../arm-none-eabi/lib/thumb/v7e-m+fp/hard\libc_nano.a(lib_a-impure.o)
                              c:/program files (x86)/stmicroelectronics/stm32cubeide_1.3.0/stm32cubeide/plugins/com.st.stm32cube.ide.mcu.externaltools.gnu-tools-for-stm32.9-2020-q2-update.win32_1.5.0.202011040924/tools/bin/../lib/gcc/arm-none-eabi/9.3.1/../../../../arm-none-eabi/lib/thumb/v7e-m+fp/hard\libc_nano.a(lib_a-exit.o) (_global_impure_ptr)
c:/program files (x86)/stmicroelectronics/stm32cubeide_1.3.0/stm32cubeide/plugins/com.st.stm32cube.ide.mcu.externaltools.gnu-tools-for-stm32.9-2020-q2-update.win32_1.5.0.202011040924/tools/bin/../lib/gcc/arm-none-eabi/9.3.1/../../../../arm-none-eabi/lib/thumb/v7e-m+fp/hard\libc_nano.a(lib_a-init.o)
                              c:/program files (x86)/stmicroelectronics/stm32cubeide_1.3.0/stm32cubeide/plugins/com.st.stm32cube.ide.mcu.externaltools.gnu-tools-for-stm32.9-2020-q2-update.win32_1.5.0.202011040924/tools/bin/../lib/gcc/arm-none-eabi/9.3.1/../../../../arm-none-eabi/lib/thumb/v7e-m+fp/hard/crt0.o (__libc_init_array)
c:/program files (x86)/stmicroelectronics/stm32cubeide_1.3.0/stm32cubeide/plugins/com.st.stm32cube.ide.mcu.externaltools.gnu-tools-for-stm32.9-2020-q2-update.win32_1.5.0.202011040924/tools/bin/../lib/gcc/arm-none-eabi/9.3.1/../../../../arm-none-eabi/lib/thumb/v7e-m+fp/hard\libc_nano.a(lib_a-malloc.o)
                              Middlewares/ST/STM32_USB_Device_Library/Class/CDC/Src/usbd_cdc.o (malloc)
c:/program files (x86)/stmicroelectronics/stm32cubeide_1.3.0/stm32cubeide/plugins/com.st.stm32cube.ide.mcu.externaltools.gnu-tools-for-stm32.9-2020-q2-update.win32_1.5.0.202011040924/tools/bin/../lib/gcc/arm-none-eabi/9.3.1/../../../../arm-none-eabi/lib/thumb/v7e-m+fp/hard\libc_nano.a(lib_a-memcmp.o)
                              Src/flash.o (memcmp)
c:/program files (x86)/stmicroelectronics/stm32cubeide_1.3.0/stm32cubeide/plugins/com.st.stm32cube.ide.mcu.externaltools.gnu-tools-for-stm32.9-2020-q2-update.win32_1.5.0.202011040924/tools/bin/../lib/gcc/arm-none-eabi/9.3.1/../../../../arm-none-eabi/lib/thumb/v7e-m+fp/hard\libc_nano.a(lib_a-memcpy-stub.o)
                              Src/flash.o (memcpy)
[...]
Memory Configuration

Name             Origin             Length             Attributes
RAM              0x0000000020000000 0x0000000000020000 xrw
BOOT_FLASH       0x0000000008000000 0x0000000000004000 xr
EEPROM_EMUL      0x0000000008004000 0x0000000000004000 xrw
FLASH            0x0000000008008000 0x000000000005f000 xr
*default*        0x0000000000000000 0xffffffffffffffff

Linker script and memory map

LOAD c:/program files (x86)/stmicroelectronics/stm32cubeide_1.3.0/stm32cubeide/plugins/com.st.stm32cube.ide.mcu.externaltools.gnu-tools-for-stm32.9-2020-q2-update.win32_1.5.0.202011040924/tools/bin/../lib/gcc/arm-none-eabi/9.3.1/thumb/v7e-m+fp/hard/crti.o
LOAD c:/program files (x86)/stmicroelectronics/stm32cubeide_1.3.0/stm32cubeide/plugins/com.st.stm32cube.ide.mcu.externaltools.gnu-tools-for-stm32.9-2020-q2-update.win32_1.5.0.202011040924/tools/bin/../lib/gcc/arm-none-eabi/9.3.1/thumb/v7e-m+fp/hard/crtbegin.o
LOAD c:/program files (x86)/stmicroelectronics/stm32cubeide_1.3.0/stm32cubeide/plugins/com.st.stm32cube.ide.mcu.externaltools.gnu-tools-for-stm32.9-2020-q2-update.win32_1.5.0.202011040924/tools/bin/../lib/gcc/arm-none-eabi/9.3.1/../../../../arm-none-eabi/lib/thumb/v7e-m+fp/hard/crt0.o
LOAD Drivers/STM32F4xx_HAL_Driver/Src/stm32f4xx_hal.o
LOAD Drivers/STM32F4xx_HAL_Driver/Src/stm32f4xx_hal_cortex.o
LOAD Drivers/STM32F4xx_HAL_Driver/Src/stm32f4xx_hal_dma.o
LOAD Drivers/STM32F4xx_HAL_Driver/Src/stm32f4xx_hal_dma_ex.o
LOAD Drivers/STM32F4xx_HAL_Driver/Src/stm32f4xx_hal_exti.o
LOAD Drivers/STM32F4xx_HAL_Driver/Src/stm32f4xx_hal_flash.o
LOAD Drivers/STM32F4xx_HAL_Driver/Src/stm32f4xx_hal_flash_ex.o
LOAD Drivers/STM32F4xx_HAL_Driver/Src/stm32f4xx_hal_flash_ramfunc.o
LOAD Drivers/STM32F4xx_HAL_Driver/Src/stm32f4xx_hal_gpio.o
LOAD Drivers/STM32F4xx_HAL_Driver/Src/stm32f4xx_hal_i2c.o
LOAD Drivers/STM32F4xx_HAL_Driver/Src/stm32f4xx_hal_i2c_ex.o
LOAD Drivers/STM32F4xx_HAL_Driver/Src/stm32f4xx_hal_i2s.o
LOAD Drivers/STM32F4xx_HAL_Driver/Src/stm32f4xx_hal_i2s_ex.o
LOAD Drivers/STM32F4xx_HAL_Driver/Src/stm32f4xx_hal_pcd.o
LOAD Drivers/STM32F4xx_HAL_Driver/Src/stm32f4xx_hal_pcd_ex.o
LOAD Drivers/STM32F4xx_HAL_Driver/Src/stm32f4xx_hal_pwr.o
LOAD Drivers/STM32F4xx_HAL_Driver/Src/stm32f4xx_hal_pwr_ex.o
LOAD Drivers/STM32F4xx_HAL_Driver/Src/stm32f4xx_hal_rcc.o
LOAD Drivers/STM32F4xx_HAL_Driver/Src/stm32f4xx_hal_rcc_ex.o
LOAD Drivers/STM32F4xx_HAL_Driver/Src/stm32f4xx_hal_spi.o
LOAD Drivers/STM32F4xx_HAL_Driver/Src/stm32f4xx_hal_tim.o
LOAD Drivers/STM32F4xx_HAL_Driver/Src/stm32f4xx_hal_tim_ex.o
LOAD Drivers/STM32F4xx_HAL_Driver/Src/stm32f4xx_hal_uart.o
LOAD Drivers/STM32F4xx_HAL_Driver/Src/stm32f4xx_ll_usb.o
LOAD Middlewares/ST/STM32_USB_Device_Library/Class/CDC/Src/usbd_cdc.o
LOAD Middlewares/ST/STM32_USB_Device_Library/Core/Src/usbd_core.o
LOAD Middlewares/ST/STM32_USB_Device_Library/Core/Src/usbd_ctlreq.o
LOAD Middlewares/ST/STM32_USB_Device_Library/Core/Src/usbd_ioreq.o
LOAD Src/diskio.o
LOAD Src/driver.o
LOAD Src/flash.o
LOAD Src/i2c.o
LOAD Src/main.o
LOAD Src/serial.o
LOAD Src/spi.o
LOAD Src/st_morpho.o
LOAD Src/st_morpo_dac.o
LOAD Src/stm32f4xx_hal_msp.o
LOAD Src/stm32f4xx_it.o
LOAD Src/syscalls.o
LOAD Src/sysmem.o
LOAD Src/system_stm32f4xx.o
LOAD Src/usb_serial.o
LOAD Startup/startup_stm32f401ccux.o
LOAD USB_DEVICE/App/usb_device.o
LOAD USB_DEVICE/App/usbd_cdc_if.o
LOAD USB_DEVICE/App/usbd_desc.o
LOAD USB_DEVICE/Target/usbd_conf.o
LOAD eeprom/eeprom_24AAxxx.o
LOAD eeprom/eeprom_24LC16B.o
LOAD grbl/coolant_control.o
LOAD grbl/corexy.o
LOAD grbl/gcode.o
LOAD grbl/grbllib.o
LOAD grbl/limits.o
LOAD grbl/maslow.o
LOAD grbl/motion_control.o
LOAD grbl/my_plugin.o
LOAD grbl/nuts_bolts.o
LOAD grbl/nvs_buffer.o
LOAD grbl/override.o
LOAD grbl/pid.o
LOAD grbl/planner.o
LOAD grbl/protocol.o
LOAD grbl/report.o
LOAD grbl/settings.o
LOAD grbl/sleep.o
LOAD grbl/spindle_control.o
LOAD grbl/state_machine.o
LOAD grbl/stepper.o
LOAD grbl/stream.o
LOAD grbl/system.o
LOAD grbl/tool_change.o
LOAD grbl/wall_plotter.o
LOAD keypad/keypad.o
LOAD laser/coolant.o
LOAD laser/ppi.o
LOAD odometer/odometer.o
LOAD sdcard/sdcard.o
LOAD trinamic/common.o
LOAD trinamic/tmc2130.o
LOAD trinamic/tmc2130hal.o
LOAD trinamic/tmc2209.o
LOAD trinamic/tmc2209hal.o
LOAD trinamic/tmc26x.o
LOAD trinamic/tmc5160.o
LOAD trinamic/tmc5160hal.o
LOAD trinamic/tmc_interface.o
START GROUP
LOAD c:/program files (x86)/stmicroelectronics/stm32cubeide_1.3.0/stm32cubeide/plugins/com.st.stm32cube.ide.mcu.externaltools.gnu-tools-for-stm32.9-2020-q2-update.win32_1.5.0.202011040924/tools/bin/../lib/gcc/arm-none-eabi/9.3.1/../../../../arm-none-eabi/lib/thumb/v7e-m+fp/hard\libc_nano.a
LOAD c:/program files (x86)/stmicroelectronics/stm32cubeide_1.3.0/stm32cubeide/plugins/com.st.stm32cube.ide.mcu.externaltools.gnu-tools-for-stm32.9-2020-q2-update.win32_1.5.0.202011040924/tools/bin/../lib/gcc/arm-none-eabi/9.3.1/../../../../arm-none-eabi/lib/thumb/v7e-m+fp/hard\libm.a
END GROUP
START GROUP
LOAD c:/program files (x86)/stmicroelectronics/stm32cubeide_1.3.0/stm32cubeide/plugins/com.st.stm32cube.ide.mcu.externaltools.gnu-tools-for-stm32.9-2020-q2-update.win32_1.5.0.202011040924/tools/bin/../lib/gcc/arm-none-eabi/9.3.1/thumb/v7e-m+fp/hard\libgcc.a
LOAD c:/program files (x86)/stmicroelectronics/stm32cubeide_1.3.0/stm32cubeide/plugins/com.st.stm32cube.ide.mcu.externaltools.gnu-tools-for-stm32.9-2020-q2-update.win32_1.5.0.202011040924/tools/bin/../lib/gcc/arm-none-eabi/9.3.1/../../../../arm-none-eabi/lib/thumb/v7e-m+fp/hard\libc_nano.a
END GROUP
START GROUP
LOAD c:/program files (x86)/stmicroelectronics/stm32cubeide_1.3.0/stm32cubeide/plugins/com.st.stm32cube.ide.mcu.externaltools.gnu-tools-for-stm32.9-2020-q2-update.win32_1.5.0.202011040924/tools/bin/../lib/gcc/arm-none-eabi/9.3.1/thumb/v7e-m+fp/hard\libgcc.a
LOAD c:/program files (x86)/stmicroelectronics/stm32cubeide_1.3.0/stm32cubeide/plugins/com.st.stm32cube.ide.mcu.externaltools.gnu-tools-for-stm32.9-2020-q2-update.win32_1.5.0.202011040924/tools/bin/../lib/gcc/arm-none-eabi/9.3.1/../../../../arm-none-eabi/lib/thumb/v7e-m+fp/hard\libc_nano.a
LOAD c:/program files (x86)/stmicroelectronics/stm32cubeide_1.3.0/stm32cubeide/plugins/com.st.stm32cube.ide.mcu.externaltools.gnu-tools-for-stm32.9-2020-q2-update.win32_1.5.0.202011040924/tools/bin/../lib/gcc/arm-none-eabi/9.3.1/../../../../arm-none-eabi/lib/thumb/v7e-m+fp/hard\libnosys.a
END GROUP
START GROUP
LOAD c:/program files (x86)/stmicroelectronics/stm32cubeide_1.3.0/stm32cubeide/plugins/com.st.stm32cube.ide.mcu.externaltools.gnu-tools-for-stm32.9-2020-q2-update.win32_1.5.0.202011040924/tools/bin/../lib/gcc/arm-none-eabi/9.3.1/thumb/v7e-m+fp/hard\libgcc.a
LOAD c:/program files (x86)/stmicroelectronics/stm32cubeide_1.3.0/stm32cubeide/plugins/com.st.stm32cube.ide.mcu.externaltools.gnu-tools-for-stm32.9-2020-q2-update.win32_1.5.0.202011040924/tools/bin/../lib/gcc/arm-none-eabi/9.3.1/../../../../arm-none-eabi/lib/thumb/v7e-m+fp/hard\libc_nano.a
LOAD c:/program files (x86)/stmicroelectronics/stm32cubeide_1.3.0/stm32cubeide/plugins/com.st.stm32cube.ide.mcu.externaltools.gnu-tools-for-stm32.9-2020-q2-update.win32_1.5.0.202011040924/tools/bin/../lib/gcc/arm-none-eabi/9.3.1/../../../../arm-none-eabi/lib/thumb/v7e-m+fp/hard\libnosys.a
END GROUP
LOAD c:/program files (x86)/stmicroelectronics/stm32cubeide_1.3.0/stm32cubeide/plugins/com.st.stm32cube.ide.mcu.externaltools.gnu-tools-for-stm32.9-2020-q2-update.win32_1.5.0.202011040924/tools/bin/../lib/gcc/arm-none-eabi/9.3.1/thumb/v7e-m+fp/hard/crtend.o
LOAD c:/program files (x86)/stmicroelectronics/stm32cubeide_1.3.0/stm32cubeide/plugins/com.st.stm32cube.ide.mcu.externaltools.gnu-tools-for-stm32.9-2020-q2-update.win32_1.5.0.202011040924/tools/bin/../lib/gcc/arm-none-eabi/9.3.1/thumb/v7e-m+fp/hard/crtn.o
                0x0000000020020000                _estack = (ORIGIN (RAM) + LENGTH (RAM))
                0x0000000000003000                _Min_Heap_Size = 0x3000
                0x0000000000001000                _Min_Stack_Size = 0x1000

.isr_vector     0x0000000008000000      0x194
                0x0000000008000000                . = ALIGN (0x4)
 *(.isr_vector)
 .isr_vector    0x0000000008000000      0x194 Startup/startup_stm32f401ccux.o
                0x0000000008000000                g_pfnVectors
                0x0000000008000194                . = ALIGN (0x4)

.text           0x0000000008008000    0x19850
                0x0000000008008000                . = ALIGN (0x4)
 *(.text)
 .text          0x0000000008008000       0x40 c:/program files (x86)/stmicroelectronics/stm32cubeide_1.3.0/stm32cubeide/plugins/com.st.stm32cube.ide.mcu.externaltools.gnu-tools-for-stm32.9-2020-q2-update.win32_1.5.0.202011040924/tools/bin/../lib/gcc/arm-none-eabi/9.3.1/thumb/v7e-m+fp/hard/crtbegin.o
 .text          0x0000000008008040       0x14 c:/program files (x86)/stmicroelectronics/stm32cubeide_1.3.0/stm32cubeide/plugins/com.st.stm32cube.ide.mcu.externaltools.gnu-tools-for-stm32.9-2020-q2-update.win32_1.5.0.202011040924/tools/bin/../lib/gcc/arm-none-eabi/9.3.1/../../../../arm-none-eabi/lib/thumb/v7e-m+fp/hard\libc_nano.a(lib_a-strcmp.o)
                0x0000000008008040                strcmp
 .text          0x0000000008008054       0x10 c:/program files (x86)/stmicroelectronics/stm32cubeide_1.3.0/stm32cubeide/plugins/com.st.stm32cube.ide.mcu.externaltools.gnu-tools-for-stm32.9-2020-q2-update.win32_1.5.0.202011040924/tools/bin/../lib/gcc/arm-none-eabi/9.3.1/../../../../arm-none-eabi/lib/thumb/v7e-m+fp/hard\libc_nano.a(lib_a-strlen.o)
                0x0000000008008054                strlen
 *fill*         0x0000000008008064        0xc 
 .text          0x0000000008008070       0xa0 c:/program files (x86)/stmicroelectronics/stm32cubeide_1.3.0/stm32cubeide/plugins/com.st.stm32cube.ide.mcu.externaltools.gnu-tools-for-stm32.9-2020-q2-update.win32_1.5.0.202011040924/tools/bin/../lib/gcc/arm-none-eabi/9.3.1/../../../../arm-none-eabi/lib/thumb/v7e-m+fp/hard\libc_nano.a(lib_a-memchr.o)
                0x0000000008008070                memchr
 .text          0x0000000008008110      0x378 c:/program files (x86)/stmicroelectronics/stm32cubeide_1.3.0/stm32cubeide/plugins/com.st.stm32cube.ide.mcu.externaltools.gnu-tools-for-stm32.9-2020-q2-update.win32_1.5.0.202011040924/tools/bin/../lib/gcc/arm-none-eabi/9.3.1/thumb/v7e-m+fp/hard\libgcc.a(_arm_addsubdf3.o)
                0x0000000008008110                __aeabi_drsub
                0x0000000008008118                __aeabi_dsub
                0x0000000008008118                __subdf3
                0x000000000800811c                __aeabi_dadd
                0x000000000800811c                __adddf3
                0x0000000008008394                __floatunsidf
                0x0000000008008394                __aeabi_ui2d
                0x00000000080083b4                __floatsidf
                0x00000000080083b4                __aeabi_i2d
                0x00000000080083d8                __aeabi_f2d
                0x00000000080083d8                __extendsfdf2
                0x000000000800841c                __floatundidf
                0x000000000800841c                __aeabi_ul2d
                0x000000000800842c                __floatdidf
                0x000000000800842c                __aeabi_l2d
 .text          0x0000000008008488       0xa0 c:/program files (x86)/stmicroelectronics/stm32cubeide_1.3.0/stm32cubeide/plugins/com.st.stm32cube.ide.mcu.externaltools.gnu-tools-for-stm32.9-2020-q2-update.win32_1.5.0.202011040924/tools/bin/../lib/gcc/arm-none-eabi/9.3.1/thumb/v7e-m+fp/hard\libgcc.a(_arm_truncdfsf2.o)
                0x0000000008008488                __truncdfsf2
                0x0000000008008488                __aeabi_d2f
 .text          0x0000000008008528       0x30 c:/program files (x86)/stmicroelectronics/stm32cubeide_1.3.0/stm32cubeide/plugins/com.st.stm32cube.ide.mcu.externaltools.gnu-tools-for-stm32.9-2020-q2-update.win32_1.5.0.202011040924/tools/bin/../lib/gcc/arm-none-eabi/9.3.1/thumb/v7e-m+fp/hard\libgcc.a(_aeabi_uldivmod.o)
                0x0000000008008528                __aeabi_uldivmod
 .text          0x0000000008008558      0x2c4 c:/program files (x86)/stmicroelectronics/stm32cubeide_1.3.0/stm32cubeide/plugins/com.st.stm32cube.ide.mcu.externaltools.gnu-tools-for-stm32.9-2020-q2-update.win32_1.5.0.202011040924/tools/bin/../lib/gcc/arm-none-eabi/9.3.1/thumb/v7e-m+fp/hard\libgcc.a(_udivmoddi4.o)
                0x0000000008008558                __udivmoddi4
 .text          0x000000000800881c        0x4 c:/program files (x86)/stmicroelectronics/stm32cubeide_1.3.0/stm32cubeide/plugins/com.st.stm32cube.ide.mcu.externaltools.gnu-tools-for-stm32.9-2020-q2-update.win32_1.5.0.202011040924/tools/bin/../lib/gcc/arm-none-eabi/9.3.1/thumb/v7e-m+fp/hard\libgcc.a(_dvmd_tls.o)
                0x000000000800881c                __aeabi_idiv0
                0x000000000800881c                __aeabi_ldiv0
 *(.text*)
 .text.HAL_InitTick
                0x0000000008008820       0x48 Drivers/STM32F4xx_HAL_Driver/Src/stm32f4xx_hal.o
                0x0000000008008820                HAL_InitTick
 .text.HAL_Init
                0x0000000008008868       0x34 Drivers/STM32F4xx_HAL_Driver/Src/stm32f4xx_hal.o
                0x0000000008008868                HAL_Init
 .text.HAL_IncTick
                0x000000000800889c       0x18 Drivers/STM32F4xx_HAL_Driver/Src/stm32f4xx_hal.o
                0x000000000800889c                HAL_IncTick
 .text.HAL_GetTick
                0x00000000080088b4        0xc Drivers/STM32F4xx_HAL_Driver/Src/stm32f4xx_hal.o
                0x00000000080088b4                HAL_GetTick
 .text.HAL_Delay
                0x00000000080088c0       0x24 Drivers/STM32F4xx_HAL_Driver/Src/stm32f4xx_hal.o
                0x00000000080088c0                HAL_Delay
 .text.HAL_NVIC_SetPriorityGrouping
                0x00000000080088e4       0x28 Drivers/STM32F4xx_HAL_Driver/Src/stm32f4xx_hal_cortex.o
                0x00000000080088e4                HAL_NVIC_SetPriorityGrouping
 .text.HAL_NVIC_SetPriority
                0x000000000800890c       0x70 Drivers/STM32F4xx_HAL_Driver/Src/stm32f4xx_hal_cortex.o
                0x000000000800890c                HAL_NVIC_SetPriority
 .text.HAL_NVIC_EnableIRQ
                0x000000000800897c       0x1c Drivers/STM32F4xx_HAL_Driver/Src/stm32f4xx_hal_cortex.o
                0x000000000800897c                HAL_NVIC_EnableIRQ
 .text.HAL_NVIC_DisableIRQ
                0x0000000008008998       0x28 Drivers/STM32F4xx_HAL_Driver/Src/stm32f4xx_hal_cortex.o
                0x0000000008008998                HAL_NVIC_DisableIRQ
 .text.HAL_SYSTICK_Config
                0x00000000080089c0       0x34 Drivers/STM32F4xx_HAL_Driver/Src/stm32f4xx_hal_cortex.o
                0x00000000080089c0                HAL_SYSTICK_Config
 .text.HAL_DMA_Abort_IT
                0x00000000080089f4       0x24 Drivers/STM32F4xx_HAL_Driver/Src/stm32f4xx_hal_dma.o
                0x00000000080089f4                HAL_DMA_Abort_IT
 .text.HAL_DMA_GetState
                0x0000000008008a18        0x8 Drivers/STM32F4xx_HAL_Driver/Src/stm32f4xx_hal_dma.o
                0x0000000008008a18                HAL_DMA_GetState
 .text.HAL_GPIO_Init
                0x0000000008008a20      0x248 Drivers/STM32F4xx_HAL_Driver/Src/stm32f4xx_hal_gpio.o
                0x0000000008008a20                HAL_GPIO_Init
 .text.I2C_WaitOnMasterAddressFlagUntilTimeout.constprop.1
                0x0000000008008c68       0x8c Drivers/STM32F4xx_HAL_Driver/Src/stm32f4xx_hal_i2c.o
 .text.I2C_RequestMemoryWrite
                0x0000000008008cf4      0x164 Drivers/STM32F4xx_HAL_Driver/Src/stm32f4xx_hal_i2c.o
 .text.I2C_RequestMemoryRead
                0x0000000008008e58      0x1d8 Drivers/STM32F4xx_HAL_Driver/Src/stm32f4xx_hal_i2c.o
 .text.HAL_I2C_MspInit
                0x0000000008009030        0x4 Drivers/STM32F4xx_HAL_Driver/Src/stm32f4xx_hal_i2c.o
                0x0000000008009030                HAL_I2C_MspInit
 .text.HAL_I2C_Init
                0x0000000008009034      0x188 Drivers/STM32F4xx_HAL_Driver/Src/stm32f4xx_hal_i2c.o
                0x0000000008009034                HAL_I2C_Init
 .text.HAL_I2C_Master_Receive_IT
                0x00000000080091bc       0xd4 Drivers/STM32F4xx_HAL_Driver/Src/stm32f4xx_hal_i2c.o
                0x00000000080091bc                HAL_I2C_Master_Receive_IT
 .text.HAL_I2C_Mem_Write
                0x0000000008009290      0x1e8 Drivers/STM32F4xx_HAL_Driver/Src/stm32f4xx_hal_i2c.o
                0x0000000008009290                HAL_I2C_Mem_Write
 .text.HAL_I2C_Mem_Read
                0x0000000008009478      0x308 Drivers/STM32F4xx_HAL_Driver/Src/stm32f4xx_hal_i2c.o
                0x0000000008009478                HAL_I2C_Mem_Read
 .text.HAL_I2C_MasterTxCpltCallback
                0x0000000008009780        0x4 Drivers/STM32F4xx_HAL_Driver/Src/stm32f4xx_hal_i2c.o
                0x0000000008009780                HAL_I2C_MasterTxCpltCallback
 .text.HAL_I2C_SlaveTxCpltCallback
                0x0000000008009784        0x4 Drivers/STM32F4xx_HAL_Driver/Src/stm32f4xx_hal_i2c.o
                0x0000000008009784                HAL_I2C_SlaveTxCpltCallback
 .text.HAL_I2C_SlaveRxCpltCallback
                0x0000000008009788        0x4 Drivers/STM32F4xx_HAL_Driver/Src/stm32f4xx_hal_i2c.o
                0x0000000008009788                HAL_I2C_SlaveRxCpltCallback
 .text.HAL_I2C_AddrCallback
                0x000000000800978c        0x4 Drivers/STM32F4xx_HAL_Driver/Src/stm32f4xx_hal_i2c.o
                0x000000000800978c                HAL_I2C_AddrCallback
 .text.HAL_I2C_ListenCpltCallback
                0x0000000008009790        0x4 Drivers/STM32F4xx_HAL_Driver/Src/stm32f4xx_hal_i2c.o
                0x0000000008009790                HAL_I2C_ListenCpltCallback
 .text.HAL_I2C_MemTxCpltCallback
                0x0000000008009794        0x4 Drivers/STM32F4xx_HAL_Driver/Src/stm32f4xx_hal_i2c.o
                0x0000000008009794                HAL_I2C_MemTxCpltCallback
 .text.I2C_MemoryTransmit_TXE_BTF
                0x0000000008009798       0xb4 Drivers/STM32F4xx_HAL_Driver/Src/stm32f4xx_hal_i2c.o
 .text.HAL_I2C_MemRxCpltCallback
                0x000000000800984c        0x4 Drivers/STM32F4xx_HAL_Driver/Src/stm32f4xx_hal_i2c.o
                0x000000000800984c                HAL_I2C_MemRxCpltCallback
 .text.HAL_I2C_ErrorCallback
                0x0000000008009850        0x4 Drivers/STM32F4xx_HAL_Driver/Src/stm32f4xx_hal_i2c.o
                0x0000000008009850                HAL_I2C_ErrorCallback
 .text.HAL_I2C_AbortCpltCallback
                0x0000000008009854        0x4 Drivers/STM32F4xx_HAL_Driver/Src/stm32f4xx_hal_i2c.o
                0x0000000008009854                HAL_I2C_AbortCpltCallback
 .text.I2C_DMAAbort
                0x0000000008009858       0xf4 Drivers/STM32F4xx_HAL_Driver/Src/stm32f4xx_hal_i2c.o
 .text.I2C_ITError
                0x000000000800994c      0x16c Drivers/STM32F4xx_HAL_Driver/Src/stm32f4xx_hal_i2c.o
 .text.HAL_I2C_EV_IRQHandler
                0x0000000008009ab8      0x990 Drivers/STM32F4xx_HAL_Driver/Src/stm32f4xx_hal_i2c.o
                0x0000000008009ab8                HAL_I2C_EV_IRQHandler
 .text.HAL_I2C_ER_IRQHandler
                0x000000000800a448      0x17c Drivers/STM32F4xx_HAL_Driver/Src/stm32f4xx_hal_i2c.o
                0x000000000800a448                HAL_I2C_ER_IRQHandler
 .text.HAL_I2C_GetState
                0x000000000800a5c4        0x8 Drivers/STM32F4xx_HAL_Driver/Src/stm32f4xx_hal_i2c.o
                0x000000000800a5c4                HAL_I2C_GetState
 .text.HAL_PCD_Init
                0x000000000800a5cc      0x118 Drivers/STM32F4xx_HAL_Driver/Src/stm32f4xx_hal_pcd.o
                0x000000000800a5cc                HAL_PCD_Init
 .text.HAL_PCD_Start
                0x000000000800a6e4       0x40 Drivers/STM32F4xx_HAL_Driver/Src/stm32f4xx_hal_pcd.o
                0x000000000800a6e4                HAL_PCD_Start
 .text.HAL_PCD_IRQHandler
                0x000000000800a724      0x62c Drivers/STM32F4xx_HAL_Driver/Src/stm32f4xx_hal_pcd.o
                0x000000000800a724                HAL_PCD_IRQHandler
 .text.HAL_PCD_SetAddress
                0x000000000800ad50       0x28 Drivers/STM32F4xx_HAL_Driver/Src/stm32f4xx_hal_pcd.o
                0x000000000800ad50                HAL_PCD_SetAddress
 .text.HAL_PCD_EP_Open
                0x000000000800ad78       0x6c Drivers/STM32F4xx_HAL_Driver/Src/stm32f4xx_hal_pcd.o
                0x000000000800ad78                HAL_PCD_EP_Open
 .text.HAL_PCD_EP_Close
                0x000000000800ade4       0x60 Drivers/STM32F4xx_HAL_Driver/Src/stm32f4xx_hal_pcd.o
                0x000000000800ade4                HAL_PCD_EP_Close
 .text.HAL_PCD_EP_Receive
                0x000000000800ae44       0x50 Drivers/STM32F4xx_HAL_Driver/Src/stm32f4xx_hal_pcd.o
                0x000000000800ae44                HAL_PCD_EP_Receive
 .text.HAL_PCD_EP_GetRxCount
                0x000000000800ae94       0x14 Drivers/STM32F4xx_HAL_Driver/Src/stm32f4xx_hal_pcd.o
                0x000000000800ae94                HAL_PCD_EP_GetRxCount
 .text.HAL_PCD_EP_Transmit
                0x000000000800aea8       0x48 Drivers/STM32F4xx_HAL_Driver/Src/stm32f4xx_hal_pcd.o
                0x000000000800aea8                HAL_PCD_EP_Transmit
 .text.HAL_PCD_EP_SetStall
                0x000000000800aef0       0x88 Drivers/STM32F4xx_HAL_Driver/Src/stm32f4xx_hal_pcd.o
                0x000000000800aef0                HAL_PCD_EP_SetStall
 .text.HAL_PCD_EP_ClrStall
                0x000000000800af78       0x74 Drivers/STM32F4xx_HAL_Driver/Src/stm32f4xx_hal_pcd.o
                0x000000000800af78                HAL_PCD_EP_ClrStall
 .text.HAL_PCDEx_SetTxFiFo
                0x000000000800afec       0x48 Drivers/STM32F4xx_HAL_Driver/Src/stm32f4xx_hal_pcd_ex.o
                0x000000000800afec                HAL_PCDEx_SetTxFiFo
 .text.HAL_PCDEx_SetRxFiFo
                0x000000000800b034        0x8 Drivers/STM32F4xx_HAL_Driver/Src/stm32f4xx_hal_pcd_ex.o
                0x000000000800b034                HAL_PCDEx_SetRxFiFo
 .text.HAL_PCDEx_LPM_Callback
                0x000000000800b03c        0x4 Drivers/STM32F4xx_HAL_Driver/Src/stm32f4xx_hal_pcd_ex.o
                0x000000000800b03c                HAL_PCDEx_LPM_Callback
 .text.HAL_RCC_OscConfig
                0x000000000800b040      0x3c0 Drivers/STM32F4xx_HAL_Driver/Src/stm32f4xx_hal_rcc.o
                0x000000000800b040                HAL_RCC_OscConfig
 .text.HAL_RCC_GetSysClockFreq
                0x000000000800b400       0x6c Drivers/STM32F4xx_HAL_Driver/Src/stm32f4xx_hal_rcc.o
                0x000000000800b400                HAL_RCC_GetSysClockFreq
 .text.HAL_RCC_ClockConfig
                0x000000000800b46c      0x13c Drivers/STM32F4xx_HAL_Driver/Src/stm32f4xx_hal_rcc.o
                0x000000000800b46c                HAL_RCC_ClockConfig
 .text.HAL_RCC_GetHCLKFreq
                0x000000000800b5a8        0xc Drivers/STM32F4xx_HAL_Driver/Src/stm32f4xx_hal_rcc.o
                0x000000000800b5a8                HAL_RCC_GetHCLKFreq
 .text.HAL_RCC_GetPCLK1Freq
                0x000000000800b5b4       0x20 Drivers/STM32F4xx_HAL_Driver/Src/stm32f4xx_hal_rcc.o
                0x000000000800b5b4                HAL_RCC_GetPCLK1Freq
 .text.HAL_RCC_GetPCLK2Freq
                0x000000000800b5d4       0x20 Drivers/STM32F4xx_HAL_Driver/Src/stm32f4xx_hal_rcc.o
                0x000000000800b5d4                HAL_RCC_GetPCLK2Freq
 .text.TIM_Base_SetConfig
                0x000000000800b5f4       0xc4 Drivers/STM32F4xx_HAL_Driver/Src/stm32f4xx_hal_tim.o
                0x000000000800b5f4                TIM_Base_SetConfig
 .text.USB_CoreInit
                0x000000000800b6b8       0xd4 Drivers/STM32F4xx_HAL_Driver/Src/stm32f4xx_ll_usb.o
                0x000000000800b6b8                USB_CoreInit
 .text.USB_SetTurnaroundTime
                0x000000000800b78c       0xf0 Drivers/STM32F4xx_HAL_Driver/Src/stm32f4xx_ll_usb.o
                0x000000000800b78c                USB_SetTurnaroundTime
 .text.USB_EnableGlobalInt
                0x000000000800b87c       0x10 Drivers/STM32F4xx_HAL_Driver/Src/stm32f4xx_ll_usb.o
                0x000000000800b87c                USB_EnableGlobalInt
 .text.USB_DisableGlobalInt
                0x000000000800b88c       0x10 Drivers/STM32F4xx_HAL_Driver/Src/stm32f4xx_ll_usb.o
                0x000000000800b88c                USB_DisableGlobalInt
 .text.USB_SetCurrentMode
                0x000000000800b89c       0x30 Drivers/STM32F4xx_HAL_Driver/Src/stm32f4xx_ll_usb.o
                0x000000000800b89c                USB_SetCurrentMode
 .text.USB_DevInit
                0x000000000800b8cc      0x1d0 Drivers/STM32F4xx_HAL_Driver/Src/stm32f4xx_ll_usb.o
                0x000000000800b8cc                USB_DevInit
 .text.USB_FlushTxFifo
                0x000000000800ba9c       0x24 Drivers/STM32F4xx_HAL_Driver/Src/stm32f4xx_ll_usb.o
                0x000000000800ba9c                USB_FlushTxFifo
 .text.USB_GetDevSpeed
                0x000000000800bac0       0x18 Drivers/STM32F4xx_HAL_Driver/Src/stm32f4xx_ll_usb.o
                0x000000000800bac0                USB_GetDevSpeed
 .text.USB_ActivateEndpoint
                0x000000000800bad8       0x98 Drivers/STM32F4xx_HAL_Driver/Src/stm32f4xx_ll_usb.o
                0x000000000800bad8                USB_ActivateEndpoint
 .text.USB_DeactivateEndpoint
                0x000000000800bb70       0xc4 Drivers/STM32F4xx_HAL_Driver/Src/stm32f4xx_ll_usb.o
                0x000000000800bb70                USB_DeactivateEndpoint
 .text.USB_EPStartXfer
                0x000000000800bc34      0x22c Drivers/STM32F4xx_HAL_Driver/Src/stm32f4xx_ll_usb.o
                0x000000000800bc34                USB_EPStartXfer
 .text.USB_EP0StartXfer
                0x000000000800be60      0x154 Drivers/STM32F4xx_HAL_Driver/Src/stm32f4xx_ll_usb.o
                0x000000000800be60                USB_EP0StartXfer
 .text.USB_WritePacket
                0x000000000800bfb4       0x2c Drivers/STM32F4xx_HAL_Driver/Src/stm32f4xx_ll_usb.o
                0x000000000800bfb4                USB_WritePacket
 .text.USB_ReadPacket
                0x000000000800bfe0       0x24 Drivers/STM32F4xx_HAL_Driver/Src/stm32f4xx_ll_usb.o
                0x000000000800bfe0                USB_ReadPacket
 .text.USB_EPSetStall
                0x000000000800c004       0x5c Drivers/STM32F4xx_HAL_Driver/Src/stm32f4xx_ll_usb.o
                0x000000000800c004                USB_EPSetStall
 .text.USB_EPClearStall
                0x000000000800c060       0x58 Drivers/STM32F4xx_HAL_Driver/Src/stm32f4xx_ll_usb.o
                0x000000000800c060                USB_EPClearStall
 .text.USB_SetDevAddress
                0x000000000800c0b8       0x20 Drivers/STM32F4xx_HAL_Driver/Src/stm32f4xx_ll_usb.o
                0x000000000800c0b8                USB_SetDevAddress
 .text.USB_DevConnect
                0x000000000800c0d8       0x1c Drivers/STM32F4xx_HAL_Driver/Src/stm32f4xx_ll_usb.o
                0x000000000800c0d8                USB_DevConnect
 .text.USB_DevDisconnect
                0x000000000800c0f4       0x1c Drivers/STM32F4xx_HAL_Driver/Src/stm32f4xx_ll_usb.o
                0x000000000800c0f4                USB_DevDisconnect
 .text.USB_ReadInterrupts
                0x000000000800c110        0x8 Drivers/STM32F4xx_HAL_Driver/Src/stm32f4xx_ll_usb.o
                0x000000000800c110                USB_ReadInterrupts
 .text.USB_ReadDevAllOutEpInterrupt
                0x000000000800c118       0x10 Drivers/STM32F4xx_HAL_Driver/Src/stm32f4xx_ll_usb.o
                0x000000000800c118                USB_ReadDevAllOutEpInterrupt
 .text.USB_ReadDevAllInEpInterrupt
                0x000000000800c128       0x10 Drivers/STM32F4xx_HAL_Driver/Src/stm32f4xx_ll_usb.o
                0x000000000800c128                USB_ReadDevAllInEpInterrupt
 .text.USB_ReadDevOutEPInterrupt
                0x000000000800c138       0x14 Drivers/STM32F4xx_HAL_Driver/Src/stm32f4xx_ll_usb.o
                0x000000000800c138                USB_ReadDevOutEPInterrupt
 .text.USB_ReadDevInEPInterrupt
                0x000000000800c14c       0x28 Drivers/STM32F4xx_HAL_Driver/Src/stm32f4xx_ll_usb.o
                0x000000000800c14c                USB_ReadDevInEPInterrupt
 .text.USB_GetMode
                0x000000000800c174        0x8 Drivers/STM32F4xx_HAL_Driver/Src/stm32f4xx_ll_usb.o
                0x000000000800c174                USB_GetMode
 .text.USB_ActivateSetup
                0x000000000800c17c       0x20 Drivers/STM32F4xx_HAL_Driver/Src/stm32f4xx_ll_usb.o
                0x000000000800c17c                USB_ActivateSetup
 .text.USB_EP0_OutStart
                0x000000000800c19c       0x58 Drivers/STM32F4xx_HAL_Driver/Src/stm32f4xx_ll_usb.o
                0x000000000800c19c                USB_EP0_OutStart
 .text.USBD_CDC_EP0_RxReady
                0x000000000800c1f4       0x2c Middlewares/ST/STM32_USB_Device_Library/Class/CDC/Src/usbd_cdc.o
 .text.USBD_CDC_GetFSCfgDesc
                0x000000000800c220        0xc Middlewares/ST/STM32_USB_Device_Library/Class/CDC/Src/usbd_cdc.o
 .text.USBD_CDC_GetHSCfgDesc
                0x000000000800c22c        0xc Middlewares/ST/STM32_USB_Device_Library/Class/CDC/Src/usbd_cdc.o
 .text.USBD_CDC_GetOtherSpeedCfgDesc
                0x000000000800c238        0xc Middlewares/ST/STM32_USB_Device_Library/Class/CDC/Src/usbd_cdc.o
 .text.USBD_CDC_GetDeviceQualifierDescriptor
                0x000000000800c244        0xc Middlewares/ST/STM32_USB_Device_Library/Class/CDC/Src/usbd_cdc.o
                0x000000000800c244                USBD_CDC_GetDeviceQualifierDescriptor
 .text.USBD_CDC_DataOut
                0x000000000800c250       0x2c Middlewares/ST/STM32_USB_Device_Library/Class/CDC/Src/usbd_cdc.o
 .text.USBD_CDC_DataIn
                0x000000000800c27c       0x60 Middlewares/ST/STM32_USB_Device_Library/Class/CDC/Src/usbd_cdc.o
 .text.USBD_CDC_Setup
                0x000000000800c2dc       0xf8 Middlewares/ST/STM32_USB_Device_Library/Class/CDC/Src/usbd_cdc.o
 .text.USBD_CDC_DeInit
                0x000000000800c3d4       0x44 Middlewares/ST/STM32_USB_Device_Library/Class/CDC/Src/usbd_cdc.o
 .text.USBD_CDC_Init
                0x000000000800c418       0xb4 Middlewares/ST/STM32_USB_Device_Library/Class/CDC/Src/usbd_cdc.o
 .text.USBD_CDC_RegisterInterface
                0x000000000800c4cc       0x10 Middlewares/ST/STM32_USB_Device_Library/Class/CDC/Src/usbd_cdc.o
                0x000000000800c4cc                USBD_CDC_RegisterInterface
 .text.USBD_CDC_SetTxBuffer
                0x000000000800c4dc       0x10 Middlewares/ST/STM32_USB_Device_Library/Class/CDC/Src/usbd_cdc.o
                0x000000000800c4dc                USBD_CDC_SetTxBuffer
 .text.USBD_CDC_SetRxBuffer
                0x000000000800c4ec        0xc Middlewares/ST/STM32_USB_Device_Library/Class/CDC/Src/usbd_cdc.o
                0x000000000800c4ec                USBD_CDC_SetRxBuffer
 .text.USBD_CDC_TransmitPacket
                0x000000000800c4f8       0x30 Middlewares/ST/STM32_USB_Device_Library/Class/CDC/Src/usbd_cdc.o
                0x000000000800c4f8                USBD_CDC_TransmitPacket
 .text.USBD_CDC_ReceivePacket
                0x000000000800c528       0x34 Middlewares/ST/STM32_USB_Device_Library/Class/CDC/Src/usbd_cdc.o
                0x000000000800c528                USBD_CDC_ReceivePacket
 .text.USBD_Init
                0x000000000800c55c       0x30 Middlewares/ST/STM32_USB_Device_Library/Core/Src/usbd_core.o
                0x000000000800c55c                USBD_Init
 .text.USBD_RegisterClass
                0x000000000800c58c       0x2c Middlewares/ST/STM32_USB_Device_Library/Core/Src/usbd_core.o
                0x000000000800c58c                USBD_RegisterClass
 .text.USBD_Start
                0x000000000800c5b8        0x4 Middlewares/ST/STM32_USB_Device_Library/Core/Src/usbd_core.o
                0x000000000800c5b8                USBD_Start
 .text.USBD_SetClassConfig
                0x000000000800c5bc       0x10 Middlewares/ST/STM32_USB_Device_Library/Core/Src/usbd_core.o
                0x000000000800c5bc                USBD_SetClassConfig
 .text.USBD_ClrClassConfig
                0x000000000800c5cc       0x10 Middlewares/ST/STM32_USB_Device_Library/Core/Src/usbd_core.o
                0x000000000800c5cc                USBD_ClrClassConfig
 .text.USBD_LL_SetupStage
                0x000000000800c5dc       0x60 Middlewares/ST/STM32_USB_Device_Library/Core/Src/usbd_core.o
                0x000000000800c5dc                USBD_LL_SetupStage
 .text.USBD_LL_DataOutStage
                0x000000000800c63c       0x6c Middlewares/ST/STM32_USB_Device_Library/Core/Src/usbd_core.o
                0x000000000800c63c                USBD_LL_DataOutStage
 .text.USBD_LL_DataInStage
                0x000000000800c6a8       0xb0 Middlewares/ST/STM32_USB_Device_Library/Core/Src/usbd_core.o
                0x000000000800c6a8                USBD_LL_DataInStage
 .text.USBD_LL_Reset
                0x000000000800c758       0x50 Middlewares/ST/STM32_USB_Device_Library/Core/Src/usbd_core.o
                0x000000000800c758                USBD_LL_Reset
 .text.USBD_LL_SetSpeed
                0x000000000800c7a8        0x8 Middlewares/ST/STM32_USB_Device_Library/Core/Src/usbd_core.o
                0x000000000800c7a8                USBD_LL_SetSpeed
 .text.USBD_LL_Suspend
                0x000000000800c7b0       0x14 Middlewares/ST/STM32_USB_Device_Library/Core/Src/usbd_core.o
                0x000000000800c7b0                USBD_LL_Suspend
 .text.USBD_LL_Resume
                0x000000000800c7c4       0x14 Middlewares/ST/STM32_USB_Device_Library/Core/Src/usbd_core.o
                0x000000000800c7c4                USBD_LL_Resume
 .text.USBD_LL_SOF
                0x000000000800c7d8       0x1c Middlewares/ST/STM32_USB_Device_Library/Core/Src/usbd_core.o
                0x000000000800c7d8                USBD_LL_SOF
 .text.USBD_LL_IsoINIncomplete
                0x000000000800c7f4        0x4 Middlewares/ST/STM32_USB_Device_Library/Core/Src/usbd_core.o
                0x000000000800c7f4                USBD_LL_IsoINIncomplete
 .text.USBD_LL_IsoOUTIncomplete
                0x000000000800c7f8        0x4 Middlewares/ST/STM32_USB_Device_Library/Core/Src/usbd_core.o
                0x000000000800c7f8                USBD_LL_IsoOUTIncomplete
 .text.USBD_LL_DevConnected
                0x000000000800c7fc        0x4 Middlewares/ST/STM32_USB_Device_Library/Core/Src/usbd_core.o
                0x000000000800c7fc                USBD_LL_DevConnected
 .text.USBD_LL_DevDisconnected
                0x000000000800c800       0x1c Middlewares/ST/STM32_USB_Device_Library/Core/Src/usbd_core.o
                0x000000000800c800                USBD_LL_DevDisconnected
 .text.USBD_StdDevReq
                0x000000000800c81c      0x33c Middlewares/ST/STM32_USB_Device_Library/Core/Src/usbd_ctlreq.o
                0x000000000800c81c                USBD_StdDevReq
 .text.USBD_StdItfReq
                0x000000000800cb58       0x60 Middlewares/ST/STM32_USB_Device_Library/Core/Src/usbd_ctlreq.o
                0x000000000800cb58                USBD_StdItfReq
 .text.USBD_StdEPReq
                0x000000000800cbb8      0x140 Middlewares/ST/STM32_USB_Device_Library/Core/Src/usbd_ctlreq.o
                0x000000000800cbb8                USBD_StdEPReq
 .text.USBD_ParseSetupRequest
                0x000000000800ccf8       0x28 Middlewares/ST/STM32_USB_Device_Library/Core/Src/usbd_ctlreq.o
                0x000000000800ccf8                USBD_ParseSetupRequest
 .text.USBD_CtlError
                0x000000000800cd20       0x18 Middlewares/ST/STM32_USB_Device_Library/Core/Src/usbd_ctlreq.o
                0x000000000800cd20                USBD_CtlError
 .text.USBD_GetString
                0x000000000800cd38       0x4c Middlewares/ST/STM32_USB_Device_Library/Core/Src/usbd_ctlreq.o
                0x000000000800cd38                USBD_GetString
 .text.USBD_CtlSendData
                0x000000000800cd84       0x1c Middlewares/ST/STM32_USB_Device_Library/Core/Src/usbd_ioreq.o
                0x000000000800cd84                USBD_CtlSendData
 .text.USBD_CtlContinueSendData
                0x000000000800cda0       0x10 Middlewares/ST/STM32_USB_Device_Library/Core/Src/usbd_ioreq.o
                0x000000000800cda0                USBD_CtlContinueSendData
 .text.USBD_CtlPrepareRx
                0x000000000800cdb0       0x1c Middlewares/ST/STM32_USB_Device_Library/Core/Src/usbd_ioreq.o
                0x000000000800cdb0                USBD_CtlPrepareRx
 .text.USBD_CtlContinueRx
                0x000000000800cdcc       0x10 Middlewares/ST/STM32_USB_Device_Library/Core/Src/usbd_ioreq.o
                0x000000000800cdcc                USBD_CtlContinueRx
 .text.USBD_CtlSendStatus
                0x000000000800cddc       0x18 Middlewares/ST/STM32_USB_Device_Library/Core/Src/usbd_ioreq.o
                0x000000000800cddc                USBD_CtlSendStatus
 .text.USBD_CtlReceiveStatus
                0x000000000800cdf4       0x18 Middlewares/ST/STM32_USB_Device_Library/Core/Src/usbd_ioreq.o
                0x000000000800cdf4                USBD_CtlReceiveStatus
 .text.__enable_irq
                0x000000000800ce0c        0x4 Src/driver.o
 .text.__disable_irq
                0x000000000800ce10        0x4 Src/driver.o
 .text.stepperEnable
                0x000000000800ce14       0x1c Src/driver.o
 .text.stepperWakeUp
                0x000000000800ce30       0x38 Src/driver.o
 .text.stepperGoIdle
                0x000000000800ce68       0x14 Src/driver.o
 .text.stepperCyclesPerTick
                0x000000000800ce7c       0x18 Src/driver.o
 .text.stepperPulseStart
                0x000000000800ce94       0x54 Src/driver.o
 .text.limitsGetState
                0x000000000800cee8       0x60 Src/driver.o
 .text.systemGetState
                0x000000000800cf48       0x28 Src/driver.o
 .text.probeConfigure
                0x000000000800cf70       0x40 Src/driver.o
 .text.probeGetState
                0x000000000800cfb0       0x2c Src/driver.o
                0x000000000800cfb0                probeGetState
 .text.spindleGetState
                0x000000000800cfdc       0x40 Src/driver.o
 .text.coolantSetState
                0x000000000800d01c       0x28 Src/driver.o
 .text.coolantGetState
                0x000000000800d044       0x2c Src/driver.o
 .text.bitsSetAtomic
                0x000000000800d070        0xc Src/driver.o
 .text.bitsClearAtomic
                0x000000000800d07c       0x14 Src/driver.o
 .text.valueSetAtomic
                0x000000000800d090        0xc Src/driver.o
 .text.getElapsedTicks
                0x000000000800d09c        0xc Src/driver.o
 .text.spindleGetPWM
                0x000000000800d0a8        0xc Src/driver.o
 .text.driver_delay
                0x000000000800d0b4       0x20 Src/driver.o
 .text.stepperPulseStartDelayed
                0x000000000800d0d4       0x7c Src/driver.o
 .text.limitsEnable
                0x000000000800d150       0x34 Src/driver.o
 .text.spindleSetState
                0x000000000800d184       0x50 Src/driver.o
 .text.spindle_set_speed
                0x000000000800d1d4       0x90 Src/driver.o
 .text.settings_changed
                0x000000000800d264      0x4f0 Src/driver.o
                0x000000000800d264                settings_changed
 .text.driver_setup
                0x000000000800d754      0x280 Src/driver.o
 .text.spindleSetStateVariable
                0x000000000800d9d4       0xb4 Src/driver.o
 .text.driver_init
                0x000000000800da88      0x170 Src/driver.o
                0x000000000800da88                driver_init
 .text.TIM5_IRQHandler
                0x000000000800dbf8       0x20 Src/driver.o
                0x000000000800dbf8                TIM5_IRQHandler
 .text.TIM4_IRQHandler
                0x000000000800dc18       0x6c Src/driver.o
                0x000000000800dc18                TIM4_IRQHandler
 .text.TIM1_BRK_TIM9_IRQHandler
                0x000000000800dc84       0xd0 Src/driver.o
                0x000000000800dc84                TIM1_BRK_TIM9_IRQHandler
 .text.EXTI9_5_IRQHandler
                0x000000000800dd54       0x78 Src/driver.o
                0x000000000800dd54                EXTI9_5_IRQHandler
 .text.EXTI15_10_IRQHandler
                0x000000000800ddcc       0xb8 Src/driver.o
                0x000000000800ddcc                EXTI15_10_IRQHandler
 .text.Driver_IncTick
                0x000000000800de84       0x20 Src/driver.o
                0x000000000800de84                Driver_IncTick
 .text.i2c_init
                0x000000000800dea4       0x5c Src/i2c.o
                0x000000000800dea4                i2c_init
 .text.I2C1_EV_IRQHandler
                0x000000000800df00        0xc Src/i2c.o
                0x000000000800df00                I2C1_EV_IRQHandler
 .text.I2C1_ER_IRQHandler
                0x000000000800df0c        0xc Src/i2c.o
                0x000000000800df0c                I2C1_ER_IRQHandler
 .text.i2c_nvs_transfer
                0x000000000800df18       0x60 Src/i2c.o
                0x000000000800df18                i2c_nvs_transfer
 .text.I2C_GetKeycode
                0x000000000800df78       0x28 Src/i2c.o
                0x000000000800df78                I2C_GetKeycode
 .text.HAL_I2C_MasterRxCpltCallback
                0x000000000800dfa0       0x20 Src/i2c.o
                0x000000000800dfa0                HAL_I2C_MasterRxCpltCallback
 .text.startup.main
                0x000000000800dfc0      0x108 Src/main.o
                0x000000000800dfc0                main
 .text.Error_Handler
                0x000000000800e0c8        0x4 Src/main.o
                0x000000000800e0c8                Error_Handler
 .text.serialGetC
                0x000000000800e0cc       0x28 Src/serial.o
                0x000000000800e0cc                serialGetC
 .text.USART1_IRQHandler
                0x000000000800e0f4       0xa4 Src/serial.o
                0x000000000800e0f4                USART1_IRQHandler
 .text.HAL_MspInit
                0x000000000800e198       0x3c Src/stm32f4xx_hal_msp.o
                0x000000000800e198                HAL_MspInit
 .text.NMI_Handler
                0x000000000800e1d4        0x4 Src/stm32f4xx_it.o
                0x000000000800e1d4                NMI_Handler
 .text.HardFault_Handler
                0x000000000800e1d8        0x4 Src/stm32f4xx_it.o
                0x000000000800e1d8                HardFault_Handler
 .text.MemManage_Handler
                0x000000000800e1dc        0x4 Src/stm32f4xx_it.o
                0x000000000800e1dc                MemManage_Handler
 .text.BusFault_Handler
                0x000000000800e1e0        0x4 Src/stm32f4xx_it.o
                0x000000000800e1e0                BusFault_Handler
 .text.UsageFault_Handler
                0x000000000800e1e4        0x4 Src/stm32f4xx_it.o
                0x000000000800e1e4                UsageFault_Handler
 .text.SVC_Handler
                0x000000000800e1e8        0x4 Src/stm32f4xx_it.o
                0x000000000800e1e8                SVC_Handler
 .text.DebugMon_Handler
                0x000000000800e1ec        0x4 Src/stm32f4xx_it.o
                0x000000000800e1ec                DebugMon_Handler
 .text.PendSV_Handler
                0x000000000800e1f0        0x4 Src/stm32f4xx_it.o
                0x000000000800e1f0                PendSV_Handler
 .text.SysTick_Handler
                0x000000000800e1f4       0x10 Src/stm32f4xx_it.o
                0x000000000800e1f4                SysTick_Handler
 .text.OTG_FS_IRQHandler
                0x000000000800e204        0xc Src/stm32f4xx_it.o
                0x000000000800e204                OTG_FS_IRQHandler
 .text._getpid  0x000000000800e210        0x4 Src/syscalls.o
                0x000000000800e210                _getpid
 .text._kill    0x000000000800e214       0x10 Src/syscalls.o
                0x000000000800e214                _kill
 .text._exit    0x000000000800e224        0xc Src/syscalls.o
                0x000000000800e224                _exit
 .text._read    0x000000000800e230       0x1c Src/syscalls.o
                0x000000000800e230                _read
 .text._write   0x000000000800e24c       0x1c Src/syscalls.o
                0x000000000800e24c                _write
 .text._close   0x000000000800e268        0x8 Src/syscalls.o
                0x000000000800e268                _close
 .text._fstat   0x000000000800e270        0xc Src/syscalls.o
                0x000000000800e270                _fstat
 .text._isatty  0x000000000800e27c        0x4 Src/syscalls.o
                0x000000000800e27c                _isatty
 .text._lseek   0x000000000800e280        0x4 Src/syscalls.o
                0x000000000800e280                _lseek
 .text._sbrk    0x000000000800e284       0x3c Src/sysmem.o
                0x000000000800e284                _sbrk
 .text.SystemInit
                0x000000000800e2c0       0x1c Src/system_stm32f4xx.o
                0x000000000800e2c0                SystemInit
 .text.usbGetC  0x000000000800e2dc       0x28 Src/usb_serial.o
                0x000000000800e2dc                usbGetC
 .text.usbInit  0x000000000800e304       0x1c Src/usb_serial.o
                0x000000000800e304                usbInit
 .text.usbRxFree
                0x000000000800e320       0x1c Src/usb_serial.o
                0x000000000800e320                usbRxFree
 .text.usbRxFlush
                0x000000000800e33c       0x10 Src/usb_serial.o
                0x000000000800e33c                usbRxFlush
 .text.usbRxCancel
                0x000000000800e34c       0x20 Src/usb_serial.o
                0x000000000800e34c                usbRxCancel
 .text.usbWriteS
                0x000000000800e36c      0x12c Src/usb_serial.o
                0x000000000800e36c                usbWriteS
 .text.usbSuspendInput
                0x000000000800e498        0xc Src/usb_serial.o
                0x000000000800e498                usbSuspendInput
 .text.usbBufferInput
                0x000000000800e4a4       0x74 Src/usb_serial.o
                0x000000000800e4a4                usbBufferInput
 .text.Reset_Handler
                0x000000000800e518       0x50 Startup/startup_stm32f401ccux.o
                0x000000000800e518                Reset_Handler
 .text.Default_Handler
                0x000000000800e568        0x2 Startup/startup_stm32f401ccux.o
                0x000000000800e568                RTC_Alarm_IRQHandler
                0x000000000800e568                EXTI2_IRQHandler
                0x000000000800e568                SPI4_IRQHandler
                0x000000000800e568                TIM1_CC_IRQHandler
                0x000000000800e568                DMA2_Stream5_IRQHandler
                0x000000000800e568                DMA1_Stream5_IRQHandler
                0x000000000800e568                PVD_IRQHandler
                0x000000000800e568                SDIO_IRQHandler
                0x000000000800e568                TAMP_STAMP_IRQHandler
                0x000000000800e568                EXTI3_IRQHandler
                0x000000000800e568                TIM1_UP_TIM10_IRQHandler
                0x000000000800e568                I2C3_ER_IRQHandler
                0x000000000800e568                EXTI0_IRQHandler
                0x000000000800e568                I2C2_EV_IRQHandler
                0x000000000800e568                DMA1_Stream2_IRQHandler
                0x000000000800e568                FPU_IRQHandler
                0x000000000800e568                DMA2_Stream2_IRQHandler
                0x000000000800e568                SPI1_IRQHandler
                0x000000000800e568                DMA2_Stream3_IRQHandler
                0x000000000800e568                USART6_IRQHandler
                0x000000000800e568                DMA2_Stream0_IRQHandler
                0x000000000800e568                DMA1_Stream6_IRQHandler
                0x000000000800e568                DMA1_Stream1_IRQHandler
                0x000000000800e568                TIM3_IRQHandler
                0x000000000800e568                RCC_IRQHandler
                0x000000000800e568                Default_Handler
                0x000000000800e568                ADC_IRQHandler
                0x000000000800e568                DMA1_Stream7_IRQHandler
                0x000000000800e568                DMA2_Stream7_IRQHandler
                0x000000000800e568                I2C3_EV_IRQHandler
                0x000000000800e568                RTC_WKUP_IRQHandler
                0x000000000800e568                SPI2_IRQHandler
                0x000000000800e568                DMA1_Stream0_IRQHandler
                0x000000000800e568                EXTI4_IRQHandler
                0x000000000800e568                WWDG_IRQHandler
                0x000000000800e568                TIM2_IRQHandler
                0x000000000800e568                OTG_FS_WKUP_IRQHandler
                0x000000000800e568                TIM1_TRG_COM_TIM11_IRQHandler
                0x000000000800e568                EXTI1_IRQHandler
                0x000000000800e568                USART2_IRQHandler
                0x000000000800e568                I2C2_ER_IRQHandler
                0x000000000800e568                DMA2_Stream1_IRQHandler
                0x000000000800e568                FLASH_IRQHandler
                0x000000000800e568                DMA2_Stream4_IRQHandler
                0x000000000800e568                SPI3_IRQHandler
                0x000000000800e568                DMA1_Stream4_IRQHandler
                0x000000000800e568                DMA2_Stream6_IRQHandler
                0x000000000800e568                DMA1_Stream3_IRQHandler
 *fill*         0x000000000800e56a        0x2 
 .text.MX_USB_DEVICE_Init
                0x000000000800e56c       0x74 USB_DEVICE/App/usb_device.o
                0x000000000800e56c                MX_USB_DEVICE_Init
 .text.CDC_DeInit_FS
                0x000000000800e5e0        0x4 USB_DEVICE/App/usbd_cdc_if.o
 .text.CDC_TransmitCplt_FS
                0x000000000800e5e4        0x4 USB_DEVICE/App/usbd_cdc_if.o
 .text.CDC_Receive_FS
                0x000000000800e5e8       0x24 USB_DEVICE/App/usbd_cdc_if.o
 .text.CDC_Init_FS
                0x000000000800e60c       0x28 USB_DEVICE/App/usbd_cdc_if.o
 .text.CDC_Control_FS
                0x000000000800e634       0x1c USB_DEVICE/App/usbd_cdc_if.o
 .text.CDC_Transmit_FS
                0x000000000800e650       0x2c USB_DEVICE/App/usbd_cdc_if.o
                0x000000000800e650                CDC_Transmit_FS
 .text.USBD_FS_DeviceDescriptor
                0x000000000800e67c        0xc USB_DEVICE/App/usbd_desc.o
                0x000000000800e67c                USBD_FS_DeviceDescriptor
 .text.USBD_FS_LangIDStrDescriptor
                0x000000000800e688        0xc USB_DEVICE/App/usbd_desc.o
                0x000000000800e688                USBD_FS_LangIDStrDescriptor
 .text.USBD_FS_ManufacturerStrDescriptor
                0x000000000800e694       0x1c USB_DEVICE/App/usbd_desc.o
                0x000000000800e694                USBD_FS_ManufacturerStrDescriptor
 .text.USBD_FS_ProductStrDescriptor
                0x000000000800e6b0       0x1c USB_DEVICE/App/usbd_desc.o
                0x000000000800e6b0                USBD_FS_ProductStrDescriptor
 .text.USBD_FS_ConfigStrDescriptor
                0x000000000800e6cc       0x1c USB_DEVICE/App/usbd_desc.o
                0x000000000800e6cc                USBD_FS_ConfigStrDescriptor
 .text.USBD_FS_InterfaceStrDescriptor
                0x000000000800e6e8       0x1c USB_DEVICE/App/usbd_desc.o
                0x000000000800e6e8                USBD_FS_InterfaceStrDescriptor
 .text.USBD_FS_SerialStrDescriptor
                0x000000000800e704      0x118 USB_DEVICE/App/usbd_desc.o
                0x000000000800e704                USBD_FS_SerialStrDescriptor
 .text.HAL_PCD_MspInit
                0x000000000800e81c       0x88 USB_DEVICE/Target/usbd_conf.o
                0x000000000800e81c                HAL_PCD_MspInit
 .text.HAL_PCD_SetupStageCallback
                0x000000000800e8a4        0xc USB_DEVICE/Target/usbd_conf.o
                0x000000000800e8a4                HAL_PCD_SetupStageCallback
 .text.HAL_PCD_DataOutStageCallback
                0x000000000800e8b0       0x14 USB_DEVICE/Target/usbd_conf.o
                0x000000000800e8b0                HAL_PCD_DataOutStageCallback
 .text.HAL_PCD_DataInStageCallback
                0x000000000800e8c4       0x14 USB_DEVICE/Target/usbd_conf.o
                0x000000000800e8c4                HAL_PCD_DataInStageCallback
 .text.HAL_PCD_SOFCallback
                0x000000000800e8d8        0x8 USB_DEVICE/Target/usbd_conf.o
                0x000000000800e8d8                HAL_PCD_SOFCallback
 .text.HAL_PCD_ResetCallback
                0x000000000800e8e0       0x24 USB_DEVICE/Target/usbd_conf.o
                0x000000000800e8e0                HAL_PCD_ResetCallback
 .text.HAL_PCD_SuspendCallback
                0x000000000800e904       0x30 USB_DEVICE/Target/usbd_conf.o
                0x000000000800e904                HAL_PCD_SuspendCallback
 .text.HAL_PCD_ResumeCallback
                0x000000000800e934        0x8 USB_DEVICE/Target/usbd_conf.o
                0x000000000800e934                HAL_PCD_ResumeCallback
 .text.HAL_PCD_ISOOUTIncompleteCallback
                0x000000000800e93c        0x8 USB_DEVICE/Target/usbd_conf.o
                0x000000000800e93c                HAL_PCD_ISOOUTIncompleteCallback
 .text.HAL_PCD_ISOINIncompleteCallback
                0x000000000800e944        0x8 USB_DEVICE/Target/usbd_conf.o
                0x000000000800e944                HAL_PCD_ISOINIncompleteCallback
 .text.HAL_PCD_ConnectCallback
                0x000000000800e94c        0x8 USB_DEVICE/Target/usbd_conf.o
                0x000000000800e94c                HAL_PCD_ConnectCallback
 .text.HAL_PCD_DisconnectCallback
                0x000000000800e954        0x8 USB_DEVICE/Target/usbd_conf.o
                0x000000000800e954                HAL_PCD_DisconnectCallback
 .text.USBD_LL_Init
                0x000000000800e95c       0x64 USB_DEVICE/Target/usbd_conf.o
                0x000000000800e95c                USBD_LL_Init
 .text.USBD_LL_Start
                0x000000000800e9c0       0x1c USB_DEVICE/Target/usbd_conf.o
                0x000000000800e9c0                USBD_LL_Start
 .text.USBD_LL_OpenEP
                0x000000000800e9dc       0x20 USB_DEVICE/Target/usbd_conf.o
                0x000000000800e9dc                USBD_LL_OpenEP
 .text.USBD_LL_CloseEP
                0x000000000800e9fc       0x1c USB_DEVICE/Target/usbd_conf.o
                0x000000000800e9fc                USBD_LL_CloseEP
 .text.USBD_LL_StallEP
                0x000000000800ea18       0x1c USB_DEVICE/Target/usbd_conf.o
                0x000000000800ea18                USBD_LL_StallEP
 .text.USBD_LL_ClearStallEP
                0x000000000800ea34       0x1c USB_DEVICE/Target/usbd_conf.o
                0x000000000800ea34                USBD_LL_ClearStallEP
 .text.USBD_LL_IsStallEP
                0x000000000800ea50       0x28 USB_DEVICE/Target/usbd_conf.o
                0x000000000800ea50                USBD_LL_IsStallEP
 .text.USBD_LL_SetUSBAddress
                0x000000000800ea78       0x1c USB_DEVICE/Target/usbd_conf.o
                0x000000000800ea78                USBD_LL_SetUSBAddress
 .text.USBD_LL_Transmit
                0x000000000800ea94       0x1c USB_DEVICE/Target/usbd_conf.o
                0x000000000800ea94                USBD_LL_Transmit
 .text.USBD_LL_PrepareReceive
                0x000000000800eab0       0x1c USB_DEVICE/Target/usbd_conf.o
                0x000000000800eab0                USBD_LL_PrepareReceive
 .text.USBD_LL_GetRxDataSize
                0x000000000800eacc        0x8 USB_DEVICE/Target/usbd_conf.o
                0x000000000800eacc                USBD_LL_GetRxDataSize
 .text.putByte  0x000000000800ead4       0x2c eeprom/eeprom_24AAxxx.o
 .text.getByte  0x000000000800eb00       0x30 eeprom/eeprom_24AAxxx.o
 .text.readBlock
                0x000000000800eb30       0x8c eeprom/eeprom_24AAxxx.o
 .text.writeBlock
                0x000000000800ebbc       0xb0 eeprom/eeprom_24AAxxx.o
 .text.i2c_eeprom_init
                0x000000000800ec6c       0x38 eeprom/eeprom_24AAxxx.o
                0x000000000800ec6c                i2c_eeprom_init
 .text.coolant_set_state
                0x000000000800eca4       0x28 grbl/coolant_control.o
                0x000000000800eca4                coolant_set_state
 .text.coolant_sync
                0x000000000800eccc       0x48 grbl/coolant_control.o
                0x000000000800eccc                coolant_sync
 .text.init_sync_motion
                0x000000000800ed14       0x98 grbl/gcode.o
 .text.add_output_command.constprop.0
                0x000000000800edac       0x40 grbl/gcode.o
 .text.gc_get_scaling
                0x000000000800edec        0x8 grbl/gcode.o
                0x000000000800edec                gc_get_scaling
 .text.gc_get_g51_state
                0x000000000800edf4       0x4c grbl/gcode.o
                0x000000000800edf4                gc_get_g51_state
 .text.gc_get_offset
                0x000000000800ee40       0x20 grbl/gcode.o
                0x000000000800ee40                gc_get_offset
 .text.gc_set_tool_offset
                0x000000000800ee60       0xd8 grbl/gcode.o
                0x000000000800ee60                gc_set_tool_offset
 .text.gc_get_plane_data
                0x000000000800ef38       0x2c grbl/gcode.o
                0x000000000800ef38                gc_get_plane_data
 .text.gc_init  0x000000000800ef64      0x150 grbl/gcode.o
                0x000000000800ef64                gc_init
 .text.gc_execute_block
                0x000000000800f0b4     0x3134 grbl/gcode.o
                0x000000000800f0b4                gc_execute_block
 .text.dummy_bool_handler
                0x00000000080121e8        0x4 grbl/grbllib.o
                0x00000000080121e8                dummy_bool_handler
 .text.stream_tx_blocking
                0x00000000080121ec       0x24 grbl/grbllib.o
 .text.grbl_enter
                0x0000000008012210      0x258 grbl/grbllib.o
                0x0000000008012210                grbl_enter
 .text.limits_pull_off
                0x0000000008012468      0x174 grbl/limits.o
 .text.limit_signals_merge
                0x00000000080125dc       0x18 grbl/limits.o
                0x00000000080125dc                limit_signals_merge
 .text.limit_interrupt_handler
                0x00000000080125f4       0x40 grbl/limits.o
                0x00000000080125f4                limit_interrupt_handler
 .text.limits_set_machine_positions
                0x0000000008012634      0x11c grbl/limits.o
                0x0000000008012634                limits_set_machine_positions
 .text.limits_go_home
                0x0000000008012750      0x590 grbl/limits.o
                0x0000000008012750                limits_go_home
 .text.limits_soft_check
                0x0000000008012ce0       0x5c grbl/limits.o
                0x0000000008012ce0                limits_soft_check
 .text.limits_set_homing_axes
                0x0000000008012d3c       0x30 grbl/limits.o
                0x0000000008012d3c                limits_set_homing_axes
 .text.limits_homing_required
                0x0000000008012d6c       0x44 grbl/limits.o
                0x0000000008012d6c                limits_homing_required
 .text.mc_line  0x0000000008012db0       0x90 grbl/motion_control.o
                0x0000000008012db0                mc_line
 .text.mc_arc   0x0000000008012e40      0x278 grbl/motion_control.o
                0x0000000008012e40                mc_arc
 .text.mc_cubic_b_spline
                0x00000000080130b8      0x2d8 grbl/motion_control.o
                0x00000000080130b8                mc_cubic_b_spline
 .text.mc_canned_drill
                0x0000000008013390      0x2c0 grbl/motion_control.o
                0x0000000008013390                mc_canned_drill
 .text.mc_thread
                0x0000000008013650      0x300 grbl/motion_control.o
                0x0000000008013650                mc_thread
 .text.mc_jog_execute
                0x0000000008013950       0x84 grbl/motion_control.o
                0x0000000008013950                mc_jog_execute
 .text.mc_dwell
                0x00000000080139d4       0x30 grbl/motion_control.o
                0x00000000080139d4                mc_dwell
 .text.mc_probe_cycle
                0x0000000008013a04      0x12c grbl/motion_control.o
                0x0000000008013a04                mc_probe_cycle
 .text.mc_parking_motion
                0x0000000008013b30       0x3c grbl/motion_control.o
                0x0000000008013b30                mc_parking_motion
 .text.mc_override_ctrl_update
                0x0000000008013b6c       0x18 grbl/motion_control.o
                0x0000000008013b6c                mc_override_ctrl_update
 .text.mc_reset
                0x0000000008013b84       0x98 grbl/motion_control.o
                0x0000000008013b84                mc_reset
 .text.mc_homing_cycle
                0x0000000008013c1c      0x204 grbl/motion_control.o
                0x0000000008013c1c                mc_homing_cycle
 .text.my_plugin_init
                0x0000000008013e20        0x4 grbl/my_plugin.o
                0x0000000008013e20                my_plugin_init
 .text.uitoa    0x0000000008013e24       0x44 grbl/nuts_bolts.o
                0x0000000008013e24                uitoa
 .text.ftoa     0x0000000008013e68      0x118 grbl/nuts_bolts.o
                0x0000000008013e68                ftoa
 .text.read_float
                0x0000000008013f80       0xf0 grbl/nuts_bolts.o
                0x0000000008013f80                read_float
 .text.isintf   0x0000000008014070       0x34 grbl/nuts_bolts.o
                0x0000000008014070                isintf
 .text.delay_sec
                0x00000000080140a4       0x64 grbl/nuts_bolts.o
                0x00000000080140a4                delay_sec
 .text.convert_delta_vector_to_unit_vector
                0x0000000008014108       0x60 grbl/nuts_bolts.o
                0x0000000008014108                convert_delta_vector_to_unit_vector
 .text.calc_checksum
                0x0000000008014168       0x28 grbl/nuts_bolts.o
                0x0000000008014168                calc_checksum
 .text.strcaps  0x0000000008014190       0x48 grbl/nuts_bolts.o
                0x0000000008014190                strcaps
 .text.dummy_handler
                0x00000000080141d8        0x4 grbl/nuts_bolts.o
                0x00000000080141d8                dummy_handler
 .text.ram_get_byte
                0x00000000080141dc        0xc grbl/nvs_buffer.o
 .text.ram_put_byte
                0x00000000080141e8       0x38 grbl/nvs_buffer.o
 .text.nvs_warning
                0x0000000008014220        0xc grbl/nvs_buffer.o
 .text.memcpy_to_ram
                0x000000000801422c      0x18c grbl/nvs_buffer.o
 .text.memcpy_from_ram
                0x00000000080143b8       0xf0 grbl/nvs_buffer.o
 .text.nvs_buffer_alloc
                0x00000000080144a8       0x1c grbl/nvs_buffer.o
                0x00000000080144a8                nvs_buffer_alloc
 .text.nvs_buffer_init
                0x00000000080144c4      0x148 grbl/nvs_buffer.o
                0x00000000080144c4                nvs_buffer_init
 .text.nvs_alloc
                0x000000000801460c       0x7c grbl/nvs_buffer.o
                0x000000000801460c                nvs_alloc
 .text.nvs_buffer_sync_physical
                0x0000000008014688      0x1a8 grbl/nvs_buffer.o
                0x0000000008014688                nvs_buffer_sync_physical
 .text.nvs_buffer_get_physical
                0x0000000008014830       0x20 grbl/nvs_buffer.o
                0x0000000008014830                nvs_buffer_get_physical
 .text.enqueue_feed_override
                0x0000000008014850       0x20 grbl/override.o
                0x0000000008014850                enqueue_feed_override
 .text.get_feed_override
                0x0000000008014870       0x20 grbl/override.o
                0x0000000008014870                get_feed_override
 .text.enqueue_accessory_override
                0x0000000008014890       0x20 grbl/override.o
                0x0000000008014890                enqueue_accessory_override
 .text.get_accessory_override
                0x00000000080148b0       0x20 grbl/override.o
                0x00000000080148b0                get_accessory_override
 .text.flush_override_buffers
                0x00000000080148d0       0x18 grbl/override.o
                0x00000000080148d0                flush_override_buffers
 .text.planner_recalculate
                0x00000000080148e8      0x138 grbl/planner.o
 .text.plan_reset
                0x0000000008014a20       0xcc grbl/planner.o
                0x0000000008014a20                plan_reset
 .text.plan_discard_current_block
                0x0000000008014aec       0x4c grbl/planner.o
                0x0000000008014aec                plan_discard_current_block
 .text.plan_get_system_motion_block
                0x0000000008014b38        0xc grbl/planner.o
                0x0000000008014b38                plan_get_system_motion_block
 .text.plan_get_current_block
                0x0000000008014b44       0x18 grbl/planner.o
                0x0000000008014b44                plan_get_current_block
 .text.plan_get_exec_block_exit_speed_sqr
                0x0000000008014b5c       0x24 grbl/planner.o
                0x0000000008014b5c                plan_get_exec_block_exit_speed_sqr
 .text.plan_check_full_buffer
                0x0000000008014b80       0x1c grbl/planner.o
                0x0000000008014b80                plan_check_full_buffer
 .text.plan_compute_profile_nominal_speed
                0x0000000008014b9c       0x9c grbl/planner.o
                0x0000000008014b9c                plan_compute_profile_nominal_speed
 .text.plan_update_velocity_profile_parameters
                0x0000000008014c38      0x108 grbl/planner.o
                0x0000000008014c38                plan_update_velocity_profile_parameters
 .text.plan_buffer_line
                0x0000000008014d40      0x5c8 grbl/planner.o
                0x0000000008014d40                plan_buffer_line
 .text.plan_sync_position
                0x0000000008015308       0x14 grbl/planner.o
                0x0000000008015308                plan_sync_position
 .text.plan_get_block_buffer_available
                0x000000000801531c       0x3c grbl/planner.o
                0x000000000801531c                plan_get_block_buffer_available
 .text.plan_cycle_reinitialize
                0x0000000008015358       0x20 grbl/planner.o
                0x0000000008015358                plan_cycle_reinitialize
 .text.plan_feed_override
                0x0000000008015378       0x58 grbl/planner.o
                0x0000000008015378                plan_feed_override
 .text.protocol_enqueue_gcode
                0x00000000080153d0       0x64 grbl/protocol.o
                0x00000000080153d0                protocol_enqueue_gcode
 .text.protocol_auto_cycle_start
                0x0000000008015434       0x20 grbl/protocol.o
                0x0000000008015434                protocol_auto_cycle_start
 .text.protocol_exec_rt_system
                0x0000000008015454      0x478 grbl/protocol.o
                0x0000000008015454                protocol_exec_rt_system
 .text.protocol_execute_realtime
                0x00000000080158cc       0xb8 grbl/protocol.o
                0x00000000080158cc                protocol_execute_realtime
 .text.protocol_main_loop
                0x0000000008015984      0x5d8 grbl/protocol.o
                0x0000000008015984                protocol_main_loop
 .text.protocol_buffer_synchronize
                0x0000000008015f5c       0x3c grbl/protocol.o
                0x0000000008015f5c                protocol_buffer_synchronize
 .text.protocol_enqueue_realtime_command
                0x0000000008015f98      0x32c grbl/protocol.o
                0x0000000008015f98                protocol_enqueue_realtime_command
 .text.protocol_enqueue_rt_command
                0x00000000080162c4       0x40 grbl/protocol.o
                0x00000000080162c4                protocol_enqueue_rt_command
 .text.protocol_execute_noop
                0x0000000008016304        0x4 grbl/protocol.o
                0x0000000008016304                protocol_execute_noop
 .text.report_feedback_message
                0x0000000008016308      0x134 grbl/report.o
                0x0000000008016308                report_feedback_message
 .text.cmp_settings
                0x000000000801643c        0xc grbl/report.o
 .text.add_limits
                0x0000000008016448       0xa4 grbl/report.o
 .text.get_rate_value_mm
                0x00000000080164ec        0xc grbl/report.o
 .text.get_rate_value_inch
                0x00000000080164f8       0x18 grbl/report.o
 .text.get_axis_values_mm
                0x0000000008016510       0xa0 grbl/report.o
 .text.get_axis_values_inches
                0x00000000080165b0       0xbc grbl/report.o
 .text.get_axis_value_mm
                0x000000000801666c       0x18 grbl/report.o
 .text.get_axis_value_inches
                0x0000000008016684       0x24 grbl/report.o
 .text.report_bitfield
                0x00000000080166a8       0xf8 grbl/report.o
 .text.report_settings_detail
                0x00000000080167a0      0x274 grbl/report.o
 .text.print_unsorted
                0x0000000008016a14       0x34 grbl/report.o
 .text.print_sorted
                0x0000000008016a48       0x24 grbl/report.o
 .text.cmp_setting_group_name
                0x0000000008016a6c        0xc grbl/report.o
 .text.print_setting
                0x0000000008016a78       0x44 grbl/report.o
 .text.print_settings_details.isra.0
                0x0000000008016abc      0x260 grbl/report.o
 .text.report_group_settings
                0x0000000008016d1c       0x74 grbl/report.o
 .text.print_setting_group
                0x0000000008016d90       0x98 grbl/report.o
 .text.appendbuf.constprop.0
                0x0000000008016e28       0x34 grbl/report.o
 .text.report_status_message
                0x0000000008016e5c       0x40 grbl/report.o
                0x0000000008016e5c                report_status_message
 .text.report_setting
                0x0000000008016e9c       0x58 grbl/report.o
 .text.appendbuf.constprop.1
                0x0000000008016ef4       0x3c grbl/report.o
 .text.cmp_setting_group_id
                0x0000000008016f30        0xc grbl/report.o
 .text.report_init
                0x0000000008016f3c       0x5c grbl/report.o
                0x0000000008016f3c                report_init
 .text.report_init_fns
                0x0000000008016f98       0x14 grbl/report.o
                0x0000000008016f98                report_init_fns
 .text.report_alarm_message
                0x0000000008016fac       0x38 grbl/report.o
                0x0000000008016fac                report_alarm_message
 .text.report_message
                0x0000000008016fe4       0x54 grbl/report.o
                0x0000000008016fe4                report_message
 .text.report_init_message
                0x0000000008017038       0x2c grbl/report.o
                0x0000000008017038                report_init_message
 .text.report_grbl_help
                0x0000000008017064       0x14 grbl/report.o
                0x0000000008017064                report_grbl_help
 .text.report_grbl_setting
                0x0000000008017078       0x28 grbl/report.o
                0x0000000008017078                report_grbl_setting
 .text.report_grbl_settings
                0x00000000080170a0      0x154 grbl/report.o
                0x00000000080170a0                report_grbl_settings
 .text.report_probe_parameters
                0x00000000080171f4       0x68 grbl/report.o
                0x00000000080171f4                report_probe_parameters
 .text.report_home_position
                0x000000000801725c       0x5c grbl/report.o
                0x000000000801725c                report_home_position
 .text.report_tool_offsets
                0x00000000080172b8       0x3c grbl/report.o
                0x00000000080172b8                report_tool_offsets
 .text.report_ngc_parameters
                0x00000000080172f4      0x1d8 grbl/report.o
                0x00000000080172f4                report_ngc_parameters
 .text.report_gcode_modes
                0x00000000080174cc      0x444 grbl/report.o
                0x00000000080174cc                report_gcode_modes
 .text.report_startup_line
                0x0000000008017910       0x40 grbl/report.o
                0x0000000008017910                report_startup_line
 .text.report_execute_startup_message
                0x0000000008017950       0x3c grbl/report.o
                0x0000000008017950                report_execute_startup_message
 .text.report_build_info
                0x000000000801798c      0x464 grbl/report.o
                0x000000000801798c                report_build_info
 .text.report_realtime_status
                0x0000000008017df0      0xab4 grbl/report.o
                0x0000000008017df0                report_realtime_status
 .text.report_settings_details
                0x00000000080188a4       0x30 grbl/report.o
                0x00000000080188a4                report_settings_details
 .text.report_alarm_details
                0x00000000080188d4       0x88 grbl/report.o
                0x00000000080188d4                report_alarm_details
 .text.report_error_details
                0x000000000801895c       0x88 grbl/report.o
                0x000000000801895c                report_error_details
 .text.report_setting_group_details
                0x00000000080189e4       0xc8 grbl/report.o
                0x00000000080189e4                report_setting_group_details
 .text.report_help
                0x0000000008018aac      0x1a4 grbl/report.o
                0x0000000008018aac                report_help
 .text.report_last_signals_event
                0x0000000008018c50       0xdc grbl/report.o
                0x0000000008018c50                report_last_signals_event
 .text.report_current_limit_state
                0x0000000008018d2c       0x48 grbl/report.o
                0x0000000008018d2c                report_current_limit_state
 .text.report_spindle_data
                0x0000000008018d74       0x9c grbl/report.o
                0x0000000008018d74                report_spindle_data
 .text.report_pid_log
                0x0000000008018e10       0xc4 grbl/report.o
                0x0000000008018e10                report_pid_log
 .text.set_probe_invert
                0x0000000008018ed4       0x34 grbl/settings.o
 .text.set_report_mask
                0x0000000008018f08       0x10 grbl/settings.o
 .text.set_control_invert
                0x0000000008018f18       0x1c grbl/settings.o
 .text.set_control_disable_pullup
                0x0000000008018f34       0x1c grbl/settings.o
 .text.set_probe_disable_pullup
                0x0000000008018f50       0x2c grbl/settings.o
 .text.set_soft_limits_enable
                0x0000000008018f7c       0x2c grbl/settings.o
 .text.set_hard_limits_enable
                0x0000000008018fa8       0x30 grbl/settings.o
 .text.set_jog_soft_limited
                0x0000000008018fd8       0x2c grbl/settings.o
 .text.set_enable_legacy_rt_commands
                0x0000000008019004       0x1c grbl/settings.o
 .text.set_mode
                0x0000000008019020       0x7c grbl/settings.o
 .text.set_sleep_enable
                0x000000000801909c       0x1c grbl/settings.o
 .text.set_hold_actions
                0x00000000080190b8       0x2c grbl/settings.o
 .text.set_force_initialization_alarm
                0x00000000080190e4       0x1c grbl/settings.o
 .text.set_probe_allow_feed_override
                0x0000000008019100       0x1c grbl/settings.o
 .text.set_tool_change_probing_distance
                0x000000000801911c       0x20 grbl/settings.o
 .text.get_int  0x000000000801913c      0x184 grbl/settings.o
 .text.set_tool_change_mode
                0x00000000080192c0       0x34 grbl/settings.o
 .text.set_homing_cycle
                0x00000000080192f4       0x18 grbl/settings.o
 .text.set_report_inches
                0x000000000801930c       0x28 grbl/settings.o
 .text.set_spindle_invert
                0x0000000008019334       0x34 grbl/settings.o
 .text.set_homing_enable
                0x0000000008019368       0x5c grbl/settings.o
 .text.settings_write_startup_line.part.0
                0x00000000080193c4       0x1c grbl/settings.o
 .text.settings_write_coord_data.part.0
                0x00000000080193e0       0x1c grbl/settings.o
 .text.is_setting_available
                0x00000000080193fc       0xb4 grbl/settings.o
 .text.get_float
                0x00000000080194b0       0xe0 grbl/settings.o
 .text.settings_write_global
                0x0000000008019590       0x34 grbl/settings.o
                0x0000000008019590                settings_write_global
 .text.set_axis_setting
                0x00000000080195c4      0x180 grbl/settings.o
 .text.settings_get_details
                0x0000000008019744       0x14 grbl/settings.o
                0x0000000008019744                settings_get_details
 .text.setting_get_value
                0x0000000008019758       0xc4 grbl/settings.o
                0x0000000008019758                setting_get_value
 .text.settings_write_build_info
                0x000000000801981c       0x28 grbl/settings.o
                0x000000000801981c                settings_write_build_info
 .text.settings_read_build_info
                0x0000000008019844       0x44 grbl/settings.o
                0x0000000008019844                settings_read_build_info
 .text.settings_write_startup_line
                0x0000000008019888       0x34 grbl/settings.o
                0x0000000008019888                settings_write_startup_line
 .text.settings_read_startup_line
                0x00000000080198bc       0x74 grbl/settings.o
                0x00000000080198bc                settings_read_startup_line
 .text.settings_write_coord_data
                0x0000000008019930       0x34 grbl/settings.o
                0x0000000008019930                settings_write_coord_data
 .text.settings_read_coord_data
                0x0000000008019964       0x7c grbl/settings.o
                0x0000000008019964                settings_read_coord_data
 .text.settings_restore
                0x00000000080199e0      0x184 grbl/settings.o
                0x00000000080199e0                settings_restore
 .text.settings_is_group_available
                0x0000000008019b64       0xd8 grbl/settings.o
                0x0000000008019b64                settings_is_group_available
 .text.settings_normalize_group
                0x0000000008019c3c        0xc grbl/settings.o
                0x0000000008019c3c                settings_normalize_group
 .text.settings_iterator
                0x0000000008019c48      0x27c grbl/settings.o
                0x0000000008019c48                settings_iterator
 .text.setting_get_details
                0x0000000008019ec4       0xf4 grbl/settings.o
                0x0000000008019ec4                setting_get_details
 .text.setting_datatype_to_external
                0x0000000008019fb8        0xc grbl/settings.o
                0x0000000008019fb8                setting_datatype_to_external
 .text.setting_is_list
                0x0000000008019fc4       0x10 grbl/settings.o
                0x0000000008019fc4                setting_is_list
 .text.setting_validate_me
                0x0000000008019fd4      0x1a0 grbl/settings.o
                0x0000000008019fd4                setting_validate_me
 .text.settings_store_setting
                0x000000000801a174      0x168 grbl/settings.o
                0x000000000801a174                settings_store_setting
 .text.settings_init
                0x000000000801a2dc      0x2ac grbl/settings.o
                0x000000000801a2dc                settings_init
 .text.fall_asleep
                0x000000000801a588        0xc grbl/sleep.o
 .text.sleep_execute
                0x000000000801a594       0x74 grbl/sleep.o
 .text.sleep_check
                0x000000000801a608       0x4c grbl/sleep.o
                0x000000000801a608                sleep_check
 .text.spindle_set_state
                0x000000000801a654       0xec grbl/spindle_control.o
                0x000000000801a654                spindle_set_state
 .text.spindle_set_override
                0x000000000801a740       0x54 grbl/spindle_control.o
                0x000000000801a740                spindle_set_override
 .text.spindle_sync
                0x000000000801a794       0xc4 grbl/spindle_control.o
                0x000000000801a794                spindle_sync
 .text.spindle_restore
                0x000000000801a858       0xa8 grbl/spindle_control.o
                0x000000000801a858                spindle_restore
 .text.spindle_set_rpm
                0x000000000801a900       0x7c grbl/spindle_control.o
                0x000000000801a900                spindle_set_rpm
 .text.spindle_precompute_pwm_values
                0x000000000801a97c       0xf0 grbl/spindle_control.o
                0x000000000801a97c                spindle_precompute_pwm_values
 .text.spindle_compute_pwm_value
                0x000000000801aa6c       0x7c grbl/spindle_control.o
                0x000000000801aa6c                spindle_compute_pwm_value
 .text.state_noop
                0x000000000801aae8        0x4 grbl/state_machine.o
 .text.state_await_hold.part.0
                0x000000000801aaec      0x180 grbl/state_machine.o
 .text.state_await_hold
                0x000000000801ac6c        0xc grbl/state_machine.o
 .text.state_await_waypoint_retract
                0x000000000801ac78       0xf4 grbl/state_machine.o
 .text.state_restore
                0x000000000801ad6c      0x134 grbl/state_machine.o
 .text.state_await_waypoint_cancel
                0x000000000801aea0       0x7c grbl/state_machine.o
 .text.state_await_toolchanged
                0x000000000801af1c      0x128 grbl/state_machine.o
 .text.initiate_hold
                0x000000000801b044      0x108 grbl/state_machine.o
                0x000000000801b044                initiate_hold
 .text.state_await_motion_cancel
                0x000000000801b14c      0x290 grbl/state_machine.o
 .text.state_door_reopened
                0x000000000801b3dc       0x1c grbl/state_machine.o
                0x000000000801b3dc                state_door_reopened
 .text.state_get
                0x000000000801b3f8        0xc grbl/state_machine.o
                0x000000000801b3f8                state_get
 .text.state_set
                0x000000000801b404      0x1e0 grbl/state_machine.o
                0x000000000801b404                state_set
 .text.state_idle
                0x000000000801b5e4       0xcc grbl/state_machine.o
 .text.state_await_resume
                0x000000000801b6b0      0x224 grbl/state_machine.o
 .text.state_await_restore
                0x000000000801b8d4       0xd0 grbl/state_machine.o
 .text.state_await_resumed
                0x000000000801b9a4       0xac grbl/state_machine.o
 .text.state_update
                0x000000000801ba50       0x20 grbl/state_machine.o
                0x000000000801ba50                state_update
 .text.state_cycle
                0x000000000801ba70       0x78 grbl/state_machine.o
 .text.state_suspend_manager
                0x000000000801bae8       0xbc grbl/state_machine.o
                0x000000000801bae8                state_suspend_manager
 .text.output_message
                0x000000000801bba4       0x20 grbl/stepper.o
 .text.st_deenergize
                0x000000000801bbc4       0x28 grbl/stepper.o
                0x000000000801bbc4                st_deenergize
 .text.st_wake_up
                0x000000000801bbec       0x18 grbl/stepper.o
                0x000000000801bbec                st_wake_up
 .text.st_go_idle
                0x000000000801bc04       0x68 grbl/stepper.o
                0x000000000801bc04                st_go_idle
 .text.stepper_driver_interrupt_handler
                0x000000000801bc6c      0x28c grbl/stepper.o
                0x000000000801bc6c                stepper_driver_interrupt_handler
 .text.st_reset
                0x000000000801bef8      0x1bc grbl/stepper.o
                0x000000000801bef8                st_reset
 .text.st_rpm_changed
                0x000000000801c0b4        0xc grbl/stepper.o
                0x000000000801c0b4                st_rpm_changed
 .text.st_update_plan_block_parameters
                0x000000000801c0c0       0x34 grbl/stepper.o
                0x000000000801c0c0                st_update_plan_block_parameters
 .text.st_parking_setup_buffer
                0x000000000801c0f4       0x68 grbl/stepper.o
                0x000000000801c0f4                st_parking_setup_buffer
 .text.st_parking_restore_buffer
                0x000000000801c15c       0x74 grbl/stepper.o
                0x000000000801c15c                st_parking_restore_buffer
 .text.st_prep_buffer
                0x000000000801c1d0      0x768 grbl/stepper.o
                0x000000000801c1d0                st_prep_buffer
 .text.st_get_realtime_rate
                0x000000000801c938       0x20 grbl/stepper.o
                0x000000000801c938                st_get_realtime_rate
 .text.stream_get_null
                0x000000000801c958        0x8 grbl/stream.o
 .text.stream_rx_suspend
                0x000000000801c960       0x38 grbl/stream.o
                0x000000000801c960                stream_rx_suspend
 .text.stream_rx_backup
                0x000000000801c998       0x20 grbl/stream.o
                0x000000000801c998                stream_rx_backup
 .text.spindle_reset_data
                0x000000000801c9b8       0x1c grbl/system.o
                0x000000000801c9b8                spindle_reset_data
 .text.toggle_single_block
                0x000000000801c9d4       0x2c grbl/system.o
 .text.toggle_block_delete
                0x000000000801ca00       0x30 grbl/system.o
 .text.toggle_optional_stop
                0x000000000801ca30       0x30 grbl/system.o
 .text.enumerate_alarms
                0x000000000801ca60        0x4 grbl/system.o
 .text.enumerate_errors
                0x000000000801ca64        0x4 grbl/system.o
 .text.enumerate_groups
                0x000000000801ca68        0x8 grbl/system.o
 .text.enumerate_all
                0x000000000801ca70       0x24 grbl/system.o
 .text.enumerate_settings
                0x000000000801ca94        0xc grbl/system.o
 .text.jog      0x000000000801caa0       0x2c grbl/system.o
 .text.output_startup_lines
                0x000000000801cacc       0x5c grbl/system.o
 .text.settings_reset
                0x000000000801cb28       0x64 grbl/system.o
 .text.output_all_build_info
                0x000000000801cb8c       0x1c grbl/system.o
 .text.tool_probe_workpiece
                0x000000000801cba8        0x4 grbl/system.o
 .text.set_tool_reference
                0x000000000801cbac       0x50 grbl/system.o
 .text.output_help
                0x000000000801cbfc        0x8 grbl/system.o
 .text.output_ngc_parameters
                0x000000000801cc04        0xc grbl/system.o
 .text.output_parser_state
                0x000000000801cc10       0x1c grbl/system.o
 .text.enter_sleep
                0x000000000801cc2c       0x34 grbl/system.o
 .text.set_startup_line0
                0x000000000801cc60       0x4c grbl/system.o
 .text.build_info
                0x000000000801ccac       0x48 grbl/system.o
 .text.check_mode
                0x000000000801ccf4       0x34 grbl/system.o
 .text.disable_lock
                0x000000000801cd28       0x98 grbl/system.o
 .text.home_y   0x000000000801cdc0      0x124 grbl/system.o
 .text.set_startup_line1
                0x000000000801cee4       0x4c grbl/system.o
 .text.output_all_settings
                0x000000000801cf30       0x84 grbl/system.o
 .text.output_settings
                0x000000000801cfb4       0x84 grbl/system.o
 .text.home_z   0x000000000801d038      0x124 grbl/system.o
 .text.home     0x000000000801d15c      0x120 grbl/system.o
 .text.home_x   0x000000000801d27c      0x124 grbl/system.o
 .text.control_interrupt_handler
                0x000000000801d3a0       0xb4 grbl/system.o
                0x000000000801d3a0                control_interrupt_handler
 .text.system_execute_startup
                0x000000000801d454       0x54 grbl/system.o
                0x000000000801d454                system_execute_startup
 .text.system_execute_line
                0x000000000801d4a8      0x248 grbl/system.o
                0x000000000801d4a8                system_execute_line
 .text.system_flag_wco_change
                0x000000000801d6f0       0x2c grbl/system.o
                0x000000000801d6f0                system_flag_wco_change
 .text.system_convert_array_steps_to_mpos
                0x000000000801d71c       0x44 grbl/system.o
                0x000000000801d71c                system_convert_array_steps_to_mpos
 .text.system_check_travel_limits
                0x000000000801d760      0x150 grbl/system.o
                0x000000000801d760                system_check_travel_limits
 .text.system_apply_jog_limits
                0x000000000801d8b0      0x23c grbl/system.o
                0x000000000801d8b0                system_apply_jog_limits
 .text.system_raise_alarm
                0x000000000801daec       0x34 grbl/system.o
                0x000000000801daec                system_raise_alarm
 .text.change_completed
                0x000000000801db20       0x68 grbl/tool_change.o
 .text.reset    0x000000000801db88       0x68 grbl/tool_change.o
 .text.trap_control_cycle_start
                0x000000000801dbf0       0x70 grbl/tool_change.o
 .text.trap_stream_cycle_start
                0x000000000801dc60       0x84 grbl/tool_change.o
 .text.execute_warning
                0x000000000801dce4        0xc grbl/tool_change.o
 .text.restore  0x000000000801dcf0       0xfc grbl/tool_change.o
 .text.execute_probe
                0x000000000801ddec      0x180 grbl/tool_change.o
 .text.tool_select
                0x000000000801df6c       0x28 grbl/tool_change.o
 .text.tool_change
                0x000000000801df94      0x214 grbl/tool_change.o
 .text.on_probe_completed
                0x000000000801e1a8       0x40 grbl/tool_change.o
 .text.execute_restore
                0x000000000801e1e8       0x3c grbl/tool_change.o
 .text.tc_init  0x000000000801e224       0x80 grbl/tool_change.o
                0x000000000801e224                tc_init
 .text.tc_clear_tlo_reference
                0x000000000801e2a4       0x60 grbl/tool_change.o
                0x000000000801e2a4                tc_clear_tlo_reference
 .text.tc_probe_workpiece
                0x000000000801e304      0x14c grbl/tool_change.o
                0x000000000801e304                tc_probe_workpiece
 .text.keypad_settings_save
                0x000000000801e450       0x28 keypad/keypad.o
 .text.keypad_settings_restore
                0x000000000801e478       0x4c keypad/keypad.o
 .text.onReportSettings
                0x000000000801e4c4        0x8 keypad/keypad.o
 .text.keypad_enqueue_keycode
                0x000000000801e4cc       0x3c keypad/keypad.o
                0x000000000801e4cc                keypad_enqueue_keycode
 .text.keypad_settings_load
                0x000000000801e508       0x68 keypad/keypad.o
 .text.onReportOptions
                0x000000000801e570       0x28 keypad/keypad.o
 .text.keypad_process_keypress
                0x000000000801e598      0x3e8 keypad/keypad.o
 .text.keypad_init
                0x000000000801e980       0x5c keypad/keypad.o
                0x000000000801e980                keypad_init
 .text.keypad_keyclick_handler
                0x000000000801e9dc       0x48 keypad/keypad.o
                0x000000000801e9dc                keypad_keyclick_handler
 .text.__assert_func
                0x000000000801ea24       0x3c c:/program files (x86)/stmicroelectronics/stm32cubeide_1.3.0/stm32cubeide/plugins/com.st.stm32cube.ide.mcu.externaltools.gnu-tools-for-stm32.9-2020-q2-update.win32_1.5.0.202011040924/tools/bin/../lib/gcc/arm-none-eabi/9.3.1/../../../../arm-none-eabi/lib/thumb/v7e-m+fp/hard\libc_nano.a(lib_a-assert.o)
                0x000000000801ea24                __assert_func
 .text.calloc   0x000000000801ea60       0x10 c:/program files (x86)/stmicroelectronics/stm32cubeide_1.3.0/stm32cubeide/plugins/com.st.stm32cube.ide.mcu.externaltools.gnu-tools-for-stm32.9-2020-q2-update.win32_1.5.0.202011040924/tools/bin/../lib/gcc/arm-none-eabi/9.3.1/../../../../arm-none-eabi/lib/thumb/v7e-m+fp/hard\libc_nano.a(lib_a-calloc.o)
                0x000000000801ea60                calloc
 .text.__errno  0x000000000801ea70        0xc c:/program files (x86)/stmicroelectronics/stm32cubeide_1.3.0/stm32cubeide/plugins/com.st.stm32cube.ide.mcu.externaltools.gnu-tools-for-stm32.9-2020-q2-update.win32_1.5.0.202011040924/tools/bin/../lib/gcc/arm-none-eabi/9.3.1/../../../../arm-none-eabi/lib/thumb/v7e-m+fp/hard\libc_nano.a(lib_a-errno.o)
                0x000000000801ea70                __errno
 .text.fprintf  0x000000000801ea7c       0x24 c:/program files (x86)/stmicroelectronics/stm32cubeide_1.3.0/stm32cubeide/plugins/com.st.stm32cube.ide.mcu.externaltools.gnu-tools-for-stm32.9-2020-q2-update.win32_1.5.0.202011040924/tools/bin/../lib/gcc/arm-none-eabi/9.3.1/../../../../arm-none-eabi/lib/thumb/v7e-m+fp/hard\libc_nano.a(lib_a-fprintf.o)
                0x000000000801ea7c                fiprintf
                0x000000000801ea7c                fprintf
 .text.__libc_init_array
                0x000000000801eaa0       0x48 c:/program files (x86)/stmicroelectronics/stm32cubeide_1.3.0/stm32cubeide/plugins/com.st.stm32cube.ide.mcu.externaltools.gnu-tools-for-stm32.9-2020-q2-update.win32_1.5.0.202011040924/tools/bin/../lib/gcc/arm-none-eabi/9.3.1/../../../../arm-none-eabi/lib/thumb/v7e-m+fp/hard\libc_nano.a(lib_a-init.o)
                0x000000000801eaa0                __libc_init_array
 .text.malloc   0x000000000801eae8       0x10 c:/program files (x86)/stmicroelectronics/stm32cubeide_1.3.0/stm32cubeide/plugins/com.st.stm32cube.ide.mcu.externaltools.gnu-tools-for-stm32.9-2020-q2-update.win32_1.5.0.202011040924/tools/bin/../lib/gcc/arm-none-eabi/9.3.1/../../../../arm-none-eabi/lib/thumb/v7e-m+fp/hard\libc_nano.a(lib_a-malloc.o)
                0x000000000801eae8                malloc